     migration/3-23    [003]  1428.566734: sched_switch:          prev_comm=migration/3 prev_pid=23 prev_prio=0 prev_state=1 next_comm=swapper/3 next_pid=0 next_prio=120
          <idle>-0     [002]  1428.567022: sched_switch:          prev_comm=swapper/2 prev_pid=0 prev_prio=120 prev_state=0 next_comm=sh next_pid=3405 next_prio=120
          <idle>-0     [003]  1428.568546: sched_switch:          prev_comm=swapper/3 prev_pid=0 prev_prio=120 prev_state=0 next_comm=rcu_preempt next_pid=7 next_prio=120
     rcu_preempt-7     [003]  1428.568608: sched_switch:          prev_comm=rcu_preempt prev_pid=7 prev_prio=120 prev_state=1 next_comm=swapper/3 next_pid=0 next_prio=120
          <idle>-0     [003]  1428.572962: sched_switch:          prev_comm=swapper/3 prev_pid=0 prev_prio=120 prev_state=0 next_comm=rcu_preempt next_pid=7 next_prio=120
     rcu_preempt-7     [003]  1428.573041: sched_switch:          prev_comm=rcu_preempt prev_pid=7 prev_prio=120 prev_state=1 next_comm=swapper/3 next_pid=0 next_prio=120
          <idle>-0     [003]  1428.576592: sched_switch:          prev_comm=swapper/3 prev_pid=0 prev_prio=120 prev_state=0 next_comm=rcu_preempt next_pid=7 next_prio=120
     rcu_preempt-7     [003]  1428.576683: sched_switch:          prev_comm=rcu_preempt prev_pid=7 prev_prio=120 prev_state=1 next_comm=swapper/3 next_pid=0 next_prio=120
          <idle>-0     [000]  1428.576897: sched_switch:          prev_comm=swapper/0 prev_pid=0 prev_prio=120 prev_state=0 next_comm=kschedfreq:0 next_pid=1197 next_prio=49
    kschedfreq:0-1197  [000]  1428.576941: sched_switch:          prev_comm=kschedfreq:0 prev_pid=1197 prev_prio=49 prev_state=2 next_comm=wpa_supplicant next_pid=2437 next_prio=120
  wpa_supplicant-2437  [000]  1428.577158: sched_switch:          prev_comm=wpa_supplicant prev_pid=2437 prev_prio=120 prev_state=1 next_comm=swapper/0 next_pid=0 next_prio=120
          <idle>-0     [000]  1428.580594: sched_switch:          prev_comm=swapper/0 prev_pid=0 prev_prio=120 prev_state=0 next_comm=kschedfreq:0 next_pid=1197 next_prio=49
    kschedfreq:0-1197  [000]  1428.580671: sched_switch:          prev_comm=kschedfreq:0 prev_pid=1197 prev_prio=49 prev_state=2 next_comm=swapper/0 next_pid=0 next_prio=120
          <idle>-0     [003]  1428.580926: sched_switch:          prev_comm=swapper/3 prev_pid=0 prev_prio=120 prev_state=0 next_comm=rcu_preempt next_pid=7 next_prio=120
     rcu_preempt-7     [003]  1428.580987: sched_switch:          prev_comm=rcu_preempt prev_pid=7 prev_prio=120 prev_state=1 next_comm=swapper/3 next_pid=0 next_prio=120
         shutils-3405  [002]  1428.583276: sched_switch:          prev_comm=shutils prev_pid=3405 prev_prio=120 prev_state=1 next_comm=swapper/2 next_pid=0 next_prio=120
          <idle>-0     [003]  1428.583304: sched_switch:          prev_comm=swapper/3 prev_pid=0 prev_prio=120 prev_state=0 next_comm=shutils next_pid=3406 next_prio=120
          <idle>-0     [002]  1428.584621: sched_switch:          prev_comm=swapper/2 prev_pid=0 prev_prio=120 prev_state=0 next_comm=rcu_preempt next_pid=7 next_prio=120
     rcu_preempt-7     [002]  1428.584673: sched_switch:          prev_comm=rcu_preempt prev_pid=7 prev_prio=120 prev_state=1 next_comm=swapper/2 next_pid=0 next_prio=120
          <idle>-0     [000]  1428.584797: sched_switch:          prev_comm=swapper/0 prev_pid=0 prev_prio=120 prev_state=0 next_comm=kschedfreq:0 next_pid=1197 next_prio=49
    kschedfreq:0-1197  [000]  1428.584837: sched_switch:          prev_comm=kschedfreq:0 prev_pid=1197 prev_prio=49 prev_state=2 next_comm=swapper/0 next_pid=0 next_prio=120
         busybox-3406  [003]  1428.585110: sched_switch:          prev_comm=shutils prev_pid=3406 prev_prio=120 prev_state=2048 next_comm=migration/3 next_pid=23 next_prio=0
     migration/3-23    [003]  1428.585173: sched_switch:          prev_comm=migration/3 prev_pid=23 prev_prio=0 prev_state=1 next_comm=swapper/3 next_pid=0 next_prio=120
          <idle>-0     [001]  1428.585431: sched_switch:          prev_comm=swapper/1 prev_pid=0 prev_prio=120 prev_state=0 next_comm=shutils next_pid=3406 next_prio=120
          <idle>-0     [003]  1428.587493: sched_switch:          prev_comm=swapper/3 prev_pid=0 prev_prio=120 prev_state=0 next_comm=shutils next_pid=3405 next_prio=120
         shutils-3405  [003]  1428.587581: sched_switch:          prev_comm=shutils prev_pid=3405 prev_prio=120 prev_state=1 next_comm=swapper/3 next_pid=0 next_prio=120
          <idle>-0     [003]  1428.587593: sched_switch:          prev_comm=swapper/3 prev_pid=0 prev_prio=120 prev_state=0 next_comm=shutils next_pid=3405 next_prio=120
         shutils-3405  [003]  1428.587609: sched_switch:          prev_comm=shutils prev_pid=3405 prev_prio=120 prev_state=1 next_comm=swapper/3 next_pid=0 next_prio=120
          <idle>-0     [003]  1428.587671: sched_switch:          prev_comm=swapper/3 prev_pid=0 prev_prio=120 prev_state=0 next_comm=shutils next_pid=3405 next_prio=120
         shutils-3405  [003]  1428.587685: sched_switch:          prev_comm=shutils prev_pid=3405 prev_prio=120 prev_state=1 next_comm=swapper/3 next_pid=0 next_prio=120
          <idle>-0     [003]  1428.587751: sched_switch:          prev_comm=swapper/3 prev_pid=0 prev_prio=120 prev_state=0 next_comm=shutils next_pid=3405 next_prio=120
         shutils-3405  [003]  1428.587763: sched_switch:          prev_comm=shutils prev_pid=3405 prev_prio=120 prev_state=1 next_comm=swapper/3 next_pid=0 next_prio=120
          <idle>-0     [003]  1428.587836: sched_switch:          prev_comm=swapper/3 prev_pid=0 prev_prio=120 prev_state=0 next_comm=shutils next_pid=3405 next_prio=120
         shutils-3405  [003]  1428.587849: sched_switch:          prev_comm=shutils prev_pid=3405 prev_prio=120 prev_state=1 next_comm=swapper/3 next_pid=0 next_prio=120
          <idle>-0     [000]  1428.587877: sched_switch:          prev_comm=swapper/0 prev_pid=0 prev_prio=120 prev_state=0 next_comm=kschedfreq:0 next_pid=1197 next_prio=49
    kschedfreq:0-1197  [000]  1428.587899: sched_switch:          prev_comm=kschedfreq:0 prev_pid=1197 prev_prio=49 prev_state=1 next_comm=swapper/0 next_pid=0 next_prio=120
          <idle>-0     [003]  1428.587914: sched_switch:          prev_comm=swapper/3 prev_pid=0 prev_prio=120 prev_state=0 next_comm=shutils next_pid=3405 next_prio=120
         shutils-3405  [003]  1428.587926: sched_switch:          prev_comm=shutils prev_pid=3405 prev_prio=120 prev_state=1 next_comm=swapper/3 next_pid=0 next_prio=120
          <idle>-0     [003]  1428.587992: sched_switch:          prev_comm=swapper/3 prev_pid=0 prev_prio=120 prev_state=0 next_comm=shutils next_pid=3405 next_prio=120
         shutils-3405  [003]  1428.588005: sched_switch:          prev_comm=shutils prev_pid=3405 prev_prio=120 prev_state=1 next_comm=swapper/3 next_pid=0 next_prio=120
          <idle>-0     [003]  1428.588069: sched_switch:          prev_comm=swapper/3 prev_pid=0 prev_prio=120 prev_state=0 next_comm=shutils next_pid=3405 next_prio=120
         shutils-3405  [003]  1428.588081: sched_switch:          prev_comm=shutils prev_pid=3405 prev_prio=120 prev_state=1 next_comm=swapper/3 next_pid=0 next_prio=120
          <idle>-0     [003]  1428.588300: sched_switch:          prev_comm=swapper/3 prev_pid=0 prev_prio=120 prev_state=0 next_comm=shutils next_pid=3405 next_prio=120
         busybox-3406  [001]  1428.588363: sched_switch:          prev_comm=busybox prev_pid=3406 prev_prio=120 prev_state=64 next_comm=swapper/1 next_pid=0 next_prio=120
          <idle>-0     [000]  1428.588563: sched_switch:          prev_comm=swapper/0 prev_pid=0 prev_prio=120 prev_state=0 next_comm=kschedfreq:0 next_pid=1197 next_prio=49
    kschedfreq:0-1197  [000]  1428.588648: cpu_frequency:         state=533000 cpu_id=0
    kschedfreq:0-1197  [000]  1428.588659: cpu_frequency:         state=533000 cpu_id=1
    kschedfreq:0-1197  [000]  1428.588661: cpu_frequency:         state=533000 cpu_id=2
    kschedfreq:0-1197  [000]  1428.588664: cpu_frequency:         state=533000 cpu_id=3
    kschedfreq:0-1197  [000]  1428.588676: sched_switch:          prev_comm=kschedfreq:0 prev_pid=1197 prev_prio=49 prev_state=1 next_comm=swapper/0 next_pid=0 next_prio=120
          <idle>-0     [002]  1428.588851: sched_switch:          prev_comm=swapper/2 prev_pid=0 prev_prio=120 prev_state=0 next_comm=rcu_preempt next_pid=7 next_prio=120
     rcu_preempt-7     [002]  1428.588897: sched_switch:          prev_comm=rcu_preempt prev_pid=7 prev_prio=120 prev_state=1 next_comm=swapper/2 next_pid=0 next_prio=120
         shutils-3405  [003]  1428.588983: print:                 ip=0xffffff8008181568 buf=0
         shutils-3405  [003]  1428.589120: print:                 ip=0xffffff8008181568 buf=0
         shutils-3405  [003]  1428.589188: print:                 ip=0xffffff8008181568 buf=0
         shutils-3405  [003]  1428.589254: print:                 ip=0xffffff8008181568 buf=0
         shutils-3405  [003]  1428.589318: print:                 ip=0xffffff8008181568 buf=0
         shutils-3405  [003]  1428.589383: print:                 ip=0xffffff8008181568 buf=0
         shutils-3405  [003]  1428.589447: print:                 ip=0xffffff8008181568 buf=0
         shutils-3405  [003]  1428.589512: print:                 ip=0xffffff8008181568 buf=0
         shutils-3405  [003]  1428.591103: sched_switch:          prev_comm=shutils prev_pid=3405 prev_prio=120 prev_state=64 next_comm=swapper/3 next_pid=0 next_prio=120
          <idle>-0     [000]  1428.591363: sched_switch:          prev_comm=swapper/0 prev_pid=0 prev_prio=120 prev_state=0 next_comm=kschedfreq:0 next_pid=1197 next_prio=49
    kschedfreq:0-1197  [000]  1428.591457: cpu_frequency:         state=999000 cpu_id=0
    kschedfreq:0-1197  [000]  1428.591466: cpu_frequency:         state=999000 cpu_id=1
    kschedfreq:0-1197  [000]  1428.591468: cpu_frequency:         state=999000 cpu_id=2
    kschedfreq:0-1197  [000]  1428.591470: cpu_frequency:         state=999000 cpu_id=3
    kschedfreq:0-1197  [000]  1428.591489: sched_switch:          prev_comm=kschedfreq:0 prev_pid=1197 prev_prio=49 prev_state=1 next_comm=sh next_pid=3404 next_prio=120
              sh-3404  [000]  1428.592551: sched_switch:          prev_comm=sh prev_pid=3404 prev_prio=120 prev_state=2048 next_comm=kschedfreq:0 next_pid=1197 next_prio=49
    kschedfreq:0-1197  [000]  1428.592570: sched_switch:          prev_comm=kschedfreq:0 prev_pid=1197 prev_prio=49 prev_state=2 next_comm=sh next_pid=3404 next_prio=120
          <idle>-0     [002]  1428.592828: sched_switch:          prev_comm=swapper/2 prev_pid=0 prev_prio=120 prev_state=0 next_comm=rcu_preempt next_pid=7 next_prio=120
     rcu_preempt-7     [002]  1428.592886: sched_switch:          prev_comm=rcu_preempt prev_pid=7 prev_prio=120 prev_state=1 next_comm=swapper/2 next_pid=0 next_prio=120
              sh-3404  [000]  1428.593058: sched_switch:          prev_comm=sh prev_pid=3404 prev_prio=120 prev_state=2048 next_comm=kschedfreq:0 next_pid=1197 next_prio=49
          <idle>-0     [003]  1428.593059: sched_switch:          prev_comm=swapper/3 prev_pid=0 prev_prio=120 prev_state=0 next_comm=sh next_pid=3401 next_prio=120
    kschedfreq:0-1197  [000]  1428.593071: sched_switch:          prev_comm=kschedfreq:0 prev_pid=1197 prev_prio=49 prev_state=2 next_comm=sh next_pid=3404 next_prio=120
              sh-3404  [000]  1428.593083: sched_switch:          prev_comm=sh prev_pid=3404 prev_prio=120 prev_state=64 next_comm=swapper/0 next_pid=0 next_prio=120
              sh-3401  [003]  1428.593500: sched_switch:          prev_comm=sh prev_pid=3401 prev_prio=120 prev_state=2048 next_comm=shell srvc 3401 next_pid=3402 next_prio=120
           shell-3402  [003]  1428.593635: sched_switch:          prev_comm=shell srvc 3401 prev_pid=3402 prev_prio=120 prev_state=1 next_comm=adbd next_pid=2051 next_prio=120
            adbd-2051  [003]  1428.593943: sched_switch:          prev_comm=adbd prev_pid=2051 prev_prio=120 prev_state=1 next_comm=->transport next_pid=3031 next_prio=120
     ->transport-3031  [003]  1428.594030: sched_switch:          prev_comm=->transport prev_pid=3031 prev_prio=120 prev_state=1 next_comm=sh next_pid=3401 next_prio=120
          <idle>-0     [000]  1428.594116: sched_switch:          prev_comm=swapper/0 prev_pid=0 prev_prio=120 prev_state=0 next_comm=->transport next_pid=3031 next_prio=120
     ->transport-3031  [000]  1428.594153: sched_switch:          prev_comm=->transport prev_pid=3031 prev_prio=120 prev_state=1 next_comm=swapper/0 next_pid=0 next_prio=120
              sh-3401  [003]  1428.594291: sched_switch:          prev_comm=sh prev_pid=3401 prev_prio=120 prev_state=2048 next_comm=shell srvc 3401 next_pid=3402 next_prio=120
           shell-3402  [003]  1428.594364: sched_switch:          prev_comm=shell srvc 3401 prev_pid=3402 prev_prio=120 prev_state=1 next_comm=sh next_pid=3401 next_prio=120
              sh-3401  [003]  1428.594417: sched_switch:          prev_comm=sh prev_pid=3401 prev_prio=120 prev_state=2048 next_comm=shell srvc 3401 next_pid=3402 next_prio=120
           shell-3402  [003]  1428.594464: sched_switch:          prev_comm=shell srvc 3401 prev_pid=3402 prev_prio=120 prev_state=1 next_comm=sh next_pid=3401 next_prio=120
              sh-3401  [003]  1428.595514: sched_switch:          prev_comm=sh prev_pid=3401 prev_prio=120 prev_state=2048 next_comm=shell srvc 3401 next_pid=3402 next_prio=120
           shell-3402  [003]  1428.595961: sched_switch:          prev_comm=shell srvc 3401 prev_pid=3402 prev_prio=120 prev_state=64 next_comm=adbd next_pid=2051 next_prio=120
            adbd-2051  [003]  1428.596228: sched_switch:          prev_comm=adbd prev_pid=2051 prev_prio=120 prev_state=1 next_comm=sh next_pid=3401 next_prio=120
              sh-3401  [003]  1428.596253: sched_switch:          prev_comm=sh prev_pid=3401 prev_prio=120 prev_state=64 next_comm=swapper/3 next_pid=0 next_prio=120
          <idle>-0     [000]  1428.596565: sched_switch:          prev_comm=swapper/0 prev_pid=0 prev_prio=120 prev_state=0 next_comm=kschedfreq:0 next_pid=1197 next_prio=49
    kschedfreq:0-1197  [000]  1428.596598: sched_switch:          prev_comm=kschedfreq:0 prev_pid=1197 prev_prio=49 prev_state=2 next_comm=swapper/0 next_pid=0 next_prio=120
          <idle>-0     [002]  1428.597111: sched_switch:          prev_comm=swapper/2 prev_pid=0 prev_prio=120 prev_state=0 next_comm=rcu_preempt next_pid=7 next_prio=120
          <idle>-0     [000]  1428.597154: sched_switch:          prev_comm=swapper/0 prev_pid=0 prev_prio=120 prev_state=0 next_comm=->transport next_pid=3031 next_prio=120
     rcu_preempt-7     [002]  1428.597155: sched_switch:          prev_comm=rcu_preempt prev_pid=7 prev_prio=120 prev_state=1 next_comm=swapper/2 next_pid=0 next_prio=120
     ->transport-3031  [000]  1428.597243: sched_switch:          prev_comm=->transport prev_pid=3031 prev_prio=120 prev_state=1 next_comm=swapper/0 next_pid=0 next_prio=120
          <idle>-0     [003]  1428.598951: sched_switch:          prev_comm=swapper/3 prev_pid=0 prev_prio=120 prev_state=0 next_comm=<-transport next_pid=3032 next_prio=120
          <idle>-0     [000]  1428.598962: sched_switch:          prev_comm=swapper/0 prev_pid=0 prev_prio=120 prev_state=0 next_comm=kschedfreq:0 next_pid=1197 next_prio=49
    kschedfreq:0-1197  [000]  1428.598971: sched_switch:          prev_comm=kschedfreq:0 prev_pid=1197 prev_prio=49 prev_state=2 next_comm=ksoftirqd/0 next_pid=3 next_prio=120
     ksoftirqd/0-3     [000]  1428.599026: sched_switch:          prev_comm=ksoftirqd/0 prev_pid=3 prev_prio=120 prev_state=1 next_comm=adbd next_pid=2051 next_prio=120
     <-transport-3032  [003]  1428.599032: sched_switch:          prev_comm=<-transport prev_pid=3032 prev_prio=120 prev_state=1 next_comm=swapper/3 next_pid=0 next_prio=120
            adbd-2051  [000]  1428.599144: sched_switch:          prev_comm=adbd prev_pid=2051 prev_prio=120 prev_state=1 next_comm=swapper/0 next_pid=0 next_prio=120
          <idle>-0     [001]  1428.599262: sched_switch:          prev_comm=swapper/1 prev_pid=0 prev_prio=120 prev_state=0 next_comm=->transport next_pid=3031 next_prio=120
     ->transport-3031  [001]  1428.599299: sched_switch:          prev_comm=->transport prev_pid=3031 prev_prio=120 prev_state=1 next_comm=swapper/1 next_pid=0 next_prio=120
          <idle>-0     [001]  1428.600429: sched_switch:          prev_comm=swapper/1 prev_pid=0 prev_prio=120 prev_state=0 next_comm=->transport next_pid=3031 next_prio=120
     ->transport-3031  [001]  1428.600461: sched_switch:          prev_comm=->transport prev_pid=3031 prev_prio=120 prev_state=1 next_comm=swapper/1 next_pid=0 next_prio=120
          <idle>-0     [000]  1428.600483: sched_switch:          prev_comm=swapper/0 prev_pid=0 prev_prio=120 prev_state=0 next_comm=kschedfreq:0 next_pid=1197 next_prio=49
    kschedfreq:0-1197  [000]  1428.600496: sched_switch:          prev_comm=kschedfreq:0 prev_pid=1197 prev_prio=49 prev_state=2 next_comm=swapper/0 next_pid=0 next_prio=120
          <idle>-0     [002]  1428.600747: sched_switch:          prev_comm=swapper/2 prev_pid=0 prev_prio=120 prev_state=0 next_comm=rcu_preempt next_pid=7 next_prio=120
     rcu_preempt-7     [002]  1428.600772: sched_switch:          prev_comm=rcu_preempt prev_pid=7 prev_prio=120 prev_state=1 next_comm=swapper/2 next_pid=0 next_prio=120
          <idle>-0     [000]  1428.603657: sched_switch:          prev_comm=swapper/0 prev_pid=0 prev_prio=120 prev_state=0 next_comm=kschedfreq:0 next_pid=1197 next_prio=49
          <idle>-0     [003]  1428.603660: sched_switch:          prev_comm=swapper/3 prev_pid=0 prev_prio=120 prev_state=0 next_comm=<-transport next_pid=3032 next_prio=120
    kschedfreq:0-1197  [000]  1428.603668: sched_switch:          prev_comm=kschedfreq:0 prev_pid=1197 prev_prio=49 prev_state=2 next_comm=swapper/0 next_pid=0 next_prio=120
          <idle>-0     [001]  1428.603675: sched_switch:          prev_comm=swapper/1 prev_pid=0 prev_prio=120 prev_state=0 next_comm=->transport next_pid=3031 next_prio=120
          <idle>-0     [000]  1428.603685: sched_switch:          prev_comm=swapper/0 prev_pid=0 prev_prio=120 prev_state=0 next_comm=adbd next_pid=2051 next_prio=120
     <-transport-3032  [003]  1428.603728: sched_switch:          prev_comm=<-transport prev_pid=3032 prev_prio=120 prev_state=1 next_comm=swapper/3 next_pid=0 next_prio=120
     ->transport-3031  [001]  1428.603733: sched_switch:          prev_comm=->transport prev_pid=3031 prev_prio=120 prev_state=1 next_comm=swapper/1 next_pid=0 next_prio=120
            adbd-2051  [000]  1428.603761: sched_switch:          prev_comm=adbd prev_pid=2051 prev_prio=120 prev_state=1 next_comm=swapper/0 next_pid=0 next_prio=120
          <idle>-0     [000]  1428.604476: sched_switch:          prev_comm=swapper/0 prev_pid=0 prev_prio=120 prev_state=0 next_comm=kschedfreq:0 next_pid=1197 next_prio=49
    kschedfreq:0-1197  [000]  1428.604486: sched_switch:          prev_comm=kschedfreq:0 prev_pid=1197 prev_prio=49 prev_state=2 next_comm=swapper/0 next_pid=0 next_prio=120
          <idle>-0     [002]  1428.604784: sched_switch:          prev_comm=swapper/2 prev_pid=0 prev_prio=120 prev_state=0 next_comm=rcu_preempt next_pid=7 next_prio=120
     rcu_preempt-7     [002]  1428.604809: sched_switch:          prev_comm=rcu_preempt prev_pid=7 prev_prio=120 prev_state=1 next_comm=swapper/2 next_pid=0 next_prio=120
          <idle>-0     [000]  1428.605686: sched_switch:          prev_comm=swapper/0 prev_pid=0 prev_prio=120 prev_state=0 next_comm=kschedfreq:0 next_pid=1197 next_prio=49
          <idle>-0     [003]  1428.605688: sched_switch:          prev_comm=swapper/3 prev_pid=0 prev_prio=120 prev_state=0 next_comm=<-transport next_pid=3032 next_prio=120
    kschedfreq:0-1197  [000]  1428.605696: sched_switch:          prev_comm=kschedfreq:0 prev_pid=1197 prev_prio=49 prev_state=2 next_comm=swapper/0 next_pid=0 next_prio=120
          <idle>-0     [001]  1428.605707: sched_switch:          prev_comm=swapper/1 prev_pid=0 prev_prio=120 prev_state=0 next_comm=->transport next_pid=3031 next_prio=120
          <idle>-0     [000]  1428.605711: sched_switch:          prev_comm=swapper/0 prev_pid=0 prev_prio=120 prev_state=0 next_comm=adbd next_pid=2051 next_prio=120
     <-transport-3032  [003]  1428.605729: sched_switch:          prev_comm=<-transport prev_pid=3032 prev_prio=120 prev_state=1 next_comm=swapper/3 next_pid=0 next_prio=120
     ->transport-3031  [001]  1428.605741: sched_switch:          prev_comm=->transport prev_pid=3031 prev_prio=120 prev_state=1 next_comm=swapper/1 next_pid=0 next_prio=120
            adbd-2051  [000]  1428.605776: sched_switch:          prev_comm=adbd prev_pid=2051 prev_prio=120 prev_state=1 next_comm=swapper/0 next_pid=0 next_prio=120
          <idle>-0     [000]  1428.608481: sched_switch:          prev_comm=swapper/0 prev_pid=0 prev_prio=120 prev_state=0 next_comm=kschedfreq:0 next_pid=1197 next_prio=49
    kschedfreq:0-1197  [000]  1428.608488: sched_switch:          prev_comm=kschedfreq:0 prev_pid=1197 prev_prio=49 prev_state=2 next_comm=ksoftirqd/0 next_pid=3 next_prio=120
     ksoftirqd/0-3     [000]  1428.608534: sched_switch:          prev_comm=ksoftirqd/0 prev_pid=3 prev_prio=120 prev_state=1 next_comm=swapper/0 next_pid=0 next_prio=120
          <idle>-0     [002]  1428.608762: sched_switch:          prev_comm=swapper/2 prev_pid=0 prev_prio=120 prev_state=0 next_comm=rcu_preempt next_pid=7 next_prio=120
     rcu_preempt-7     [002]  1428.608784: sched_switch:          prev_comm=rcu_preempt prev_pid=7 prev_prio=120 prev_state=1 next_comm=swapper/2 next_pid=0 next_prio=120
          <idle>-0     [000]  1428.611505: sched_switch:          prev_comm=swapper/0 prev_pid=0 prev_prio=120 prev_state=0 next_comm=kschedfreq:0 next_pid=1197 next_prio=49
          <idle>-0     [001]  1428.611510: sched_switch:          prev_comm=swapper/1 prev_pid=0 prev_prio=120 prev_state=0 next_comm=->transport next_pid=3031 next_prio=120
    kschedfreq:0-1197  [000]  1428.611516: sched_switch:          prev_comm=kschedfreq:0 prev_pid=1197 prev_prio=49 prev_state=2 next_comm=swapper/0 next_pid=0 next_prio=120
     ->transport-3031  [001]  1428.611538: sched_switch:          prev_comm=->transport prev_pid=3031 prev_prio=120 prev_state=1 next_comm=swapper/1 next_pid=0 next_prio=120
          <idle>-0     [000]  1428.612763: sched_switch:          prev_comm=swapper/0 prev_pid=0 prev_prio=120 prev_state=0 next_comm=kschedfreq:0 next_pid=1197 next_prio=49
          <idle>-0     [002]  1428.612770: sched_switch:          prev_comm=swapper/2 prev_pid=0 prev_prio=120 prev_state=0 next_comm=rcu_preempt next_pid=7 next_prio=120
    kschedfreq:0-1197  [000]  1428.612773: sched_switch:          prev_comm=kschedfreq:0 prev_pid=1197 prev_prio=49 prev_state=2 next_comm=swapper/0 next_pid=0 next_prio=120
     rcu_preempt-7     [002]  1428.612785: sched_switch:          prev_comm=rcu_preempt prev_pid=7 prev_prio=120 prev_state=1 next_comm=swapper/2 next_pid=0 next_prio=120
          <idle>-0     [002]  1428.616719: sched_switch:          prev_comm=swapper/2 prev_pid=0 prev_prio=120 prev_state=0 next_comm=rcu_preempt next_pid=7 next_prio=120
     rcu_preempt-7     [002]  1428.616772: sched_switch:          prev_comm=rcu_preempt prev_pid=7 prev_prio=120 prev_state=1 next_comm=swapper/2 next_pid=0 next_prio=120
          <idle>-0     [002]  1428.620772: sched_switch:          prev_comm=swapper/2 prev_pid=0 prev_prio=120 prev_state=0 next_comm=rcu_preempt next_pid=7 next_prio=120
     rcu_preempt-7     [002]  1428.620788: sched_switch:          prev_comm=rcu_preempt prev_pid=7 prev_prio=120 prev_state=1 next_comm=swapper/2 next_pid=0 next_prio=120
          <idle>-0     [003]  1428.621303: sched_switch:          prev_comm=swapper/3 prev_pid=0 prev_prio=120 prev_state=0 next_comm=<-transport next_pid=3032 next_prio=120
     <-transport-3032  [003]  1428.621328: sched_switch:          prev_comm=<-transport prev_pid=3032 prev_prio=120 prev_state=1 next_comm=swapper/3 next_pid=0 next_prio=120
          <idle>-0     [003]  1428.625244: sched_switch:          prev_comm=swapper/3 prev_pid=0 prev_prio=120 prev_state=0 next_comm=<-transport next_pid=3032 next_prio=120
     <-transport-3032  [003]  1428.625288: sched_switch:          prev_comm=<-transport prev_pid=3032 prev_prio=120 prev_state=1 next_comm=adbd next_pid=2051 next_prio=120
          <idle>-0     [000]  1428.626458: sched_switch:          prev_comm=swapper/0 prev_pid=0 prev_prio=120 prev_state=0 next_comm=adbd next_pid=3407 next_prio=120
            adbd-2051  [003]  1428.626656: sched_switch:          prev_comm=adbd prev_pid=2051 prev_prio=120 prev_state=1 next_comm=->transport next_pid=3031 next_prio=120
     ->transport-3031  [003]  1428.626692: sched_switch:          prev_comm=->transport prev_pid=3031 prev_prio=120 prev_state=1 next_comm=swapper/3 next_pid=0 next_prio=120
          <idle>-0     [003]  1428.628518: sched_switch:          prev_comm=swapper/3 prev_pid=0 prev_prio=120 prev_state=0 next_comm=adbd next_pid=2051 next_prio=120
          <idle>-0     [002]  1428.628850: sched_switch:          prev_comm=swapper/2 prev_pid=0 prev_prio=120 prev_state=0 next_comm=rcu_preempt next_pid=7 next_prio=120
     rcu_preempt-7     [002]  1428.628917: sched_switch:          prev_comm=rcu_preempt prev_pid=7 prev_prio=120 prev_state=1 next_comm=swapper/2 next_pid=0 next_prio=120
            adbd-2051  [003]  1428.629351: sched_switch:          prev_comm=adbd prev_pid=2051 prev_prio=120 prev_state=1 next_comm=->transport next_pid=3031 next_prio=120
     ->transport-3031  [003]  1428.629472: sched_switch:          prev_comm=->transport prev_pid=3031 prev_prio=120 prev_state=1 next_comm=swapper/3 next_pid=0 next_prio=120
          <idle>-0     [003]  1428.629553: sched_switch:          prev_comm=swapper/3 prev_pid=0 prev_prio=120 prev_state=0 next_comm=->transport next_pid=3031 next_prio=120
     ->transport-3031  [003]  1428.629599: sched_switch:          prev_comm=->transport prev_pid=3031 prev_prio=120 prev_state=1 next_comm=swapper/3 next_pid=0 next_prio=120
          <idle>-0     [003]  1428.630908: sched_switch:          prev_comm=swapper/3 prev_pid=0 prev_prio=120 prev_state=0 next_comm=<-transport next_pid=3032 next_prio=120
     <-transport-3032  [003]  1428.630980: sched_switch:          prev_comm=<-transport prev_pid=3032 prev_prio=120 prev_state=1 next_comm=swapper/3 next_pid=0 next_prio=120
          <idle>-0     [002]  1428.632933: sched_switch:          prev_comm=swapper/2 prev_pid=0 prev_prio=120 prev_state=0 next_comm=rcu_preempt next_pid=7 next_prio=120
     rcu_preempt-7     [002]  1428.632994: sched_switch:          prev_comm=rcu_preempt prev_pid=7 prev_prio=120 prev_state=1 next_comm=swapper/2 next_pid=0 next_prio=120
          <idle>-0     [003]  1428.633948: sched_switch:          prev_comm=swapper/3 prev_pid=0 prev_prio=120 prev_state=0 next_comm=<-transport next_pid=3032 next_prio=120
     <-transport-3032  [003]  1428.634143: sched_switch:          prev_comm=<-transport prev_pid=3032 prev_prio=120 prev_state=1 next_comm=adbd next_pid=2051 next_prio=120
            adbd-2051  [003]  1428.634450: sched_switch:          prev_comm=adbd prev_pid=2051 prev_prio=120 prev_state=1 next_comm=->transport next_pid=3031 next_prio=120
     ->transport-3031  [003]  1428.634503: sched_switch:          prev_comm=->transport prev_pid=3031 prev_prio=120 prev_state=1 next_comm=swapper/3 next_pid=0 next_prio=120
          <idle>-0     [003]  1428.634533: sched_switch:          prev_comm=swapper/3 prev_pid=0 prev_prio=120 prev_state=0 next_comm=->transport next_pid=3031 next_prio=120
     ->transport-3031  [003]  1428.634559: sched_switch:          prev_comm=->transport prev_pid=3031 prev_prio=120 prev_state=1 next_comm=swapper/3 next_pid=0 next_prio=120
          <idle>-0     [002]  1428.636876: sched_switch:          prev_comm=swapper/2 prev_pid=0 prev_prio=120 prev_state=0 next_comm=rcu_preempt next_pid=7 next_prio=120
              sh-3407  [000]  1428.636906: sched_switch:          prev_comm=sh prev_pid=3407 prev_prio=120 prev_state=2048 next_comm=kschedfreq:0 next_pid=1197 next_prio=49
    kschedfreq:0-1197  [000]  1428.636941: sched_switch:          prev_comm=kschedfreq:0 prev_pid=1197 prev_prio=49 prev_state=2 next_comm=sh next_pid=3407 next_prio=120
              sh-3407  [000]  1428.636951: sched_switch:          prev_comm=sh prev_pid=3407 prev_prio=120 prev_state=2048 next_comm=migration/0 next_pid=10 next_prio=0
     rcu_preempt-7     [002]  1428.636955: sched_switch:          prev_comm=rcu_preempt prev_pid=7 prev_prio=120 prev_state=1 next_comm=swapper/2 next_pid=0 next_prio=120
     migration/0-10    [000]  1428.636994: sched_switch:          prev_comm=migration/0 prev_pid=10 prev_prio=0 prev_state=1 next_comm=kschedfreq:0 next_pid=1197 next_prio=49
          <idle>-0     [002]  1428.636997: sched_switch:          prev_comm=swapper/2 prev_pid=0 prev_prio=120 prev_state=0 next_comm=sh next_pid=3407 next_prio=120
    kschedfreq:0-1197  [000]  1428.637011: sched_switch:          prev_comm=kschedfreq:0 prev_pid=1197 prev_prio=49 prev_state=2 next_comm=swapper/0 next_pid=0 next_prio=120
          <idle>-0     [004]  1428.638729: sched_switch:          prev_comm=swapper/4 prev_pid=0 prev_prio=120 prev_state=0 next_comm=adbd next_pid=3408 next_prio=120
           shell-3408  [004]  1428.638896: sched_switch:          prev_comm=shell srvc 3407 prev_pid=3408 prev_prio=120 prev_state=1 next_comm=swapper/4 next_pid=0 next_prio=120
              sh-3407  [002]  1428.638907: sched_switch:          prev_comm=sh prev_pid=3407 prev_prio=120 prev_state=2048 next_comm=migration/2 next_pid=18 next_prio=0
          <idle>-0     [000]  1428.638948: sched_switch:          prev_comm=swapper/0 prev_pid=0 prev_prio=120 prev_state=0 next_comm=kschedfreq:0 next_pid=1197 next_prio=49
     migration/2-18    [002]  1428.638961: sched_switch:          prev_comm=migration/2 prev_pid=18 prev_prio=0 prev_state=1 next_comm=swapper/2 next_pid=0 next_prio=120
    kschedfreq:0-1197  [000]  1428.638962: sched_switch:          prev_comm=kschedfreq:0 prev_pid=1197 prev_prio=49 prev_state=2 next_comm=swapper/0 next_pid=0 next_prio=120
          <idle>-0     [002]  1428.640528: sched_switch:          prev_comm=swapper/2 prev_pid=0 prev_prio=120 prev_state=0 next_comm=rcu_preempt next_pid=7 next_prio=120
     rcu_preempt-7     [002]  1428.640559: sched_switch:          prev_comm=rcu_preempt prev_pid=7 prev_prio=120 prev_state=1 next_comm=swapper/2 next_pid=0 next_prio=120
          <idle>-0     [004]  1428.640914: sched_switch:          prev_comm=swapper/4 prev_pid=0 prev_prio=120 prev_state=0 next_comm=sh next_pid=3407 next_prio=120
          <idle>-0     [000]  1428.641582: sched_switch:          prev_comm=swapper/0 prev_pid=0 prev_prio=120 prev_state=0 next_comm=kschedfreq:0 next_pid=1197 next_prio=49
    kschedfreq:0-1197  [000]  1428.641629: cpu_frequency:         state=533000 cpu_id=0
    kschedfreq:0-1197  [000]  1428.641648: cpu_frequency:         state=533000 cpu_id=1
    kschedfreq:0-1197  [000]  1428.641651: cpu_frequency:         state=533000 cpu_id=2
    kschedfreq:0-1197  [000]  1428.641653: cpu_frequency:         state=533000 cpu_id=3
    kschedfreq:0-1197  [000]  1428.641663: sched_switch:          prev_comm=kschedfreq:0 prev_pid=1197 prev_prio=49 prev_state=1 next_comm=swapper/0 next_pid=0 next_prio=120
          <idle>-0     [000]  1428.642682: sched_switch:          prev_comm=swapper/0 prev_pid=0 prev_prio=120 prev_state=0 next_comm=sh next_pid=3409 next_prio=120
              sh-3407  [004]  1428.642771: sched_switch:          prev_comm=sh prev_pid=3407 prev_prio=120 prev_state=1 next_comm=swapper/4 next_pid=0 next_prio=120
          <idle>-0     [002]  1428.644778: sched_switch:          prev_comm=swapper/2 prev_pid=0 prev_prio=120 prev_state=0 next_comm=rcu_preempt next_pid=7 next_prio=120
         shutils-3409  [000]  1428.644801: sched_switch:          prev_comm=shutils prev_pid=3409 prev_prio=120 prev_state=2048 next_comm=kworker/u16:3 next_pid=1154 next_prio=120
          <idle>-0     [004]  1428.644811: sched_switch:          prev_comm=swapper/4 prev_pid=0 prev_prio=120 prev_state=0 next_comm=kworker/4:1 next_pid=1318 next_prio=120
     rcu_preempt-7     [002]  1428.644817: sched_switch:          prev_comm=rcu_preempt prev_pid=7 prev_prio=120 prev_state=1 next_comm=swapper/2 next_pid=0 next_prio=120
   kworker/u16:3-1154  [000]  1428.644858: sched_switch:          prev_comm=kworker/u16:3 prev_pid=1154 prev_prio=120 prev_state=1 next_comm=kworker/u16:0 next_pid=3049 next_prio=120
   kworker/u16:0-3049  [000]  1428.644868: sched_switch:          prev_comm=kworker/u16:0 prev_pid=3049 prev_prio=120 prev_state=1 next_comm=shutils next_pid=3409 next_prio=120
           <...>-1318  [004]  1428.644922: sched_switch:          prev_comm=kworker/4:1 prev_pid=1318 prev_prio=120 prev_state=1 next_comm=swapper/4 next_pid=0 next_prio=120
          <idle>-0     [002]  1428.648772: sched_switch:          prev_comm=swapper/2 prev_pid=0 prev_prio=120 prev_state=0 next_comm=rcu_preempt next_pid=7 next_prio=120
     rcu_preempt-7     [002]  1428.648813: sched_switch:          prev_comm=rcu_preempt prev_pid=7 prev_prio=120 prev_state=1 next_comm=swapper/2 next_pid=0 next_prio=120
          <idle>-0     [002]  1428.652992: sched_switch:          prev_comm=swapper/2 prev_pid=0 prev_prio=120 prev_state=0 next_comm=rcu_preempt next_pid=7 next_prio=120
     rcu_preempt-7     [002]  1428.653031: sched_switch:          prev_comm=rcu_preempt prev_pid=7 prev_prio=120 prev_state=1 next_comm=swapper/2 next_pid=0 next_prio=120
         shutils-3409  [000]  1428.655813: sched_switch:          prev_comm=shutils prev_pid=3409 prev_prio=120 prev_state=1 next_comm=shutils next_pid=3411 next_prio=120
          <idle>-0     [002]  1428.656792: sched_switch:          prev_comm=swapper/2 prev_pid=0 prev_prio=120 prev_state=0 next_comm=rcu_preempt next_pid=7 next_prio=120
     rcu_preempt-7     [002]  1428.656831: sched_switch:          prev_comm=rcu_preempt prev_pid=7 prev_prio=120 prev_state=1 next_comm=swapper/2 next_pid=0 next_prio=120
         busybox-3411  [000]  1428.657832: sched_switch:          prev_comm=busybox prev_pid=3411 prev_prio=120 prev_state=2048 next_comm=kschedfreq:0 next_pid=1197 next_prio=49
    kschedfreq:0-1197  [000]  1428.657885: cpu_frequency:         state=999000 cpu_id=0
    kschedfreq:0-1197  [000]  1428.657911: cpu_frequency:         state=999000 cpu_id=1
    kschedfreq:0-1197  [000]  1428.657913: cpu_frequency:         state=999000 cpu_id=2
    kschedfreq:0-1197  [000]  1428.657916: cpu_frequency:         state=999000 cpu_id=3
    kschedfreq:0-1197  [000]  1428.657931: sched_switch:          prev_comm=kschedfreq:0 prev_pid=1197 prev_prio=49 prev_state=1 next_comm=shutils next_pid=3409 next_prio=120
         shutils-3409  [000]  1428.657978: sched_switch:          prev_comm=shutils prev_pid=3409 prev_prio=120 prev_state=1 next_comm=busybox next_pid=3411 next_prio=120
         busybox-3411  [000]  1428.658184: sched_switch:          prev_comm=busybox prev_pid=3411 prev_prio=120 prev_state=2048 next_comm=shutils next_pid=3409 next_prio=120
         shutils-3409  [000]  1428.658193: sched_switch:          prev_comm=shutils prev_pid=3409 prev_prio=120 prev_state=2 next_comm=busybox next_pid=3411 next_prio=120
         busybox-3411  [000]  1428.658210: sched_switch:          prev_comm=busybox prev_pid=3411 prev_prio=120 prev_state=2048 next_comm=shutils next_pid=3409 next_prio=120
         shutils-3409  [000]  1428.658247: sched_switch:          prev_comm=shutils prev_pid=3409 prev_prio=120 prev_state=1 next_comm=busybox next_pid=3411 next_prio=120
         busybox-3411  [000]  1428.658307: sched_switch:          prev_comm=busybox prev_pid=3411 prev_prio=120 prev_state=2048 next_comm=shutils next_pid=3409 next_prio=120
          <idle>-0     [002]  1428.659188: sched_switch:          prev_comm=swapper/2 prev_pid=0 prev_prio=120 prev_state=0 next_comm=shutils next_pid=3412 next_prio=120
            true-3412  [002]  1428.659729: sched_switch:          prev_comm=shutils prev_pid=3412 prev_prio=120 prev_state=2048 next_comm=migration/2 next_pid=18 next_prio=0
     migration/2-18    [002]  1428.659772: sched_switch:          prev_comm=migration/2 prev_pid=18 prev_prio=0 prev_state=1 next_comm=swapper/2 next_pid=0 next_prio=120
         shutils-3409  [000]  1428.659870: sched_switch:          prev_comm=shutils prev_pid=3409 prev_prio=120 prev_state=1 next_comm=busybox next_pid=3411 next_prio=120
         busybox-3411  [000]  1428.659885: sched_switch:          prev_comm=busybox prev_pid=3411 prev_prio=120 prev_state=64 next_comm=shutils next_pid=3410 next_prio=120
          <idle>-0     [003]  1428.659951: sched_switch:          prev_comm=swapper/3 prev_pid=0 prev_prio=120 prev_state=0 next_comm=shutils next_pid=3412 next_prio=120
            true-3410  [000]  1428.660396: sched_switch:          prev_comm=shutils prev_pid=3410 prev_prio=120 prev_state=2048 next_comm=migration/0 next_pid=10 next_prio=0
          <idle>-0     [002]  1428.660419: sched_switch:          prev_comm=swapper/2 prev_pid=0 prev_prio=120 prev_state=0 next_comm=shutils next_pid=3410 next_prio=120
     migration/0-10    [000]  1428.660430: sched_switch:          prev_comm=migration/0 prev_pid=10 prev_prio=0 prev_state=1 next_comm=swapper/0 next_pid=0 next_prio=120
            true-3410  [002]  1428.660509: sched_switch:          prev_comm=shutils prev_pid=3410 prev_prio=120 prev_state=2048 next_comm=rcu_preempt next_pid=7 next_prio=120
     rcu_preempt-7     [002]  1428.660535: sched_switch:          prev_comm=rcu_preempt prev_pid=7 prev_prio=120 prev_state=1 next_comm=shutils next_pid=3410 next_prio=120
            true-3410  [002]  1428.661402: sched_switch:          prev_comm=busybox prev_pid=3410 prev_prio=120 prev_state=2048 next_comm=migration/2 next_pid=18 next_prio=0
            true-3412  [003]  1428.661402: sched_switch:          prev_comm=busybox prev_pid=3412 prev_prio=120 prev_state=2048 next_comm=migration/3 next_pid=23 next_prio=0
          <idle>-0     [000]  1428.661442: sched_switch:          prev_comm=swapper/0 prev_pid=0 prev_prio=120 prev_state=0 next_comm=busybox next_pid=3410 next_prio=120
     migration/3-23    [003]  1428.661443: sched_switch:          prev_comm=migration/3 prev_pid=23 prev_prio=0 prev_state=1 next_comm=shutils next_pid=3413 next_prio=120
     migration/2-18    [002]  1428.661455: sched_switch:          prev_comm=migration/2 prev_pid=18 prev_prio=0 prev_state=1 next_comm=swapper/2 next_pid=0 next_prio=120
          <idle>-0     [001]  1428.661687: sched_switch:          prev_comm=swapper/1 prev_pid=0 prev_prio=120 prev_state=0 next_comm=busybox next_pid=3412 next_prio=120
         busybox-3413  [003]  1428.662142: sched_switch:          prev_comm=shutils prev_pid=3413 prev_prio=120 prev_state=2048 next_comm=migration/3 next_pid=23 next_prio=0
          <idle>-0     [002]  1428.662205: sched_switch:          prev_comm=swapper/2 prev_pid=0 prev_prio=120 prev_state=0 next_comm=shutils next_pid=3413 next_prio=120
     migration/3-23    [003]  1428.662222: sched_switch:          prev_comm=migration/3 prev_pid=23 prev_prio=0 prev_state=1 next_comm=swapper/3 next_pid=0 next_prio=120
         busybox-3413  [002]  1428.663572: sched_switch:          prev_comm=busybox prev_pid=3413 prev_prio=120 prev_state=2048 next_comm=shutils next_pid=3409 next_prio=120
         shutils-3409  [002]  1428.663638: sched_switch:          prev_comm=shutils prev_pid=3409 prev_prio=120 prev_state=1 next_comm=busybox next_pid=3413 next_prio=120
         busybox-3413  [002]  1428.663872: sched_switch:          prev_comm=busybox prev_pid=3413 prev_prio=120 prev_state=2048 next_comm=shutils next_pid=3409 next_prio=120
         shutils-3409  [002]  1428.663886: sched_switch:          prev_comm=shutils prev_pid=3409 prev_prio=120 prev_state=2 next_comm=busybox next_pid=3413 next_prio=120
            true-3412  [001]  1428.663930: sched_switch:          prev_comm=true prev_pid=3412 prev_prio=120 prev_state=2048 next_comm=shutils next_pid=3409 next_prio=120
         busybox-3413  [002]  1428.663985: sched_switch:          prev_comm=busybox prev_pid=3413 prev_prio=120 prev_state=64 next_comm=swapper/2 next_pid=0 next_prio=120
          <idle>-0     [002]  1428.664545: sched_switch:          prev_comm=swapper/2 prev_pid=0 prev_prio=120 prev_state=0 next_comm=rcu_preempt next_pid=7 next_prio=120
     rcu_preempt-7     [002]  1428.664584: sched_switch:          prev_comm=rcu_preempt prev_pid=7 prev_prio=120 prev_state=1 next_comm=swapper/2 next_pid=0 next_prio=120
         shutils-3409  [001]  1428.665949: sched_switch:          prev_comm=shutils prev_pid=3409 prev_prio=120 prev_state=1 next_comm=true next_pid=3412 next_prio=120
          <idle>-0     [002]  1428.669073: sched_switch:          prev_comm=swapper/2 prev_pid=0 prev_prio=120 prev_state=0 next_comm=rcu_preempt next_pid=7 next_prio=120
     rcu_preempt-7     [002]  1428.669135: sched_switch:          prev_comm=rcu_preempt prev_pid=7 prev_prio=120 prev_state=1 next_comm=swapper/2 next_pid=0 next_prio=120
            true-3410  [000]  1428.672581: sched_switch:          prev_comm=true prev_pid=3410 prev_prio=120 prev_state=0 next_comm=shutils next_pid=3414 next_prio=120
          <idle>-0     [002]  1428.672587: sched_switch:          prev_comm=swapper/2 prev_pid=0 prev_prio=120 prev_state=0 next_comm=rcu_preempt next_pid=7 next_prio=120
     rcu_preempt-7     [002]  1428.672629: sched_switch:          prev_comm=rcu_preempt prev_pid=7 prev_prio=120 prev_state=1 next_comm=swapper/2 next_pid=0 next_prio=120
            true-3414  [000]  1428.674756: sched_switch:          prev_comm=busybox prev_pid=3414 prev_prio=120 prev_state=2048 next_comm=migration/0 next_pid=10 next_prio=0
     migration/0-10    [000]  1428.674822: sched_switch:          prev_comm=migration/0 prev_pid=10 prev_prio=0 prev_state=1 next_comm=true next_pid=3410 next_prio=120
          <idle>-0     [002]  1428.675061: sched_switch:          prev_comm=swapper/2 prev_pid=0 prev_prio=120 prev_state=0 next_comm=busybox next_pid=3414 next_prio=120
            true-3410  [000]  1428.676690: sched_switch:          prev_comm=true prev_pid=3410 prev_prio=120 prev_state=2048 next_comm=kschedfreq:0 next_pid=1197 next_prio=49
            true-3414  [002]  1428.676697: sched_switch:          prev_comm=true prev_pid=3414 prev_prio=120 prev_state=2048 next_comm=rcu_preempt next_pid=7 next_prio=120
    kschedfreq:0-1197  [000]  1428.676732: sched_switch:          prev_comm=kschedfreq:0 prev_pid=1197 prev_prio=49 prev_state=1 next_comm=ksoftirqd/0 next_pid=3 next_prio=120
     rcu_preempt-7     [002]  1428.676751: sched_switch:          prev_comm=rcu_preempt prev_pid=7 prev_prio=120 prev_state=1 next_comm=true next_pid=3414 next_prio=120
     ksoftirqd/0-3     [000]  1428.676756: sched_switch:          prev_comm=ksoftirqd/0 prev_pid=3 prev_prio=120 prev_state=1 next_comm=shutils next_pid=3415 next_prio=120
         busybox-3415  [000]  1428.677739: sched_switch:          prev_comm=shutils prev_pid=3415 prev_prio=120 prev_state=2048 next_comm=migration/0 next_pid=10 next_prio=0
     migration/0-10    [000]  1428.677867: sched_switch:          prev_comm=migration/0 prev_pid=10 prev_prio=0 prev_state=1 next_comm=true next_pid=3410 next_prio=120
            true-3412  [001]  1428.679061: sched_switch:          prev_comm=true prev_pid=3412 prev_prio=120 prev_state=64 next_comm=swapper/1 next_pid=0 next_prio=120
          <idle>-0     [003]  1428.679308: sched_switch:          prev_comm=swapper/3 prev_pid=0 prev_prio=120 prev_state=0 next_comm=shutils next_pid=3409 next_prio=120
          <idle>-0     [004]  1428.679708: sched_switch:          prev_comm=swapper/4 prev_pid=0 prev_prio=120 prev_state=0 next_comm=shutils next_pid=3415 next_prio=120
         shutils-3409  [003]  1428.679760: sched_switch:          prev_comm=shutils prev_pid=3409 prev_prio=120 prev_state=1 next_comm=swapper/3 next_pid=0 next_prio=120
          <idle>-0     [003]  1428.680578: sched_switch:          prev_comm=swapper/3 prev_pid=0 prev_prio=120 prev_state=0 next_comm=rcu_preempt next_pid=7 next_prio=120
     rcu_preempt-7     [003]  1428.680630: sched_switch:          prev_comm=rcu_preempt prev_pid=7 prev_prio=120 prev_state=1 next_comm=swapper/3 next_pid=0 next_prio=120
            true-3410  [000]  1428.680931: sched_switch:          prev_comm=true prev_pid=3410 prev_prio=120 prev_state=64 next_comm=swapper/0 next_pid=0 next_prio=120
          <idle>-0     [003]  1428.681154: sched_switch:          prev_comm=swapper/3 prev_pid=0 prev_prio=120 prev_state=0 next_comm=shutils next_pid=3409 next_prio=120
         busybox-3415  [004]  1428.681280: sched_switch:          prev_comm=busybox prev_pid=3415 prev_prio=120 prev_state=64 next_comm=swapper/4 next_pid=0 next_prio=120
          <idle>-0     [004]  1428.682422: sched_switch:          prev_comm=swapper/4 prev_pid=0 prev_prio=120 prev_state=0 next_comm=shutils next_pid=3416 next_prio=120
            true-3416  [004]  1428.682972: sched_switch:          prev_comm=shutils prev_pid=3416 prev_prio=120 prev_state=2048 next_comm=migration/4 next_pid=28 next_prio=0
     migration/4-28    [004]  1428.683017: sched_switch:          prev_comm=migration/4 prev_pid=28 prev_prio=0 prev_state=1 next_comm=swapper/4 next_pid=0 next_prio=120
          <idle>-0     [007]  1428.683299: sched_switch:          prev_comm=swapper/7 prev_pid=0 prev_prio=120 prev_state=0 next_comm=shutils next_pid=3416 next_prio=120
          <idle>-0     [004]  1428.683564: sched_switch:          prev_comm=swapper/4 prev_pid=0 prev_prio=120 prev_state=0 next_comm=shutils next_pid=3417 next_prio=120
         shutils-3409  [003]  1428.683731: sched_switch:          prev_comm=shutils prev_pid=3409 prev_prio=120 prev_state=1 next_comm=swapper/3 next_pid=0 next_prio=120
         shutils-3417  [004]  1428.683962: sched_switch:          prev_comm=shutils prev_pid=3417 prev_prio=120 prev_state=2048 next_comm=migration/4 next_pid=28 next_prio=0
     migration/4-28    [004]  1428.683986: sched_switch:          prev_comm=migration/4 prev_pid=28 prev_prio=0 prev_state=1 next_comm=swapper/4 next_pid=0 next_prio=120
            true-3416  [007]  1428.684073: sched_switch:          prev_comm=busybox prev_pid=3416 prev_prio=120 prev_state=2048 next_comm=migration/7 next_pid=43 next_prio=0
           <...>-43    [007]  1428.684097: sched_switch:          prev_comm=migration/7 prev_pid=43 prev_prio=0 prev_state=1 next_comm=swapper/7 next_pid=0 next_prio=120
          <idle>-0     [003]  1428.684101: sched_switch:          prev_comm=swapper/3 prev_pid=0 prev_prio=120 prev_state=0 next_comm=busybox next_pid=3416 next_prio=120
          <idle>-0     [006]  1428.684276: sched_switch:          prev_comm=swapper/6 prev_pid=0 prev_prio=120 prev_state=0 next_comm=shutils next_pid=3417 next_prio=120
            true-3416  [003]  1428.684601: sched_switch:          prev_comm=busybox prev_pid=3416 prev_prio=120 prev_state=2048 next_comm=rcu_preempt next_pid=7 next_prio=120
     rcu_preempt-7     [003]  1428.684648: sched_switch:          prev_comm=rcu_preempt prev_pid=7 prev_prio=120 prev_state=1 next_comm=busybox next_pid=3416 next_prio=120
          <idle>-0     [004]  1428.685133: sched_switch:          prev_comm=swapper/4 prev_pid=0 prev_prio=120 prev_state=0 next_comm=shutils next_pid=3409 next_prio=120
         shutils-3409  [004]  1428.685178: sched_switch:          prev_comm=shutils prev_pid=3409 prev_prio=120 prev_state=1 next_comm=swapper/4 next_pid=0 next_prio=120
          <idle>-0     [004]  1428.685266: sched_switch:          prev_comm=swapper/4 prev_pid=0 prev_prio=120 prev_state=0 next_comm=shutils next_pid=3409 next_prio=120
         shutils-3417  [006]  1428.685283: sched_switch:          prev_comm=busybox prev_pid=3417 prev_prio=120 prev_state=64 next_comm=kworker/6:1 next_pid=1420 next_prio=120
           <...>-1420  [006]  1428.685394: sched_switch:          prev_comm=kworker/6:1 prev_pid=1420 prev_prio=120 prev_state=1 next_comm=swapper/6 next_pid=0 next_prio=120
         shutils-3409  [004]  1428.686540: sched_switch:          prev_comm=shutils prev_pid=3409 prev_prio=120 prev_state=1 next_comm=shutils next_pid=3419 next_prio=120
         busybox-3419  [004]  1428.686946: sched_switch:          prev_comm=shutils prev_pid=3419 prev_prio=120 prev_state=2048 next_comm=migration/4 next_pid=28 next_prio=0
     migration/4-28    [004]  1428.686971: sched_switch:          prev_comm=migration/4 prev_pid=28 prev_prio=0 prev_state=1 next_comm=shutils next_pid=3419 next_prio=120
          <idle>-0     [006]  1428.687620: sched_switch:          prev_comm=swapper/6 prev_pid=0 prev_prio=120 prev_state=0 next_comm=shutils next_pid=3409 next_prio=120
         shutils-3409  [006]  1428.687644: sched_switch:          prev_comm=shutils prev_pid=3409 prev_prio=120 prev_state=1 next_comm=shutils next_pid=3418 next_prio=120
         busybox-3419  [004]  1428.687751: sched_switch:          prev_comm=busybox prev_pid=3419 prev_prio=120 prev_state=64 next_comm=swapper/4 next_pid=0 next_prio=120
            true-3418  [006]  1428.687966: sched_switch:          prev_comm=shutils prev_pid=3418 prev_prio=120 prev_state=2048 next_comm=migration/6 next_pid=38 next_prio=0
           <...>-38    [006]  1428.687998: sched_switch:          prev_comm=migration/6 prev_pid=38 prev_prio=0 prev_state=1 next_comm=shutils next_pid=3418 next_prio=120
          <idle>-0     [007]  1428.688001: sched_switch:          prev_comm=swapper/7 prev_pid=0 prev_prio=120 prev_state=0 next_comm=shutils next_pid=3409 next_prio=120
