version = 6
cpus=8
       trace-cmd-3396  [001]  1428.395814: sched_switch:          prev_comm=trace-cmd prev_pid=3396 prev_prio=120 prev_state=2048 next_comm=shell srvc 3392 next_pid=3393 next_prio=120
           shell-3393  [001]  1428.395924: sched_switch:          prev_comm=shell srvc 3392 prev_pid=3393 prev_prio=120 prev_state=1 next_comm=adbd next_pid=2051 next_prio=120
            adbd-2051  [001]  1428.396154: sched_switch:          prev_comm=adbd prev_pid=2051 prev_prio=120 prev_state=1 next_comm=->transport next_pid=3031 next_prio=120
     ->transport-3031  [001]  1428.396210: sched_switch:          prev_comm=->transport prev_pid=3031 prev_prio=120 prev_state=1 next_comm=trace-cmd next_pid=3396 next_prio=120
       trace-cmd-3396  [001]  1428.396369: sched_switch:          prev_comm=trace-cmd prev_pid=3396 prev_prio=120 prev_state=2048 next_comm=->transport next_pid=3031 next_prio=120
     ->transport-3031  [001]  1428.396388: sched_switch:          prev_comm=->transport prev_pid=3031 prev_prio=120 prev_state=1 next_comm=trace-cmd next_pid=3396 next_prio=120
          <idle>-0     [000]  1428.396517: sched_switch:          prev_comm=swapper/0 prev_pid=0 prev_prio=120 prev_state=0 next_comm=rcu_preempt next_pid=7 next_prio=120
     rcu_preempt-7     [000]  1428.396534: sched_switch:          prev_comm=rcu_preempt prev_pid=7 prev_prio=120 prev_state=1 next_comm=rcu_sched next_pid=8 next_prio=120
           <...>-8     [000]  1428.396555: sched_switch:          prev_comm=rcu_sched prev_pid=8 prev_prio=120 prev_state=1 next_comm=swapper/0 next_pid=0 next_prio=120
       trace-cmd-3396  [001]  1428.396588: sched_switch:          prev_comm=trace-cmd prev_pid=3396 prev_prio=120 prev_state=64 next_comm=swapper/1 next_pid=0 next_prio=120
          <idle>-0     [002]  1428.396807: sched_switch:          prev_comm=swapper/2 prev_pid=0 prev_prio=120 prev_state=0 next_comm=sh next_pid=3395 next_prio=120
              sh-3395  [002]  1428.398043: sched_switch:          prev_comm=sh prev_pid=3395 prev_prio=120 prev_state=64 next_comm=swapper/2 next_pid=0 next_prio=120
          <idle>-0     [000]  1428.398244: sched_switch:          prev_comm=swapper/0 prev_pid=0 prev_prio=120 prev_state=0 next_comm=sh next_pid=3392 next_prio=120
              sh-3392  [000]  1428.398550: sched_switch:          prev_comm=sh prev_pid=3392 prev_prio=120 prev_state=2048 next_comm=shell srvc 3392 next_pid=3393 next_prio=120
           shell-3393  [000]  1428.398628: sched_switch:          prev_comm=shell srvc 3392 prev_pid=3393 prev_prio=120 prev_state=1 next_comm=sh next_pid=3392 next_prio=120
              sh-3392  [000]  1428.398815: sched_switch:          prev_comm=sh prev_pid=3392 prev_prio=120 prev_state=2048 next_comm=shell srvc 3392 next_pid=3393 next_prio=120
           shell-3393  [000]  1428.398863: sched_switch:          prev_comm=shell srvc 3392 prev_pid=3393 prev_prio=120 prev_state=1 next_comm=sh next_pid=3392 next_prio=120
              sh-3392  [000]  1428.398906: sched_switch:          prev_comm=sh prev_pid=3392 prev_prio=120 prev_state=2048 next_comm=shell srvc 3392 next_pid=3393 next_prio=120
           shell-3393  [000]  1428.398946: sched_switch:          prev_comm=shell srvc 3392 prev_pid=3393 prev_prio=120 prev_state=1 next_comm=sh next_pid=3392 next_prio=120
              sh-3392  [000]  1428.399177: sched_switch:          prev_comm=sh prev_pid=3392 prev_prio=120 prev_state=2048 next_comm=->transport next_pid=3031 next_prio=120
     ->transport-3031  [000]  1428.399298: sched_switch:          prev_comm=->transport prev_pid=3031 prev_prio=120 prev_state=1 next_comm=sh next_pid=3392 next_prio=120
              sh-3392  [000]  1428.399812: sched_switch:          prev_comm=sh prev_pid=3392 prev_prio=120 prev_state=2048 next_comm=shell srvc 3392 next_pid=3393 next_prio=120
           shell-3393  [000]  1428.400114: sched_switch:          prev_comm=shell srvc 3392 prev_pid=3393 prev_prio=120 prev_state=64 next_comm=adbd next_pid=2051 next_prio=120
            adbd-2051  [000]  1428.400369: sched_switch:          prev_comm=adbd prev_pid=2051 prev_prio=120 prev_state=1 next_comm=->transport next_pid=3031 next_prio=120
     ->transport-3031  [000]  1428.400417: sched_switch:          prev_comm=->transport prev_pid=3031 prev_prio=120 prev_state=1 next_comm=sh next_pid=3392 next_prio=120
              sh-3392  [000]  1428.400438: sched_switch:          prev_comm=sh prev_pid=3392 prev_prio=120 prev_state=64 next_comm=swapper/0 next_pid=0 next_prio=120
          <idle>-0     [000]  1428.401400: sched_switch:          prev_comm=swapper/0 prev_pid=0 prev_prio=120 prev_state=0 next_comm=<-transport next_pid=3032 next_prio=120
     <-transport-3032  [000]  1428.401455: sched_switch:          prev_comm=<-transport prev_pid=3032 prev_prio=120 prev_state=1 next_comm=->transport next_pid=3031 next_prio=120
     ->transport-3031  [000]  1428.401472: sched_switch:          prev_comm=->transport prev_pid=3031 prev_prio=120 prev_state=1 next_comm=adbd next_pid=2051 next_prio=120
            adbd-2051  [000]  1428.401580: sched_switch:          prev_comm=adbd prev_pid=2051 prev_prio=120 prev_state=1 next_comm=swapper/0 next_pid=0 next_prio=120
          <idle>-0     [000]  1428.402136: sched_switch:          prev_comm=swapper/0 prev_pid=0 prev_prio=120 prev_state=0 next_comm=->transport next_pid=3031 next_prio=120
     ->transport-3031  [000]  1428.402166: sched_switch:          prev_comm=->transport prev_pid=3031 prev_prio=120 prev_state=1 next_comm=swapper/0 next_pid=0 next_prio=120
          <idle>-0     [000]  1428.404489: sched_switch:          prev_comm=swapper/0 prev_pid=0 prev_prio=120 prev_state=0 next_comm=rcu_preempt next_pid=7 next_prio=120
     rcu_preempt-7     [000]  1428.404532: sched_switch:          prev_comm=rcu_preempt prev_pid=7 prev_prio=120 prev_state=1 next_comm=rcu_sched next_pid=8 next_prio=120
           <...>-8     [000]  1428.404557: sched_switch:          prev_comm=rcu_sched prev_pid=8 prev_prio=120 prev_state=1 next_comm=swapper/0 next_pid=0 next_prio=120
          <idle>-0     [000]  1428.405131: sched_switch:          prev_comm=swapper/0 prev_pid=0 prev_prio=120 prev_state=0 next_comm=<-transport next_pid=3032 next_prio=120
     <-transport-3032  [000]  1428.405185: sched_switch:          prev_comm=<-transport prev_pid=3032 prev_prio=120 prev_state=1 next_comm=->transport next_pid=3031 next_prio=120
     ->transport-3031  [000]  1428.405213: sched_switch:          prev_comm=->transport prev_pid=3031 prev_prio=120 prev_state=1 next_comm=adbd next_pid=2051 next_prio=120
            adbd-2051  [000]  1428.405284: sched_switch:          prev_comm=adbd prev_pid=2051 prev_prio=120 prev_state=1 next_comm=swapper/0 next_pid=0 next_prio=120
          <idle>-0     [000]  1428.408482: sched_switch:          prev_comm=swapper/0 prev_pid=0 prev_prio=120 prev_state=0 next_comm=rcu_preempt next_pid=7 next_prio=120
     rcu_preempt-7     [000]  1428.408499: sched_switch:          prev_comm=rcu_preempt prev_pid=7 prev_prio=120 prev_state=1 next_comm=rcu_sched next_pid=8 next_prio=120
           <...>-8     [000]  1428.408515: sched_switch:          prev_comm=rcu_sched prev_pid=8 prev_prio=120 prev_state=1 next_comm=swapper/0 next_pid=0 next_prio=120
          <idle>-0     [000]  1428.409000: sched_switch:          prev_comm=swapper/0 prev_pid=0 prev_prio=120 prev_state=0 next_comm=<-transport next_pid=3032 next_prio=120
     <-transport-3032  [000]  1428.409026: sched_switch:          prev_comm=<-transport prev_pid=3032 prev_prio=120 prev_state=1 next_comm=adbd next_pid=2051 next_prio=120
            adbd-2051  [000]  1428.409101: sched_switch:          prev_comm=adbd prev_pid=2051 prev_prio=120 prev_state=1 next_comm=->transport next_pid=3031 next_prio=120
     ->transport-3031  [000]  1428.409129: sched_switch:          prev_comm=->transport prev_pid=3031 prev_prio=120 prev_state=1 next_comm=swapper/0 next_pid=0 next_prio=120
          <idle>-0     [000]  1428.410889: sched_switch:          prev_comm=swapper/0 prev_pid=0 prev_prio=120 prev_state=0 next_comm=->transport next_pid=3031 next_prio=120
     ->transport-3031  [000]  1428.410907: sched_switch:          prev_comm=->transport prev_pid=3031 prev_prio=120 prev_state=1 next_comm=swapper/0 next_pid=0 next_prio=120
          <idle>-0     [000]  1428.412485: sched_switch:          prev_comm=swapper/0 prev_pid=0 prev_prio=120 prev_state=0 next_comm=ksoftirqd/0 next_pid=3 next_prio=120
     ksoftirqd/0-3     [000]  1428.412542: sched_switch:          prev_comm=ksoftirqd/0 prev_pid=3 prev_prio=120 prev_state=1 next_comm=rcu_preempt next_pid=7 next_prio=120
     rcu_preempt-7     [000]  1428.412561: sched_switch:          prev_comm=rcu_preempt prev_pid=7 prev_prio=120 prev_state=1 next_comm=swapper/0 next_pid=0 next_prio=120
          <idle>-0     [000]  1428.416476: sched_switch:          prev_comm=swapper/0 prev_pid=0 prev_prio=120 prev_state=0 next_comm=rcu_preempt next_pid=7 next_prio=120
     rcu_preempt-7     [000]  1428.416495: sched_switch:          prev_comm=rcu_preempt prev_pid=7 prev_prio=120 prev_state=1 next_comm=swapper/0 next_pid=0 next_prio=120
          <idle>-0     [000]  1428.420492: sched_switch:          prev_comm=swapper/0 prev_pid=0 prev_prio=120 prev_state=0 next_comm=rcu_preempt next_pid=7 next_prio=120
     rcu_preempt-7     [000]  1428.420510: sched_switch:          prev_comm=rcu_preempt prev_pid=7 prev_prio=120 prev_state=1 next_comm=swapper/0 next_pid=0 next_prio=120
          <idle>-0     [000]  1428.420873: sched_switch:          prev_comm=swapper/0 prev_pid=0 prev_prio=120 prev_state=0 next_comm=<-transport next_pid=3032 next_prio=120
     <-transport-3032  [000]  1428.420891: sched_switch:          prev_comm=<-transport prev_pid=3032 prev_prio=120 prev_state=1 next_comm=swapper/0 next_pid=0 next_prio=120
          <idle>-0     [000]  1428.424476: sched_switch:          prev_comm=swapper/0 prev_pid=0 prev_prio=120 prev_state=0 next_comm=rcu_preempt next_pid=7 next_prio=120
     rcu_preempt-7     [000]  1428.424492: sched_switch:          prev_comm=rcu_preempt prev_pid=7 prev_prio=120 prev_state=1 next_comm=swapper/0 next_pid=0 next_prio=120
          <idle>-0     [000]  1428.424845: sched_switch:          prev_comm=swapper/0 prev_pid=0 prev_prio=120 prev_state=0 next_comm=<-transport next_pid=3032 next_prio=120
     <-transport-3032  [000]  1428.424878: sched_switch:          prev_comm=<-transport prev_pid=3032 prev_prio=120 prev_state=1 next_comm=adbd next_pid=2051 next_prio=120
            adbd-2051  [000]  1428.425850: sched_switch:          prev_comm=adbd prev_pid=2051 prev_prio=120 prev_state=1 next_comm=->transport next_pid=3031 next_prio=120
     ->transport-3031  [000]  1428.425875: sched_switch:          prev_comm=->transport prev_pid=3031 prev_prio=120 prev_state=1 next_comm=swapper/0 next_pid=0 next_prio=120
          <idle>-0     [002]  1428.425928: sched_switch:          prev_comm=swapper/2 prev_pid=0 prev_prio=120 prev_state=0 next_comm=adbd next_pid=3397 next_prio=120
              sh-3397  [002]  1428.426261: sched_switch:          prev_comm=adbd prev_pid=3397 prev_prio=120 prev_state=2048 next_comm=migration/2 next_pid=18 next_prio=0
     migration/2-18    [002]  1428.426296: sched_switch:          prev_comm=migration/2 prev_pid=18 prev_prio=0 prev_state=1 next_comm=swapper/2 next_pid=0 next_prio=120
          <idle>-0     [000]  1428.426504: sched_switch:          prev_comm=swapper/0 prev_pid=0 prev_prio=120 prev_state=0 next_comm=adbd next_pid=3397 next_prio=120
              sh-3397  [000]  1428.428564: sched_switch:          prev_comm=sh prev_pid=3397 prev_prio=120 prev_state=2048 next_comm=rcu_preempt next_pid=7 next_prio=120
     rcu_preempt-7     [000]  1428.428605: sched_switch:          prev_comm=rcu_preempt prev_pid=7 prev_prio=120 prev_state=1 next_comm=adbd next_pid=2051 next_prio=120
            adbd-2051  [000]  1428.429210: sched_switch:          prev_comm=adbd prev_pid=2051 prev_prio=120 prev_state=1 next_comm=->transport next_pid=3031 next_prio=120
          <idle>-0     [002]  1428.429235: sched_switch:          prev_comm=swapper/2 prev_pid=0 prev_prio=120 prev_state=0 next_comm=adbd next_pid=3398 next_prio=120
     ->transport-3031  [000]  1428.429287: sched_switch:          prev_comm=->transport prev_pid=3031 prev_prio=120 prev_state=1 next_comm=sh next_pid=3397 next_prio=120
              sh-3397  [000]  1428.429343: sched_switch:          prev_comm=sh prev_pid=3397 prev_prio=120 prev_state=2048 next_comm=->transport next_pid=3031 next_prio=120
           shell-3398  [002]  1428.429344: sched_switch:          prev_comm=shell srvc 3397 prev_pid=3398 prev_prio=120 prev_state=1 next_comm=swapper/2 next_pid=0 next_prio=120
     ->transport-3031  [000]  1428.429375: sched_switch:          prev_comm=->transport prev_pid=3031 prev_prio=120 prev_state=1 next_comm=sh next_pid=3397 next_prio=120
              sh-3397  [000]  1428.431729: sched_switch:          prev_comm=sh prev_pid=3397 prev_prio=120 prev_state=0 next_comm=<-transport next_pid=3032 next_prio=120
     <-transport-3032  [000]  1428.431811: sched_switch:          prev_comm=<-transport prev_pid=3032 prev_prio=120 prev_state=1 next_comm=sh next_pid=3397 next_prio=120
              sh-3397  [000]  1428.432554: sched_switch:          prev_comm=sh prev_pid=3397 prev_prio=120 prev_state=0 next_comm=rcu_preempt next_pid=7 next_prio=120
     rcu_preempt-7     [000]  1428.432596: sched_switch:          prev_comm=rcu_preempt prev_pid=7 prev_prio=120 prev_state=1 next_comm=sh next_pid=3397 next_prio=120
              sh-3397  [000]  1428.434444: sched_switch:          prev_comm=sh prev_pid=3397 prev_prio=120 prev_state=0 next_comm=<-transport next_pid=3032 next_prio=120
     <-transport-3032  [000]  1428.434588: sched_switch:          prev_comm=<-transport prev_pid=3032 prev_prio=120 prev_state=1 next_comm=adbd next_pid=2051 next_prio=120
            adbd-2051  [000]  1428.434833: sched_switch:          prev_comm=adbd prev_pid=2051 prev_prio=120 prev_state=1 next_comm=->transport next_pid=3031 next_prio=120
     ->transport-3031  [000]  1428.434865: sched_switch:          prev_comm=->transport prev_pid=3031 prev_prio=120 prev_state=1 next_comm=sh next_pid=3397 next_prio=120
              sh-3397  [000]  1428.434905: sched_switch:          prev_comm=sh prev_pid=3397 prev_prio=120 prev_state=0 next_comm=->transport next_pid=3031 next_prio=120
     ->transport-3031  [000]  1428.434925: sched_switch:          prev_comm=->transport prev_pid=3031 prev_prio=120 prev_state=1 next_comm=sh next_pid=3397 next_prio=120
          <idle>-0     [001]  1428.436847: sched_switch:          prev_comm=swapper/1 prev_pid=0 prev_prio=120 prev_state=0 next_comm=rcu_preempt next_pid=7 next_prio=120
     rcu_preempt-7     [001]  1428.436911: sched_switch:          prev_comm=rcu_preempt prev_pid=7 prev_prio=120 prev_state=1 next_comm=swapper/1 next_pid=0 next_prio=120
          <idle>-0     [001]  1428.439995: sched_switch:          prev_comm=swapper/1 prev_pid=0 prev_prio=120 prev_state=0 next_comm=sh next_pid=3399 next_prio=120
              sh-3397  [000]  1428.440616: sched_switch:          prev_comm=sh prev_pid=3397 prev_prio=120 prev_state=1 next_comm=shell srvc 3397 next_pid=3398 next_prio=120
           shell-3398  [000]  1428.440672: sched_switch:          prev_comm=shell srvc 3397 prev_pid=3398 prev_prio=120 prev_state=0 next_comm=kschedfreq:0 next_pid=1197 next_prio=49
          <idle>-0     [002]  1428.440676: sched_switch:          prev_comm=swapper/2 prev_pid=0 prev_prio=120 prev_state=0 next_comm=sh next_pid=3400 next_prio=120
    kschedfreq:0-1197  [000]  1428.440764: cpu_frequency:         state=999000 cpu_id=0
    kschedfreq:0-1197  [000]  1428.440775: cpu_frequency:         state=999000 cpu_id=1
    kschedfreq:0-1197  [000]  1428.440777: cpu_frequency:         state=999000 cpu_id=2
    kschedfreq:0-1197  [000]  1428.440780: cpu_frequency:         state=999000 cpu_id=3
    kschedfreq:0-1197  [000]  1428.440798: sched_switch:          prev_comm=kschedfreq:0 prev_pid=1197 prev_prio=49 prev_state=1 next_comm=shell srvc 3397 next_pid=3398 next_prio=120
           shell-3398  [000]  1428.440970: sched_switch:          prev_comm=shell srvc 3397 prev_pid=3398 prev_prio=120 prev_state=1 next_comm=swapper/0 next_pid=0 next_prio=120
              sh-3400  [002]  1428.441450: sched_switch:          prev_comm=sh prev_pid=3400 prev_prio=120 prev_state=2048 next_comm=migration/2 next_pid=18 next_prio=0
     migration/2-18    [002]  1428.441538: sched_switch:          prev_comm=migration/2 prev_pid=18 prev_prio=0 prev_state=1 next_comm=swapper/2 next_pid=0 next_prio=120
          <idle>-0     [003]  1428.441831: sched_switch:          prev_comm=swapper/3 prev_pid=0 prev_prio=120 prev_state=0 next_comm=sh next_pid=3400 next_prio=120
          <idle>-0     [000]  1428.441972: sched_switch:          prev_comm=swapper/0 prev_pid=0 prev_prio=120 prev_state=0 next_comm=sh next_pid=3397 next_prio=120
              sh-3399  [001]  1428.441993: sched_switch:          prev_comm=sh prev_pid=3399 prev_prio=120 prev_state=64 next_comm=rcu_preempt next_pid=7 next_prio=120
     rcu_preempt-7     [001]  1428.442058: sched_switch:          prev_comm=rcu_preempt prev_pid=7 prev_prio=120 prev_state=1 next_comm=swapper/1 next_pid=0 next_prio=120
              sh-3397  [000]  1428.442163: sched_switch:          prev_comm=sh prev_pid=3397 prev_prio=120 prev_state=1 next_comm=swapper/0 next_pid=0 next_prio=120
          <idle>-0     [000]  1428.444616: sched_switch:          prev_comm=swapper/0 prev_pid=0 prev_prio=120 prev_state=0 next_comm=kschedfreq:0 next_pid=1197 next_prio=49
          <idle>-0     [001]  1428.444628: sched_switch:          prev_comm=swapper/1 prev_pid=0 prev_prio=120 prev_state=0 next_comm=rcu_preempt next_pid=7 next_prio=120
    kschedfreq:0-1197  [000]  1428.444657: sched_switch:          prev_comm=kschedfreq:0 prev_pid=1197 prev_prio=49 prev_state=2 next_comm=swapper/0 next_pid=0 next_prio=120
     rcu_preempt-7     [001]  1428.444667: sched_switch:          prev_comm=rcu_preempt prev_pid=7 prev_prio=120 prev_state=1 next_comm=swapper/1 next_pid=0 next_prio=120
          <idle>-0     [001]  1428.449183: sched_switch:          prev_comm=swapper/1 prev_pid=0 prev_prio=120 prev_state=0 next_comm=rcu_preempt next_pid=7 next_prio=120
     rcu_preempt-7     [001]  1428.449279: sched_switch:          prev_comm=rcu_preempt prev_pid=7 prev_prio=120 prev_state=1 next_comm=swapper/1 next_pid=0 next_prio=120
          <idle>-0     [001]  1428.453187: sched_switch:          prev_comm=swapper/1 prev_pid=0 prev_prio=120 prev_state=0 next_comm=rcu_preempt next_pid=7 next_prio=120
     rcu_preempt-7     [001]  1428.453261: sched_switch:          prev_comm=rcu_preempt prev_pid=7 prev_prio=120 prev_state=1 next_comm=swapper/1 next_pid=0 next_prio=120
              sh-3400  [003]  1428.454245: sched_switch:          prev_comm=su prev_pid=3400 prev_prio=120 prev_state=2048 next_comm=migration/3 next_pid=23 next_prio=0
     migration/3-23    [003]  1428.454331: sched_switch:          prev_comm=migration/3 prev_pid=23 prev_prio=0 prev_state=1 next_comm=swapper/3 next_pid=0 next_prio=120
          <idle>-0     [001]  1428.454571: sched_switch:          prev_comm=swapper/1 prev_pid=0 prev_prio=120 prev_state=0 next_comm=su next_pid=3400 next_prio=120
          <idle>-0     [003]  1428.456585: sched_switch:          prev_comm=swapper/3 prev_pid=0 prev_prio=120 prev_state=0 next_comm=rcu_preempt next_pid=7 next_prio=120
     rcu_preempt-7     [003]  1428.456652: sched_switch:          prev_comm=rcu_preempt prev_pid=7 prev_prio=120 prev_state=1 next_comm=swapper/3 next_pid=0 next_prio=120
          <idle>-0     [003]  1428.460962: sched_switch:          prev_comm=swapper/3 prev_pid=0 prev_prio=120 prev_state=0 next_comm=rcu_preempt next_pid=7 next_prio=120
     rcu_preempt-7     [003]  1428.461043: sched_switch:          prev_comm=rcu_preempt prev_pid=7 prev_prio=120 prev_state=1 next_comm=swapper/3 next_pid=0 next_prio=120
          <idle>-0     [003]  1428.464877: sched_switch:          prev_comm=swapper/3 prev_pid=0 prev_prio=120 prev_state=0 next_comm=rcu_preempt next_pid=7 next_prio=120
     rcu_preempt-7     [003]  1428.464977: sched_switch:          prev_comm=rcu_preempt prev_pid=7 prev_prio=120 prev_state=1 next_comm=swapper/3 next_pid=0 next_prio=120
              sh-3400  [001]  1428.468299: print:                 ip=0xffffff8008181568 buf=0
          <idle>-0     [003]  1428.469210: sched_switch:          prev_comm=swapper/3 prev_pid=0 prev_prio=120 prev_state=0 next_comm=rcu_preempt next_pid=7 next_prio=120
     rcu_preempt-7     [003]  1428.469293: sched_switch:          prev_comm=rcu_preempt prev_pid=7 prev_prio=120 prev_state=1 next_comm=swapper/3 next_pid=0 next_prio=120
          <idle>-0     [000]  1428.469549: sched_switch:          prev_comm=swapper/0 prev_pid=0 prev_prio=120 prev_state=0 next_comm=sh next_pid=3397 next_prio=120
              sh-3400  [001]  1428.469572: sched_switch:          prev_comm=sh prev_pid=3400 prev_prio=120 prev_state=64 next_comm=swapper/1 next_pid=0 next_prio=120
          <idle>-0     [001]  1428.470074: sched_switch:          prev_comm=swapper/1 prev_pid=0 prev_prio=120 prev_state=0 next_comm=shell srvc 3397 next_pid=3398 next_prio=120
              sh-3397  [000]  1428.470081: sched_switch:          prev_comm=sh prev_pid=3397 prev_prio=120 prev_state=0 next_comm=kschedfreq:0 next_pid=1197 next_prio=49
    kschedfreq:0-1197  [000]  1428.470112: sched_switch:          prev_comm=kschedfreq:0 prev_pid=1197 prev_prio=49 prev_state=2 next_comm=sh next_pid=3397 next_prio=120
          <idle>-0     [003]  1428.470190: sched_switch:          prev_comm=swapper/3 prev_pid=0 prev_prio=120 prev_state=0 next_comm=adbd next_pid=2051 next_prio=120
           shell-3398  [001]  1428.470218: sched_switch:          prev_comm=shell srvc 3397 prev_pid=3398 prev_prio=120 prev_state=1 next_comm=swapper/1 next_pid=0 next_prio=120
          <idle>-0     [001]  1428.470316: sched_switch:          prev_comm=swapper/1 prev_pid=0 prev_prio=120 prev_state=0 next_comm=shell srvc 3397 next_pid=3398 next_prio=120
           shell-3398  [001]  1428.470425: sched_switch:          prev_comm=shell srvc 3397 prev_pid=3398 prev_prio=120 prev_state=1 next_comm=swapper/1 next_pid=0 next_prio=120
            adbd-2051  [003]  1428.470512: sched_switch:          prev_comm=adbd prev_pid=2051 prev_prio=120 prev_state=1 next_comm=swapper/3 next_pid=0 next_prio=120
              sh-3397  [000]  1428.470726: sched_switch:          prev_comm=sh prev_pid=3397 prev_prio=120 prev_state=2048 next_comm=kschedfreq:0 next_pid=1197 next_prio=49
          <idle>-0     [002]  1428.470739: sched_switch:          prev_comm=swapper/2 prev_pid=0 prev_prio=120 prev_state=0 next_comm=->transport next_pid=3031 next_prio=120
    kschedfreq:0-1197  [000]  1428.470741: sched_switch:          prev_comm=kschedfreq:0 prev_pid=1197 prev_prio=49 prev_state=2 next_comm=sh next_pid=3397 next_prio=120
     ->transport-3031  [002]  1428.470842: sched_switch:          prev_comm=->transport prev_pid=3031 prev_prio=120 prev_state=1 next_comm=swapper/2 next_pid=0 next_prio=120
          <idle>-0     [002]  1428.471200: sched_switch:          prev_comm=swapper/2 prev_pid=0 prev_prio=120 prev_state=0 next_comm=->transport next_pid=3031 next_prio=120
     ->transport-3031  [002]  1428.471236: sched_switch:          prev_comm=->transport prev_pid=3031 prev_prio=120 prev_state=1 next_comm=swapper/2 next_pid=0 next_prio=120
              sh-3397  [000]  1428.471387: sched_switch:          prev_comm=sh prev_pid=3397 prev_prio=120 prev_state=64 next_comm=kschedfreq:0 next_pid=1197 next_prio=49
          <idle>-0     [001]  1428.471387: sched_switch:          prev_comm=swapper/1 prev_pid=0 prev_prio=120 prev_state=0 next_comm=shell srvc 3397 next_pid=3398 next_prio=120
    kschedfreq:0-1197  [000]  1428.471404: sched_switch:          prev_comm=kschedfreq:0 prev_pid=1197 prev_prio=49 prev_state=2 next_comm=swapper/0 next_pid=0 next_prio=120
          <idle>-0     [003]  1428.471593: sched_switch:          prev_comm=swapper/3 prev_pid=0 prev_prio=120 prev_state=0 next_comm=adbd next_pid=2051 next_prio=120
           shell-3398  [001]  1428.471677: sched_switch:          prev_comm=shell srvc 3397 prev_pid=3398 prev_prio=120 prev_state=1 next_comm=swapper/1 next_pid=0 next_prio=120
          <idle>-0     [001]  1428.471688: sched_switch:          prev_comm=swapper/1 prev_pid=0 prev_prio=120 prev_state=0 next_comm=shell srvc 3397 next_pid=3398 next_prio=120
           shell-3398  [001]  1428.471867: sched_switch:          prev_comm=shell srvc 3397 prev_pid=3398 prev_prio=120 prev_state=64 next_comm=swapper/1 next_pid=0 next_prio=120
            adbd-2051  [003]  1428.471895: sched_switch:          prev_comm=adbd prev_pid=2051 prev_prio=120 prev_state=1 next_comm=swapper/3 next_pid=0 next_prio=120
          <idle>-0     [003]  1428.472517: sched_switch:          prev_comm=swapper/3 prev_pid=0 prev_prio=120 prev_state=0 next_comm=rcu_preempt next_pid=7 next_prio=120
          <idle>-0     [000]  1428.472539: sched_switch:          prev_comm=swapper/0 prev_pid=0 prev_prio=120 prev_state=0 next_comm=kschedfreq:0 next_pid=1197 next_prio=49
    kschedfreq:0-1197  [000]  1428.472551: sched_switch:          prev_comm=kschedfreq:0 prev_pid=1197 prev_prio=49 prev_state=2 next_comm=ksoftirqd/0 next_pid=3 next_prio=120
     rcu_preempt-7     [003]  1428.472559: sched_switch:          prev_comm=rcu_preempt prev_pid=7 prev_prio=120 prev_state=1 next_comm=swapper/3 next_pid=0 next_prio=120
          <idle>-0     [001]  1428.472601: sched_switch:          prev_comm=swapper/1 prev_pid=0 prev_prio=120 prev_state=0 next_comm=->transport next_pid=3031 next_prio=120
     ksoftirqd/0-3     [000]  1428.472608: sched_switch:          prev_comm=ksoftirqd/0 prev_pid=3 prev_prio=120 prev_state=2048 next_comm=kschedfreq:0 next_pid=1197 next_prio=49
    kschedfreq:0-1197  [000]  1428.472615: sched_switch:          prev_comm=kschedfreq:0 prev_pid=1197 prev_prio=49 prev_state=2 next_comm=ksoftirqd/0 next_pid=3 next_prio=120
     ksoftirqd/0-3     [000]  1428.472627: sched_switch:          prev_comm=ksoftirqd/0 prev_pid=3 prev_prio=120 prev_state=1 next_comm=swapper/0 next_pid=0 next_prio=120
     ->transport-3031  [001]  1428.472671: sched_switch:          prev_comm=->transport prev_pid=3031 prev_prio=120 prev_state=1 next_comm=swapper/1 next_pid=0 next_prio=120
          <idle>-0     [000]  1428.476478: sched_switch:          prev_comm=swapper/0 prev_pid=0 prev_prio=120 prev_state=0 next_comm=kschedfreq:0 next_pid=1197 next_prio=49
    kschedfreq:0-1197  [000]  1428.476489: sched_switch:          prev_comm=kschedfreq:0 prev_pid=1197 prev_prio=49 prev_state=2 next_comm=swapper/0 next_pid=0 next_prio=120
          <idle>-0     [003]  1428.476783: sched_switch:          prev_comm=swapper/3 prev_pid=0 prev_prio=120 prev_state=0 next_comm=rcu_preempt next_pid=7 next_prio=120
     rcu_preempt-7     [003]  1428.476813: sched_switch:          prev_comm=rcu_preempt prev_pid=7 prev_prio=120 prev_state=1 next_comm=swapper/3 next_pid=0 next_prio=120
          <idle>-0     [000]  1428.477050: sched_switch:          prev_comm=swapper/0 prev_pid=0 prev_prio=120 prev_state=0 next_comm=<-transport next_pid=3032 next_prio=120
          <idle>-0     [001]  1428.477078: sched_switch:          prev_comm=swapper/1 prev_pid=0 prev_prio=120 prev_state=0 next_comm=->transport next_pid=3031 next_prio=120
     <-transport-3032  [000]  1428.477083: sched_switch:          prev_comm=<-transport prev_pid=3032 prev_prio=120 prev_state=0 next_comm=kschedfreq:0 next_pid=1197 next_prio=49
    kschedfreq:0-1197  [000]  1428.477091: sched_switch:          prev_comm=kschedfreq:0 prev_pid=1197 prev_prio=49 prev_state=2 next_comm=<-transport next_pid=3032 next_prio=120
     ->transport-3031  [001]  1428.477099: sched_switch:          prev_comm=->transport prev_pid=3031 prev_prio=120 prev_state=1 next_comm=swapper/1 next_pid=0 next_prio=120
     <-transport-3032  [000]  1428.477160: sched_switch:          prev_comm=<-transport prev_pid=3032 prev_prio=120 prev_state=1 next_comm=swapper/0 next_pid=0 next_prio=120
          <idle>-0     [000]  1428.477394: sched_switch:          prev_comm=swapper/0 prev_pid=0 prev_prio=120 prev_state=0 next_comm=kschedfreq:0 next_pid=1197 next_prio=49
          <idle>-0     [003]  1428.477396: sched_switch:          prev_comm=swapper/3 prev_pid=0 prev_prio=120 prev_state=0 next_comm=adbd next_pid=2051 next_prio=120
    kschedfreq:0-1197  [000]  1428.477404: sched_switch:          prev_comm=kschedfreq:0 prev_pid=1197 prev_prio=49 prev_state=2 next_comm=swapper/0 next_pid=0 next_prio=120
            adbd-2051  [003]  1428.477505: sched_switch:          prev_comm=adbd prev_pid=2051 prev_prio=120 prev_state=1 next_comm=swapper/3 next_pid=0 next_prio=120
          <idle>-0     [000]  1428.478282: sched_switch:          prev_comm=swapper/0 prev_pid=0 prev_prio=120 prev_state=0 next_comm=WifiService next_pid=2255 next_prio=120
          <idle>-0     [001]  1428.478673: sched_switch:          prev_comm=swapper/1 prev_pid=0 prev_prio=120 prev_state=0 next_comm=->transport next_pid=3031 next_prio=120
     WifiService-2255  [000]  1428.478705: sched_switch:          prev_comm=WifiService prev_pid=2255 prev_prio=120 prev_state=2048 next_comm=kschedfreq:0 next_pid=1197 next_prio=49
     ->transport-3031  [001]  1428.478707: sched_switch:          prev_comm=->transport prev_pid=3031 prev_prio=120 prev_state=1 next_comm=swapper/1 next_pid=0 next_prio=120
    kschedfreq:0-1197  [000]  1428.478714: sched_switch:          prev_comm=kschedfreq:0 prev_pid=1197 prev_prio=49 prev_state=2 next_comm=WifiService next_pid=2255 next_prio=120
     WifiService-2255  [000]  1428.479199: sched_switch:          prev_comm=WifiService prev_pid=2255 prev_prio=120 prev_state=1 next_comm=swapper/0 next_pid=0 next_prio=120
          <idle>-0     [000]  1428.480405: sched_switch:          prev_comm=swapper/0 prev_pid=0 prev_prio=120 prev_state=0 next_comm=kschedfreq:0 next_pid=1197 next_prio=49
    kschedfreq:0-1197  [000]  1428.480413: sched_switch:          prev_comm=kschedfreq:0 prev_pid=1197 prev_prio=49 prev_state=2 next_comm=<-transport next_pid=3032 next_prio=120
          <idle>-0     [003]  1428.480448: sched_switch:          prev_comm=swapper/3 prev_pid=0 prev_prio=120 prev_state=0 next_comm=adbd next_pid=2051 next_prio=120
     <-transport-3032  [000]  1428.480495: sched_switch:          prev_comm=<-transport prev_pid=3032 prev_prio=120 prev_state=1 next_comm=swapper/0 next_pid=0 next_prio=120
          <idle>-0     [001]  1428.480519: sched_switch:          prev_comm=swapper/1 prev_pid=0 prev_prio=120 prev_state=0 next_comm=ksoftirqd/1 next_pid=14 next_prio=120
          <idle>-0     [000]  1428.480528: sched_switch:          prev_comm=swapper/0 prev_pid=0 prev_prio=120 prev_state=0 next_comm=kschedfreq:0 next_pid=1197 next_prio=49
    kschedfreq:0-1197  [000]  1428.480549: sched_switch:          prev_comm=kschedfreq:0 prev_pid=1197 prev_prio=49 prev_state=2 next_comm=rcu_preempt next_pid=7 next_prio=120
     rcu_preempt-7     [000]  1428.480578: sched_switch:          prev_comm=rcu_preempt prev_pid=7 prev_prio=120 prev_state=1 next_comm=swapper/0 next_pid=0 next_prio=120
     ksoftirqd/1-14    [001]  1428.480591: sched_switch:          prev_comm=ksoftirqd/1 prev_pid=14 prev_prio=120 prev_state=1 next_comm=swapper/1 next_pid=0 next_prio=120
            adbd-2051  [003]  1428.480630: sched_switch:          prev_comm=adbd prev_pid=2051 prev_prio=120 prev_state=1 next_comm=swapper/3 next_pid=0 next_prio=120
          <idle>-0     [002]  1428.480804: sched_switch:          prev_comm=swapper/2 prev_pid=0 prev_prio=120 prev_state=0 next_comm=->transport next_pid=3031 next_prio=120
     ->transport-3031  [002]  1428.480861: sched_switch:          prev_comm=->transport prev_pid=3031 prev_prio=120 prev_state=1 next_comm=swapper/2 next_pid=0 next_prio=120
          <idle>-0     [000]  1428.482286: sched_switch:          prev_comm=swapper/0 prev_pid=0 prev_prio=120 prev_state=0 next_comm=kschedfreq:0 next_pid=1197 next_prio=49
    kschedfreq:0-1197  [000]  1428.482294: sched_switch:          prev_comm=kschedfreq:0 prev_pid=1197 prev_prio=49 prev_state=2 next_comm=<-transport next_pid=3032 next_prio=120
     <-transport-3032  [000]  1428.482355: sched_switch:          prev_comm=<-transport prev_pid=3032 prev_prio=120 prev_state=1 next_comm=swapper/0 next_pid=0 next_prio=120
          <idle>-0     [002]  1428.482572: sched_switch:          prev_comm=swapper/2 prev_pid=0 prev_prio=120 prev_state=0 next_comm=->transport next_pid=3031 next_prio=120
          <idle>-0     [003]  1428.482585: sched_switch:          prev_comm=swapper/3 prev_pid=0 prev_prio=120 prev_state=0 next_comm=adbd next_pid=2051 next_prio=120
     ->transport-3031  [002]  1428.482606: sched_switch:          prev_comm=->transport prev_pid=3031 prev_prio=120 prev_state=1 next_comm=swapper/2 next_pid=0 next_prio=120
            adbd-2051  [003]  1428.482661: sched_switch:          prev_comm=adbd prev_pid=2051 prev_prio=120 prev_state=1 next_comm=swapper/3 next_pid=0 next_prio=120
          <idle>-0     [002]  1428.484479: sched_switch:          prev_comm=swapper/2 prev_pid=0 prev_prio=120 prev_state=0 next_comm=->transport next_pid=3031 next_prio=120
          <idle>-0     [000]  1428.484493: sched_switch:          prev_comm=swapper/0 prev_pid=0 prev_prio=120 prev_state=0 next_comm=rcu_preempt next_pid=7 next_prio=120
     ->transport-3031  [002]  1428.484511: sched_switch:          prev_comm=->transport prev_pid=3031 prev_prio=120 prev_state=1 next_comm=swapper/2 next_pid=0 next_prio=120
     rcu_preempt-7     [000]  1428.484521: sched_switch:          prev_comm=rcu_preempt prev_pid=7 prev_prio=120 prev_state=1 next_comm=swapper/0 next_pid=0 next_prio=120
          <idle>-0     [000]  1428.488485: sched_switch:          prev_comm=swapper/0 prev_pid=0 prev_prio=120 prev_state=0 next_comm=ksoftirqd/0 next_pid=3 next_prio=120
     ksoftirqd/0-3     [000]  1428.488541: sched_switch:          prev_comm=ksoftirqd/0 prev_pid=3 prev_prio=120 prev_state=1 next_comm=rcu_preempt next_pid=7 next_prio=120
     rcu_preempt-7     [000]  1428.488562: sched_switch:          prev_comm=rcu_preempt prev_pid=7 prev_prio=120 prev_state=1 next_comm=swapper/0 next_pid=0 next_prio=120
          <idle>-0     [000]  1428.490896: sched_switch:          prev_comm=swapper/0 prev_pid=0 prev_prio=120 prev_state=0 next_comm=kschedfreq:0 next_pid=1197 next_prio=49
    kschedfreq:0-1197  [000]  1428.490967: cpu_frequency:         state=533000 cpu_id=0
    kschedfreq:0-1197  [000]  1428.490990: cpu_frequency:         state=533000 cpu_id=1
    kschedfreq:0-1197  [000]  1428.490993: cpu_frequency:         state=533000 cpu_id=2
    kschedfreq:0-1197  [000]  1428.490995: cpu_frequency:         state=533000 cpu_id=3
    kschedfreq:0-1197  [000]  1428.491006: sched_switch:          prev_comm=kschedfreq:0 prev_pid=1197 prev_prio=49 prev_state=1 next_comm=swapper/0 next_pid=0 next_prio=120
          <idle>-0     [000]  1428.492482: sched_switch:          prev_comm=swapper/0 prev_pid=0 prev_prio=120 prev_state=0 next_comm=ksoftirqd/0 next_pid=3 next_prio=120
     ksoftirqd/0-3     [000]  1428.492492: sched_switch:          prev_comm=ksoftirqd/0 prev_pid=3 prev_prio=120 prev_state=1 next_comm=rcu_preempt next_pid=7 next_prio=120
     rcu_preempt-7     [000]  1428.492511: sched_switch:          prev_comm=rcu_preempt prev_pid=7 prev_prio=120 prev_state=1 next_comm=swapper/0 next_pid=0 next_prio=120
          <idle>-0     [000]  1428.496816: sched_switch:          prev_comm=swapper/0 prev_pid=0 prev_prio=120 prev_state=0 next_comm=rcu_preempt next_pid=7 next_prio=120
     rcu_preempt-7     [000]  1428.496832: sched_switch:          prev_comm=rcu_preempt prev_pid=7 prev_prio=120 prev_state=1 next_comm=swapper/0 next_pid=0 next_prio=120
          <idle>-0     [000]  1428.514216: sched_switch:          prev_comm=swapper/0 prev_pid=0 prev_prio=120 prev_state=0 next_comm=<-transport next_pid=3032 next_prio=120
     <-transport-3032  [000]  1428.514245: sched_switch:          prev_comm=<-transport prev_pid=3032 prev_prio=120 prev_state=1 next_comm=swapper/0 next_pid=0 next_prio=120
          <idle>-0     [000]  1428.518080: sched_switch:          prev_comm=swapper/0 prev_pid=0 prev_prio=120 prev_state=0 next_comm=<-transport next_pid=3032 next_prio=120
     <-transport-3032  [000]  1428.518130: sched_switch:          prev_comm=<-transport prev_pid=3032 prev_prio=120 prev_state=1 next_comm=swapper/0 next_pid=0 next_prio=120
          <idle>-0     [003]  1428.518368: sched_switch:          prev_comm=swapper/3 prev_pid=0 prev_prio=120 prev_state=0 next_comm=adbd next_pid=2051 next_prio=120
          <idle>-0     [002]  1428.518682: sched_switch:          prev_comm=swapper/2 prev_pid=0 prev_prio=120 prev_state=0 next_comm=->transport next_pid=3031 next_prio=120
     ->transport-3031  [002]  1428.518697: sched_switch:          prev_comm=->transport prev_pid=3031 prev_prio=120 prev_state=1 next_comm=swapper/2 next_pid=0 next_prio=120
            adbd-2051  [003]  1428.519775: sched_switch:          prev_comm=adbd prev_pid=2051 prev_prio=120 prev_state=1 next_comm=swapper/3 next_pid=0 next_prio=120
          <idle>-0     [002]  1428.519796: sched_switch:          prev_comm=swapper/2 prev_pid=0 prev_prio=120 prev_state=0 next_comm=adbd next_pid=3401 next_prio=120
              sh-3401  [002]  1428.520249: sched_switch:          prev_comm=adbd prev_pid=3401 prev_prio=120 prev_state=2048 next_comm=migration/2 next_pid=18 next_prio=0
     migration/2-18    [002]  1428.520293: sched_switch:          prev_comm=migration/2 prev_pid=18 prev_prio=0 prev_state=1 next_comm=swapper/2 next_pid=0 next_prio=120
          <idle>-0     [003]  1428.520548: sched_switch:          prev_comm=swapper/3 prev_pid=0 prev_prio=120 prev_state=0 next_comm=adbd next_pid=3401 next_prio=120
          <idle>-0     [000]  1428.525003: sched_switch:          prev_comm=swapper/0 prev_pid=0 prev_prio=120 prev_state=0 next_comm=rcu_preempt next_pid=7 next_prio=120
     rcu_preempt-7     [000]  1428.525116: sched_switch:          prev_comm=rcu_preempt prev_pid=7 prev_prio=120 prev_state=1 next_comm=adbd next_pid=2051 next_prio=120
          <idle>-0     [002]  1428.526024: sched_switch:          prev_comm=swapper/2 prev_pid=0 prev_prio=120 prev_state=0 next_comm=adbd next_pid=3402 next_prio=120
            adbd-2051  [000]  1428.526107: sched_switch:          prev_comm=adbd prev_pid=2051 prev_prio=120 prev_state=1 next_comm=swapper/0 next_pid=0 next_prio=120
          <idle>-0     [001]  1428.526156: sched_switch:          prev_comm=swapper/1 prev_pid=0 prev_prio=120 prev_state=0 next_comm=->transport next_pid=3031 next_prio=120
           shell-3402  [002]  1428.526163: sched_switch:          prev_comm=shell srvc 3401 prev_pid=3402 prev_prio=120 prev_state=1 next_comm=swapper/2 next_pid=0 next_prio=120
     ->transport-3031  [001]  1428.526279: sched_switch:          prev_comm=->transport prev_pid=3031 prev_prio=120 prev_state=1 next_comm=swapper/1 next_pid=0 next_prio=120
          <idle>-0     [001]  1428.526620: sched_switch:          prev_comm=swapper/1 prev_pid=0 prev_prio=120 prev_state=0 next_comm=->transport next_pid=3031 next_prio=120
     ->transport-3031  [001]  1428.526671: sched_switch:          prev_comm=->transport prev_pid=3031 prev_prio=120 prev_state=1 next_comm=swapper/1 next_pid=0 next_prio=120
              sh-3401  [003]  1428.527683: sched_switch:          prev_comm=sh prev_pid=3401 prev_prio=120 prev_state=2048 next_comm=<-transport next_pid=3032 next_prio=120
     <-transport-3032  [003]  1428.527747: sched_switch:          prev_comm=<-transport prev_pid=3032 prev_prio=120 prev_state=1 next_comm=sh next_pid=3401 next_prio=120
          <idle>-0     [000]  1428.528544: sched_switch:          prev_comm=swapper/0 prev_pid=0 prev_prio=120 prev_state=0 next_comm=rcu_preempt next_pid=7 next_prio=120
     rcu_preempt-7     [000]  1428.528585: sched_switch:          prev_comm=rcu_preempt prev_pid=7 prev_prio=120 prev_state=1 next_comm=swapper/0 next_pid=0 next_prio=120
              sh-3401  [003]  1428.531681: sched_switch:          prev_comm=sh prev_pid=3401 prev_prio=120 prev_state=2048 next_comm=<-transport next_pid=3032 next_prio=120
     <-transport-3032  [003]  1428.531943: sched_switch:          prev_comm=<-transport prev_pid=3032 prev_prio=120 prev_state=1 next_comm=adbd next_pid=2051 next_prio=120
            adbd-2051  [003]  1428.532258: sched_switch:          prev_comm=adbd prev_pid=2051 prev_prio=120 prev_state=1 next_comm=->transport next_pid=3031 next_prio=120
     ->transport-3031  [003]  1428.532310: sched_switch:          prev_comm=->transport prev_pid=3031 prev_prio=120 prev_state=1 next_comm=sh next_pid=3401 next_prio=120
              sh-3401  [003]  1428.532338: sched_switch:          prev_comm=sh prev_pid=3401 prev_prio=120 prev_state=2048 next_comm=->transport next_pid=3031 next_prio=120
     ->transport-3031  [003]  1428.532358: sched_switch:          prev_comm=->transport prev_pid=3031 prev_prio=120 prev_state=1 next_comm=shell srvc 3401 next_pid=3402 next_prio=120
           shell-3402  [003]  1428.532437: sched_switch:          prev_comm=shell srvc 3401 prev_pid=3402 prev_prio=120 prev_state=1 next_comm=sh next_pid=3401 next_prio=120
          <idle>-0     [000]  1428.532545: sched_switch:          prev_comm=swapper/0 prev_pid=0 prev_prio=120 prev_state=0 next_comm=rcu_preempt next_pid=7 next_prio=120
     rcu_preempt-7     [000]  1428.532607: sched_switch:          prev_comm=rcu_preempt prev_pid=7 prev_prio=120 prev_state=1 next_comm=swapper/0 next_pid=0 next_prio=120
          <idle>-0     [000]  1428.536404: sched_switch:          prev_comm=swapper/0 prev_pid=0 prev_prio=120 prev_state=0 next_comm=sh next_pid=3403 next_prio=120
              sh-3401  [003]  1428.537528: sched_switch:          prev_comm=sh prev_pid=3401 prev_prio=120 prev_state=1 next_comm=rcu_preempt next_pid=7 next_prio=120
              sh-3403  [000]  1428.537605: sched_switch:          prev_comm=sh prev_pid=3403 prev_prio=120 prev_state=2048 next_comm=kschedfreq:0 next_pid=1197 next_prio=49
          <idle>-0     [001]  1428.537621: sched_switch:          prev_comm=swapper/1 prev_pid=0 prev_prio=120 prev_state=0 next_comm=sh next_pid=3404 next_prio=120
     rcu_preempt-7     [003]  1428.537643: sched_switch:          prev_comm=rcu_preempt prev_pid=7 prev_prio=120 prev_state=1 next_comm=swapper/3 next_pid=0 next_prio=120
    kschedfreq:0-1197  [000]  1428.537712: cpu_frequency:         state=999000 cpu_id=0
    kschedfreq:0-1197  [000]  1428.537724: cpu_frequency:         state=999000 cpu_id=1
    kschedfreq:0-1197  [000]  1428.537726: cpu_frequency:         state=999000 cpu_id=2
    kschedfreq:0-1197  [000]  1428.537728: cpu_frequency:         state=999000 cpu_id=3
    kschedfreq:0-1197  [000]  1428.537754: sched_switch:          prev_comm=kschedfreq:0 prev_pid=1197 prev_prio=49 prev_state=1 next_comm=sh next_pid=3403 next_prio=120
              sh-3403  [000]  1428.537763: sched_switch:          prev_comm=sh prev_pid=3403 prev_prio=120 prev_state=2048 next_comm=kschedfreq:0 next_pid=1197 next_prio=49
    kschedfreq:0-1197  [000]  1428.537772: sched_switch:          prev_comm=kschedfreq:0 prev_pid=1197 prev_prio=49 prev_state=2 next_comm=sh next_pid=3403 next_prio=120
              sh-3404  [001]  1428.538487: sched_switch:          prev_comm=sh prev_pid=3404 prev_prio=120 prev_state=2048 next_comm=migration/1 next_pid=13 next_prio=0
              sh-3403  [000]  1428.538537: sched_switch:          prev_comm=sh prev_pid=3403 prev_prio=120 prev_state=64 next_comm=kschedfreq:0 next_pid=1197 next_prio=49
          <idle>-0     [003]  1428.538540: sched_switch:          prev_comm=swapper/3 prev_pid=0 prev_prio=120 prev_state=0 next_comm=sh next_pid=3401 next_prio=120
     migration/1-13    [001]  1428.538551: sched_switch:          prev_comm=migration/1 prev_pid=13 prev_prio=0 prev_state=1 next_comm=swapper/1 next_pid=0 next_prio=120
    kschedfreq:0-1197  [000]  1428.538565: sched_switch:          prev_comm=kschedfreq:0 prev_pid=1197 prev_prio=49 prev_state=2 next_comm=swapper/0 next_pid=0 next_prio=120
              sh-3401  [003]  1428.538733: sched_switch:          prev_comm=sh prev_pid=3401 prev_prio=120 prev_state=1 next_comm=swapper/3 next_pid=0 next_prio=120
          <idle>-0     [002]  1428.538838: sched_switch:          prev_comm=swapper/2 prev_pid=0 prev_prio=120 prev_state=0 next_comm=sh next_pid=3404 next_prio=120
          <idle>-0     [000]  1428.540528: sched_switch:          prev_comm=swapper/0 prev_pid=0 prev_prio=120 prev_state=0 next_comm=kschedfreq:0 next_pid=1197 next_prio=49
    kschedfreq:0-1197  [000]  1428.540553: sched_switch:          prev_comm=kschedfreq:0 prev_pid=1197 prev_prio=49 prev_state=2 next_comm=swapper/0 next_pid=0 next_prio=120
          <idle>-0     [000]  1428.540561: sched_switch:          prev_comm=swapper/0 prev_pid=0 prev_prio=120 prev_state=0 next_comm=kschedfreq:0 next_pid=1197 next_prio=49
    kschedfreq:0-1197  [000]  1428.540571: sched_switch:          prev_comm=kschedfreq:0 prev_pid=1197 prev_prio=49 prev_state=2 next_comm=swapper/0 next_pid=0 next_prio=120
          <idle>-0     [003]  1428.540582: sched_switch:          prev_comm=swapper/3 prev_pid=0 prev_prio=120 prev_state=0 next_comm=rcu_preempt next_pid=7 next_prio=120
     rcu_preempt-7     [003]  1428.540630: sched_switch:          prev_comm=rcu_preempt prev_pid=7 prev_prio=120 prev_state=1 next_comm=swapper/3 next_pid=0 next_prio=120
          <idle>-0     [000]  1428.544555: sched_switch:          prev_comm=swapper/0 prev_pid=0 prev_prio=120 prev_state=0 next_comm=kschedfreq:0 next_pid=1197 next_prio=49
          <idle>-0     [003]  1428.544601: sched_switch:          prev_comm=swapper/3 prev_pid=0 prev_prio=120 prev_state=0 next_comm=rcu_preempt next_pid=7 next_prio=120
    kschedfreq:0-1197  [000]  1428.544601: sched_switch:          prev_comm=kschedfreq:0 prev_pid=1197 prev_prio=49 prev_state=2 next_comm=swapper/0 next_pid=0 next_prio=120
     rcu_preempt-7     [003]  1428.544652: sched_switch:          prev_comm=rcu_preempt prev_pid=7 prev_prio=120 prev_state=1 next_comm=swapper/3 next_pid=0 next_prio=120
          <idle>-0     [000]  1428.548549: sched_switch:          prev_comm=swapper/0 prev_pid=0 prev_prio=120 prev_state=0 next_comm=kschedfreq:0 next_pid=1197 next_prio=49
          <idle>-0     [003]  1428.548582: sched_switch:          prev_comm=swapper/3 prev_pid=0 prev_prio=120 prev_state=0 next_comm=rcu_preempt next_pid=7 next_prio=120
    kschedfreq:0-1197  [000]  1428.548591: sched_switch:          prev_comm=kschedfreq:0 prev_pid=1197 prev_prio=49 prev_state=2 next_comm=swapper/0 next_pid=0 next_prio=120
     rcu_preempt-7     [003]  1428.548628: sched_switch:          prev_comm=rcu_preempt prev_pid=7 prev_prio=120 prev_state=1 next_comm=swapper/3 next_pid=0 next_prio=120
              sh-3404  [002]  1428.551495: sched_switch:          prev_comm=su prev_pid=3404 prev_prio=120 prev_state=2048 next_comm=migration/2 next_pid=18 next_prio=0
          <idle>-0     [000]  1428.551592: sched_switch:          prev_comm=swapper/0 prev_pid=0 prev_prio=120 prev_state=0 next_comm=su next_pid=3404 next_prio=120
     migration/2-18    [002]  1428.551618: sched_switch:          prev_comm=migration/2 prev_pid=18 prev_prio=0 prev_state=1 next_comm=swapper/2 next_pid=0 next_prio=120
              sh-3404  [000]  1428.552905: sched_switch:          prev_comm=sh prev_pid=3404 prev_prio=120 prev_state=2048 next_comm=kschedfreq:0 next_pid=1197 next_prio=49
          <idle>-0     [003]  1428.552920: sched_switch:          prev_comm=swapper/3 prev_pid=0 prev_prio=120 prev_state=0 next_comm=rcu_preempt next_pid=7 next_prio=120
    kschedfreq:0-1197  [000]  1428.552937: sched_switch:          prev_comm=kschedfreq:0 prev_pid=1197 prev_prio=49 prev_state=2 next_comm=sh next_pid=3404 next_prio=120
     rcu_preempt-7     [003]  1428.552987: sched_switch:          prev_comm=rcu_preempt prev_pid=7 prev_prio=120 prev_state=1 next_comm=swapper/3 next_pid=0 next_prio=120
          <idle>-0     [003]  1428.556659: sched_switch:          prev_comm=swapper/3 prev_pid=0 prev_prio=120 prev_state=0 next_comm=rcu_preempt next_pid=7 next_prio=120
     rcu_preempt-7     [003]  1428.556729: sched_switch:          prev_comm=rcu_preempt prev_pid=7 prev_prio=120 prev_state=1 next_comm=swapper/3 next_pid=0 next_prio=120
          <idle>-0     [003]  1428.560855: sched_switch:          prev_comm=swapper/3 prev_pid=0 prev_prio=120 prev_state=0 next_comm=rcu_preempt next_pid=7 next_prio=120
     rcu_preempt-7     [003]  1428.560950: sched_switch:          prev_comm=rcu_preempt prev_pid=7 prev_prio=120 prev_state=1 next_comm=swapper/3 next_pid=0 next_prio=120
          <idle>-0     [003]  1428.565230: sched_switch:          prev_comm=swapper/3 prev_pid=0 prev_prio=120 prev_state=0 next_comm=rcu_preempt next_pid=7 next_prio=120
     rcu_preempt-7     [003]  1428.565320: sched_switch:          prev_comm=rcu_preempt prev_pid=7 prev_prio=120 prev_state=1 next_comm=swapper/3 next_pid=0 next_prio=120
          <idle>-0     [003]  1428.566125: sched_switch:          prev_comm=swapper/3 prev_pid=0 prev_prio=120 prev_state=0 next_comm=sh next_pid=3405 next_prio=120
              sh-3404  [000]  1428.566315: sched_switch:          prev_comm=sh prev_pid=3404 prev_prio=120 prev_state=1 next_comm=swapper/0 next_pid=0 next_prio=120
         shutils-3405  [003]  1428.566674: sched_switch:          prev_comm=sh prev_pid=3405 prev_prio=120 prev_state=2048 next_comm=migration/3 next_pid=23 next_prio=0
