          <idle>-0     [004]  1429.061360: sched_switch:          prev_comm=swapper/4 prev_pid=0 prev_prio=120 prev_state=0 next_comm=task_ramp next_pid=3429 next_prio=120
       task_ramp-3429  [004]  1429.062404: sched_switch:          prev_comm=task_ramp prev_pid=3429 prev_prio=120 prev_state=1 next_comm=swapper/4 next_pid=0 next_prio=120
          <idle>-0     [004]  1429.071337: sched_switch:          prev_comm=swapper/4 prev_pid=0 prev_prio=120 prev_state=0 next_comm=task_ramp next_pid=3429 next_prio=120
       task_ramp-3429  [004]  1429.072500: sched_switch:          prev_comm=task_ramp prev_pid=3429 prev_prio=120 prev_state=1 next_comm=swapper/4 next_pid=0 next_prio=120
          <idle>-0     [004]  1429.081350: sched_switch:          prev_comm=swapper/4 prev_pid=0 prev_prio=120 prev_state=0 next_comm=task_ramp next_pid=3429 next_prio=120
       task_ramp-3429  [004]  1429.082394: sched_switch:          prev_comm=task_ramp prev_pid=3429 prev_prio=120 prev_state=1 next_comm=swapper/4 next_pid=0 next_prio=120
          <idle>-0     [004]  1429.091330: sched_switch:          prev_comm=swapper/4 prev_pid=0 prev_prio=120 prev_state=0 next_comm=task_ramp next_pid=3429 next_prio=120
       task_ramp-3429  [004]  1429.092373: sched_switch:          prev_comm=task_ramp prev_pid=3429 prev_prio=120 prev_state=1 next_comm=swapper/4 next_pid=0 next_prio=120
          <idle>-0     [004]  1429.101339: sched_switch:          prev_comm=swapper/4 prev_pid=0 prev_prio=120 prev_state=0 next_comm=task_ramp next_pid=3429 next_prio=120
       task_ramp-3429  [004]  1429.102382: sched_switch:          prev_comm=task_ramp prev_pid=3429 prev_prio=120 prev_state=1 next_comm=swapper/4 next_pid=0 next_prio=120
          <idle>-0     [004]  1429.111351: sched_switch:          prev_comm=swapper/4 prev_pid=0 prev_prio=120 prev_state=0 next_comm=task_ramp next_pid=3429 next_prio=120
       task_ramp-3429  [004]  1429.112395: sched_switch:          prev_comm=task_ramp prev_pid=3429 prev_prio=120 prev_state=1 next_comm=swapper/4 next_pid=0 next_prio=120
          <idle>-0     [004]  1429.121332: sched_switch:          prev_comm=swapper/4 prev_pid=0 prev_prio=120 prev_state=0 next_comm=task_ramp next_pid=3429 next_prio=120
       task_ramp-3429  [004]  1429.122375: sched_switch:          prev_comm=task_ramp prev_pid=3429 prev_prio=120 prev_state=1 next_comm=swapper/4 next_pid=0 next_prio=120
          <idle>-0     [004]  1429.131342: sched_switch:          prev_comm=swapper/4 prev_pid=0 prev_prio=120 prev_state=0 next_comm=task_ramp next_pid=3429 next_prio=120
       task_ramp-3429  [004]  1429.132385: sched_switch:          prev_comm=task_ramp prev_pid=3429 prev_prio=120 prev_state=1 next_comm=swapper/4 next_pid=0 next_prio=120
          <idle>-0     [004]  1429.141354: sched_switch:          prev_comm=swapper/4 prev_pid=0 prev_prio=120 prev_state=0 next_comm=task_ramp next_pid=3429 next_prio=120
       task_ramp-3429  [004]  1429.142397: sched_switch:          prev_comm=task_ramp prev_pid=3429 prev_prio=120 prev_state=1 next_comm=swapper/4 next_pid=0 next_prio=120
          <idle>-0     [004]  1429.151337: sched_switch:          prev_comm=swapper/4 prev_pid=0 prev_prio=120 prev_state=0 next_comm=task_ramp next_pid=3429 next_prio=120
       task_ramp-3429  [004]  1429.152380: sched_switch:          prev_comm=task_ramp prev_pid=3429 prev_prio=120 prev_state=1 next_comm=swapper/4 next_pid=0 next_prio=120
          <idle>-0     [004]  1429.161343: sched_switch:          prev_comm=swapper/4 prev_pid=0 prev_prio=120 prev_state=0 next_comm=task_ramp next_pid=3429 next_prio=120
       task_ramp-3429  [004]  1429.162387: sched_switch:          prev_comm=task_ramp prev_pid=3429 prev_prio=120 prev_state=1 next_comm=swapper/4 next_pid=0 next_prio=120
          <idle>-0     [004]  1429.171355: sched_switch:          prev_comm=swapper/4 prev_pid=0 prev_prio=120 prev_state=0 next_comm=task_ramp next_pid=3429 next_prio=120
       task_ramp-3429  [004]  1429.172398: sched_switch:          prev_comm=task_ramp prev_pid=3429 prev_prio=120 prev_state=1 next_comm=swapper/4 next_pid=0 next_prio=120
          <idle>-0     [000]  1429.176751: sched_switch:          prev_comm=swapper/0 prev_pid=0 prev_prio=120 prev_state=0 next_comm=kschedfreq:0 next_pid=1197 next_prio=49
    kschedfreq:0-1197  [000]  1429.176771: cpu_frequency:         state=533000 cpu_id=0
    kschedfreq:0-1197  [000]  1429.176781: cpu_frequency:         state=533000 cpu_id=1
    kschedfreq:0-1197  [000]  1429.176783: cpu_frequency:         state=533000 cpu_id=2
    kschedfreq:0-1197  [000]  1429.176786: cpu_frequency:         state=533000 cpu_id=3
    kschedfreq:0-1197  [000]  1429.176793: sched_switch:          prev_comm=kschedfreq:0 prev_pid=1197 prev_prio=49 prev_state=1 next_comm=kworker/0:1 next_pid=594 next_prio=120
     kworker/0:1-594   [000]  1429.176950: sched_switch:          prev_comm=kworker/0:1 prev_pid=594 prev_prio=120 prev_state=1 next_comm=swapper/0 next_pid=0 next_prio=120
          <idle>-0     [005]  1429.177049: sched_switch:          prev_comm=swapper/5 prev_pid=0 prev_prio=120 prev_state=0 next_comm=kworker/5:1 next_pid=1314 next_prio=120
          <idle>-0     [006]  1429.177056: sched_switch:          prev_comm=swapper/6 prev_pid=0 prev_prio=120 prev_state=0 next_comm=kworker/6:1 next_pid=1420 next_prio=120
          <idle>-0     [007]  1429.177066: sched_switch:          prev_comm=swapper/7 prev_pid=0 prev_prio=120 prev_state=0 next_comm=kworker/7:1 next_pid=1319 next_prio=120
           <...>-1314  [005]  1429.177077: sched_switch:          prev_comm=kworker/5:1 prev_pid=1314 prev_prio=120 prev_state=1 next_comm=swapper/5 next_pid=0 next_prio=120
           <...>-1420  [006]  1429.177082: sched_switch:          prev_comm=kworker/6:1 prev_pid=1420 prev_prio=120 prev_state=1 next_comm=swapper/6 next_pid=0 next_prio=120
     kworker/7:1-1319  [007]  1429.177092: sched_switch:          prev_comm=kworker/7:1 prev_pid=1319 prev_prio=120 prev_state=1 next_comm=swapper/7 next_pid=0 next_prio=120
          <idle>-0     [004]  1429.181336: sched_switch:          prev_comm=swapper/4 prev_pid=0 prev_prio=120 prev_state=0 next_comm=task_ramp next_pid=3429 next_prio=120
       task_ramp-3429  [004]  1429.182379: sched_switch:          prev_comm=task_ramp prev_pid=3429 prev_prio=120 prev_state=1 next_comm=swapper/4 next_pid=0 next_prio=120
          <idle>-0     [004]  1429.191345: sched_switch:          prev_comm=swapper/4 prev_pid=0 prev_prio=120 prev_state=0 next_comm=task_ramp next_pid=3429 next_prio=120
       task_ramp-3429  [004]  1429.192388: sched_switch:          prev_comm=task_ramp prev_pid=3429 prev_prio=120 prev_state=1 next_comm=swapper/4 next_pid=0 next_prio=120
          <idle>-0     [004]  1429.201356: sched_switch:          prev_comm=swapper/4 prev_pid=0 prev_prio=120 prev_state=0 next_comm=task_ramp next_pid=3429 next_prio=120
       task_ramp-3429  [004]  1429.202399: sched_switch:          prev_comm=task_ramp prev_pid=3429 prev_prio=120 prev_state=1 next_comm=swapper/4 next_pid=0 next_prio=120
          <idle>-0     [004]  1429.211337: sched_switch:          prev_comm=swapper/4 prev_pid=0 prev_prio=120 prev_state=0 next_comm=task_ramp next_pid=3429 next_prio=120
       task_ramp-3429  [004]  1429.212381: sched_switch:          prev_comm=task_ramp prev_pid=3429 prev_prio=120 prev_state=1 next_comm=swapper/4 next_pid=0 next_prio=120
          <idle>-0     [004]  1429.221348: sched_switch:          prev_comm=swapper/4 prev_pid=0 prev_prio=120 prev_state=0 next_comm=task_ramp next_pid=3429 next_prio=120
       task_ramp-3429  [004]  1429.222392: sched_switch:          prev_comm=task_ramp prev_pid=3429 prev_prio=120 prev_state=1 next_comm=swapper/4 next_pid=0 next_prio=120
          <idle>-0     [004]  1429.231328: sched_switch:          prev_comm=swapper/4 prev_pid=0 prev_prio=120 prev_state=0 next_comm=task_ramp next_pid=3429 next_prio=120
       task_ramp-3429  [004]  1429.232371: sched_switch:          prev_comm=task_ramp prev_pid=3429 prev_prio=120 prev_state=1 next_comm=swapper/4 next_pid=0 next_prio=120
          <idle>-0     [004]  1429.241338: sched_switch:          prev_comm=swapper/4 prev_pid=0 prev_prio=120 prev_state=0 next_comm=task_ramp next_pid=3429 next_prio=120
       task_ramp-3429  [004]  1429.242382: sched_switch:          prev_comm=task_ramp prev_pid=3429 prev_prio=120 prev_state=1 next_comm=swapper/4 next_pid=0 next_prio=120
          <idle>-0     [004]  1429.251349: sched_switch:          prev_comm=swapper/4 prev_pid=0 prev_prio=120 prev_state=0 next_comm=task_ramp next_pid=3429 next_prio=120
       task_ramp-3429  [004]  1429.252392: sched_switch:          prev_comm=task_ramp prev_pid=3429 prev_prio=120 prev_state=1 next_comm=swapper/4 next_pid=0 next_prio=120
          <idle>-0     [004]  1429.261331: sched_switch:          prev_comm=swapper/4 prev_pid=0 prev_prio=120 prev_state=0 next_comm=task_ramp next_pid=3429 next_prio=120
       task_ramp-3429  [004]  1429.262374: sched_switch:          prev_comm=task_ramp prev_pid=3429 prev_prio=120 prev_state=1 next_comm=swapper/4 next_pid=0 next_prio=120
          <idle>-0     [004]  1429.271341: sched_switch:          prev_comm=swapper/4 prev_pid=0 prev_prio=120 prev_state=0 next_comm=task_ramp next_pid=3429 next_prio=120
       task_ramp-3429  [004]  1429.272383: sched_switch:          prev_comm=task_ramp prev_pid=3429 prev_prio=120 prev_state=1 next_comm=swapper/4 next_pid=0 next_prio=120
          <idle>-0     [004]  1429.281351: sched_switch:          prev_comm=swapper/4 prev_pid=0 prev_prio=120 prev_state=0 next_comm=task_ramp next_pid=3429 next_prio=120
       task_ramp-3429  [004]  1429.282394: sched_switch:          prev_comm=task_ramp prev_pid=3429 prev_prio=120 prev_state=1 next_comm=swapper/4 next_pid=0 next_prio=120
          <idle>-0     [004]  1429.291333: sched_switch:          prev_comm=swapper/4 prev_pid=0 prev_prio=120 prev_state=0 next_comm=task_ramp next_pid=3429 next_prio=120
       task_ramp-3429  [004]  1429.292376: sched_switch:          prev_comm=task_ramp prev_pid=3429 prev_prio=120 prev_state=1 next_comm=swapper/4 next_pid=0 next_prio=120
          <idle>-0     [004]  1429.301341: sched_switch:          prev_comm=swapper/4 prev_pid=0 prev_prio=120 prev_state=0 next_comm=task_ramp next_pid=3429 next_prio=120
       task_ramp-3429  [004]  1429.302385: sched_switch:          prev_comm=task_ramp prev_pid=3429 prev_prio=120 prev_state=1 next_comm=swapper/4 next_pid=0 next_prio=120
          <idle>-0     [004]  1429.311354: sched_switch:          prev_comm=swapper/4 prev_pid=0 prev_prio=120 prev_state=0 next_comm=task_ramp next_pid=3429 next_prio=120
       task_ramp-3429  [004]  1429.312397: sched_switch:          prev_comm=task_ramp prev_pid=3429 prev_prio=120 prev_state=1 next_comm=swapper/4 next_pid=0 next_prio=120
          <idle>-0     [004]  1429.321336: sched_switch:          prev_comm=swapper/4 prev_pid=0 prev_prio=120 prev_state=0 next_comm=task_ramp next_pid=3429 next_prio=120
       task_ramp-3429  [004]  1429.322379: sched_switch:          prev_comm=task_ramp prev_pid=3429 prev_prio=120 prev_state=1 next_comm=swapper/4 next_pid=0 next_prio=120
          <idle>-0     [004]  1429.331345: sched_switch:          prev_comm=swapper/4 prev_pid=0 prev_prio=120 prev_state=0 next_comm=task_ramp next_pid=3429 next_prio=120
       task_ramp-3429  [004]  1429.332388: sched_switch:          prev_comm=task_ramp prev_pid=3429 prev_prio=120 prev_state=1 next_comm=swapper/4 next_pid=0 next_prio=120
          <idle>-0     [004]  1429.341356: sched_switch:          prev_comm=swapper/4 prev_pid=0 prev_prio=120 prev_state=0 next_comm=task_ramp next_pid=3429 next_prio=120
       task_ramp-3429  [004]  1429.342399: sched_switch:          prev_comm=task_ramp prev_pid=3429 prev_prio=120 prev_state=1 next_comm=swapper/4 next_pid=0 next_prio=120
          <idle>-0     [004]  1429.351336: sched_switch:          prev_comm=swapper/4 prev_pid=0 prev_prio=120 prev_state=0 next_comm=task_ramp next_pid=3429 next_prio=120
       task_ramp-3429  [004]  1429.352380: sched_switch:          prev_comm=task_ramp prev_pid=3429 prev_prio=120 prev_state=1 next_comm=swapper/4 next_pid=0 next_prio=120
          <idle>-0     [004]  1429.361346: sched_switch:          prev_comm=swapper/4 prev_pid=0 prev_prio=120 prev_state=0 next_comm=task_ramp next_pid=3429 next_prio=120
       task_ramp-3429  [004]  1429.362389: sched_switch:          prev_comm=task_ramp prev_pid=3429 prev_prio=120 prev_state=1 next_comm=swapper/4 next_pid=0 next_prio=120
          <idle>-0     [004]  1429.371358: sched_switch:          prev_comm=swapper/4 prev_pid=0 prev_prio=120 prev_state=0 next_comm=task_ramp next_pid=3429 next_prio=120
       task_ramp-3429  [004]  1429.372401: sched_switch:          prev_comm=task_ramp prev_pid=3429 prev_prio=120 prev_state=1 next_comm=swapper/4 next_pid=0 next_prio=120
          <idle>-0     [004]  1429.381339: sched_switch:          prev_comm=swapper/4 prev_pid=0 prev_prio=120 prev_state=0 next_comm=task_ramp next_pid=3429 next_prio=120
       task_ramp-3429  [004]  1429.382383: sched_switch:          prev_comm=task_ramp prev_pid=3429 prev_prio=120 prev_state=1 next_comm=swapper/4 next_pid=0 next_prio=120
          <idle>-0     [004]  1429.391348: sched_switch:          prev_comm=swapper/4 prev_pid=0 prev_prio=120 prev_state=0 next_comm=task_ramp next_pid=3429 next_prio=120
       task_ramp-3429  [004]  1429.392392: sched_switch:          prev_comm=task_ramp prev_pid=3429 prev_prio=120 prev_state=1 next_comm=swapper/4 next_pid=0 next_prio=120
          <idle>-0     [004]  1429.401329: sched_switch:          prev_comm=swapper/4 prev_pid=0 prev_prio=120 prev_state=0 next_comm=task_ramp next_pid=3429 next_prio=120
       task_ramp-3429  [004]  1429.402400: sched_switch:          prev_comm=task_ramp prev_pid=3429 prev_prio=120 prev_state=1 next_comm=swapper/4 next_pid=0 next_prio=120
          <idle>-0     [004]  1429.411339: sched_switch:          prev_comm=swapper/4 prev_pid=0 prev_prio=120 prev_state=0 next_comm=task_ramp next_pid=3429 next_prio=120
       task_ramp-3429  [004]  1429.412383: sched_switch:          prev_comm=task_ramp prev_pid=3429 prev_prio=120 prev_state=1 next_comm=swapper/4 next_pid=0 next_prio=120
          <idle>-0     [004]  1429.421352: sched_switch:          prev_comm=swapper/4 prev_pid=0 prev_prio=120 prev_state=0 next_comm=task_ramp next_pid=3429 next_prio=120
       task_ramp-3429  [004]  1429.422395: sched_switch:          prev_comm=task_ramp prev_pid=3429 prev_prio=120 prev_state=1 next_comm=swapper/4 next_pid=0 next_prio=120
          <idle>-0     [004]  1429.431331: sched_switch:          prev_comm=swapper/4 prev_pid=0 prev_prio=120 prev_state=0 next_comm=task_ramp next_pid=3429 next_prio=120
       task_ramp-3429  [004]  1429.432374: sched_switch:          prev_comm=task_ramp prev_pid=3429 prev_prio=120 prev_state=1 next_comm=swapper/4 next_pid=0 next_prio=120
          <idle>-0     [004]  1429.441343: sched_switch:          prev_comm=swapper/4 prev_pid=0 prev_prio=120 prev_state=0 next_comm=task_ramp next_pid=3429 next_prio=120
       task_ramp-3429  [004]  1429.442386: sched_switch:          prev_comm=task_ramp prev_pid=3429 prev_prio=120 prev_state=1 next_comm=swapper/4 next_pid=0 next_prio=120
          <idle>-0     [004]  1429.451353: sched_switch:          prev_comm=swapper/4 prev_pid=0 prev_prio=120 prev_state=0 next_comm=task_ramp next_pid=3429 next_prio=120
       task_ramp-3429  [004]  1429.452396: sched_switch:          prev_comm=task_ramp prev_pid=3429 prev_prio=120 prev_state=1 next_comm=swapper/4 next_pid=0 next_prio=120
          <idle>-0     [004]  1429.461333: sched_switch:          prev_comm=swapper/4 prev_pid=0 prev_prio=120 prev_state=0 next_comm=task_ramp next_pid=3429 next_prio=120
       task_ramp-3429  [004]  1429.462376: sched_switch:          prev_comm=task_ramp prev_pid=3429 prev_prio=120 prev_state=1 next_comm=swapper/4 next_pid=0 next_prio=120
          <idle>-0     [004]  1429.471344: sched_switch:          prev_comm=swapper/4 prev_pid=0 prev_prio=120 prev_state=0 next_comm=task_ramp next_pid=3429 next_prio=120
       task_ramp-3429  [004]  1429.472386: sched_switch:          prev_comm=task_ramp prev_pid=3429 prev_prio=120 prev_state=1 next_comm=swapper/4 next_pid=0 next_prio=120
          <idle>-0     [000]  1429.480433: sched_switch:          prev_comm=swapper/0 prev_pid=0 prev_prio=120 prev_state=0 next_comm=WifiService next_pid=2255 next_prio=120
     WifiService-2255  [000]  1429.480967: sched_switch:          prev_comm=WifiService prev_pid=2255 prev_prio=120 prev_state=1 next_comm=swapper/0 next_pid=0 next_prio=120
          <idle>-0     [004]  1429.481357: sched_switch:          prev_comm=swapper/4 prev_pid=0 prev_prio=120 prev_state=0 next_comm=task_ramp next_pid=3429 next_prio=120
       task_ramp-3429  [004]  1429.482400: sched_switch:          prev_comm=task_ramp prev_pid=3429 prev_prio=120 prev_state=1 next_comm=swapper/4 next_pid=0 next_prio=120
          <idle>-0     [002]  1429.484705: sched_switch:          prev_comm=swapper/2 prev_pid=0 prev_prio=120 prev_state=0 next_comm=rcu_preempt next_pid=7 next_prio=120
     rcu_preempt-7     [002]  1429.484724: sched_switch:          prev_comm=rcu_preempt prev_pid=7 prev_prio=120 prev_state=1 next_comm=swapper/2 next_pid=0 next_prio=120
          <idle>-0     [002]  1429.488750: sched_switch:          prev_comm=swapper/2 prev_pid=0 prev_prio=120 prev_state=0 next_comm=kworker/2:1 next_pid=1152 next_prio=120
     kworker/2:1-1152  [002]  1429.488858: sched_switch:          prev_comm=kworker/2:1 prev_pid=1152 prev_prio=120 prev_state=1 next_comm=rcu_preempt next_pid=7 next_prio=120
     rcu_preempt-7     [002]  1429.488881: sched_switch:          prev_comm=rcu_preempt prev_pid=7 prev_prio=120 prev_state=1 next_comm=swapper/2 next_pid=0 next_prio=120
          <idle>-0     [004]  1429.491366: sched_switch:          prev_comm=swapper/4 prev_pid=0 prev_prio=120 prev_state=0 next_comm=task_ramp next_pid=3429 next_prio=120
       task_ramp-3429  [004]  1429.492409: sched_switch:          prev_comm=task_ramp prev_pid=3429 prev_prio=120 prev_state=1 next_comm=swapper/4 next_pid=0 next_prio=120
          <idle>-0     [002]  1429.492945: sched_switch:          prev_comm=swapper/2 prev_pid=0 prev_prio=120 prev_state=0 next_comm=rcu_preempt next_pid=7 next_prio=120
     rcu_preempt-7     [002]  1429.492962: sched_switch:          prev_comm=rcu_preempt prev_pid=7 prev_prio=120 prev_state=1 next_comm=swapper/2 next_pid=0 next_prio=120
          <idle>-0     [004]  1429.501349: sched_switch:          prev_comm=swapper/4 prev_pid=0 prev_prio=120 prev_state=0 next_comm=task_ramp next_pid=3429 next_prio=120
       task_ramp-3429  [004]  1429.502393: sched_switch:          prev_comm=task_ramp prev_pid=3429 prev_prio=120 prev_state=1 next_comm=swapper/4 next_pid=0 next_prio=120
          <idle>-0     [004]  1429.511325: sched_switch:          prev_comm=swapper/4 prev_pid=0 prev_prio=120 prev_state=0 next_comm=task_ramp next_pid=3429 next_prio=120
       task_ramp-3429  [004]  1429.512368: sched_switch:          prev_comm=task_ramp prev_pid=3429 prev_prio=120 prev_state=1 next_comm=swapper/4 next_pid=0 next_prio=120
          <idle>-0     [004]  1429.521339: sched_switch:          prev_comm=swapper/4 prev_pid=0 prev_prio=120 prev_state=0 next_comm=task_ramp next_pid=3429 next_prio=120
       task_ramp-3429  [004]  1429.522382: sched_switch:          prev_comm=task_ramp prev_pid=3429 prev_prio=120 prev_state=1 next_comm=swapper/4 next_pid=0 next_prio=120
          <idle>-0     [004]  1429.531349: sched_switch:          prev_comm=swapper/4 prev_pid=0 prev_prio=120 prev_state=0 next_comm=task_ramp next_pid=3429 next_prio=120
       task_ramp-3429  [004]  1429.532392: sched_switch:          prev_comm=task_ramp prev_pid=3429 prev_prio=120 prev_state=1 next_comm=swapper/4 next_pid=0 next_prio=120
          <idle>-0     [004]  1429.541328: sched_switch:          prev_comm=swapper/4 prev_pid=0 prev_prio=120 prev_state=0 next_comm=task_ramp next_pid=3429 next_prio=120
       task_ramp-3429  [004]  1429.542371: sched_switch:          prev_comm=task_ramp prev_pid=3429 prev_prio=120 prev_state=1 next_comm=swapper/4 next_pid=0 next_prio=120
          <idle>-0     [004]  1429.551342: sched_switch:          prev_comm=swapper/4 prev_pid=0 prev_prio=120 prev_state=0 next_comm=task_ramp next_pid=3429 next_prio=120
       task_ramp-3429  [004]  1429.552385: sched_switch:          prev_comm=task_ramp prev_pid=3429 prev_prio=120 prev_state=1 next_comm=swapper/4 next_pid=0 next_prio=120
          <idle>-0     [004]  1429.561350: sched_switch:          prev_comm=swapper/4 prev_pid=0 prev_prio=120 prev_state=0 next_comm=task_ramp next_pid=3429 next_prio=120
       task_ramp-3429  [004]  1429.562393: sched_switch:          prev_comm=task_ramp prev_pid=3429 prev_prio=120 prev_state=1 next_comm=swapper/4 next_pid=0 next_prio=120
          <idle>-0     [004]  1429.571330: sched_switch:          prev_comm=swapper/4 prev_pid=0 prev_prio=120 prev_state=0 next_comm=task_ramp next_pid=3429 next_prio=120
       task_ramp-3429  [004]  1429.572373: sched_switch:          prev_comm=task_ramp prev_pid=3429 prev_prio=120 prev_state=1 next_comm=swapper/4 next_pid=0 next_prio=120
          <idle>-0     [004]  1429.581342: sched_switch:          prev_comm=swapper/4 prev_pid=0 prev_prio=120 prev_state=0 next_comm=task_ramp next_pid=3429 next_prio=120
       task_ramp-3429  [004]  1429.582385: sched_switch:          prev_comm=task_ramp prev_pid=3429 prev_prio=120 prev_state=1 next_comm=swapper/4 next_pid=0 next_prio=120
          <idle>-0     [004]  1429.591351: sched_switch:          prev_comm=swapper/4 prev_pid=0 prev_prio=120 prev_state=0 next_comm=task_ramp next_pid=3429 next_prio=120
       task_ramp-3429  [004]  1429.592394: sched_switch:          prev_comm=task_ramp prev_pid=3429 prev_prio=120 prev_state=1 next_comm=swapper/4 next_pid=0 next_prio=120
          <idle>-0     [004]  1429.601334: sched_switch:          prev_comm=swapper/4 prev_pid=0 prev_prio=120 prev_state=0 next_comm=task_ramp next_pid=3429 next_prio=120
       task_ramp-3429  [004]  1429.602377: sched_switch:          prev_comm=task_ramp prev_pid=3429 prev_prio=120 prev_state=1 next_comm=swapper/4 next_pid=0 next_prio=120
          <idle>-0     [004]  1429.611343: sched_switch:          prev_comm=swapper/4 prev_pid=0 prev_prio=120 prev_state=0 next_comm=task_ramp next_pid=3429 next_prio=120
       task_ramp-3429  [004]  1429.612386: sched_switch:          prev_comm=task_ramp prev_pid=3429 prev_prio=120 prev_state=1 next_comm=swapper/4 next_pid=0 next_prio=120
          <idle>-0     [004]  1429.621354: sched_switch:          prev_comm=swapper/4 prev_pid=0 prev_prio=120 prev_state=0 next_comm=task_ramp next_pid=3429 next_prio=120
       task_ramp-3429  [004]  1429.622397: sched_switch:          prev_comm=task_ramp prev_pid=3429 prev_prio=120 prev_state=1 next_comm=swapper/4 next_pid=0 next_prio=120
          <idle>-0     [004]  1429.631334: sched_switch:          prev_comm=swapper/4 prev_pid=0 prev_prio=120 prev_state=0 next_comm=task_ramp next_pid=3429 next_prio=120
       task_ramp-3429  [004]  1429.632378: sched_switch:          prev_comm=task_ramp prev_pid=3429 prev_prio=120 prev_state=1 next_comm=swapper/4 next_pid=0 next_prio=120
          <idle>-0     [004]  1429.641346: sched_switch:          prev_comm=swapper/4 prev_pid=0 prev_prio=120 prev_state=0 next_comm=task_ramp next_pid=3429 next_prio=120
       task_ramp-3429  [004]  1429.642388: sched_switch:          prev_comm=task_ramp prev_pid=3429 prev_prio=120 prev_state=1 next_comm=swapper/4 next_pid=0 next_prio=120
          <idle>-0     [004]  1429.651356: sched_switch:          prev_comm=swapper/4 prev_pid=0 prev_prio=120 prev_state=0 next_comm=task_ramp next_pid=3429 next_prio=120
       task_ramp-3429  [004]  1429.652399: sched_switch:          prev_comm=task_ramp prev_pid=3429 prev_prio=120 prev_state=1 next_comm=swapper/4 next_pid=0 next_prio=120
          <idle>-0     [004]  1429.661336: sched_switch:          prev_comm=swapper/4 prev_pid=0 prev_prio=120 prev_state=0 next_comm=task_ramp next_pid=3429 next_prio=120
       task_ramp-3429  [004]  1429.662379: sched_switch:          prev_comm=task_ramp prev_pid=3429 prev_prio=120 prev_state=1 next_comm=swapper/4 next_pid=0 next_prio=120
          <idle>-0     [000]  1429.666859: sched_switch:          prev_comm=swapper/0 prev_pid=0 prev_prio=120 prev_state=0 next_comm=WifiStateMachin next_pid=2256 next_prio=120
 WifiStateMachin-2256  [000]  1429.667294: sched_switch:          prev_comm=WifiStateMachin prev_pid=2256 prev_prio=120 prev_state=1 next_comm=wificond next_pid=2065 next_prio=120
        wificond-2065  [000]  1429.667497: sched_switch:          prev_comm=wificond prev_pid=2065 prev_prio=120 prev_state=2 next_comm=swapper/0 next_pid=0 next_prio=120
          <idle>-0     [000]  1429.668491: sched_switch:          prev_comm=swapper/0 prev_pid=0 prev_prio=120 prev_state=0 next_comm=rcu_preempt next_pid=7 next_prio=120
     rcu_preempt-7     [000]  1429.668506: sched_switch:          prev_comm=rcu_preempt prev_pid=7 prev_prio=120 prev_state=1 next_comm=swapper/0 next_pid=0 next_prio=120
          <idle>-0     [004]  1429.671347: sched_switch:          prev_comm=swapper/4 prev_pid=0 prev_prio=120 prev_state=0 next_comm=task_ramp next_pid=3429 next_prio=120
       task_ramp-3429  [004]  1429.672390: sched_switch:          prev_comm=task_ramp prev_pid=3429 prev_prio=120 prev_state=1 next_comm=swapper/4 next_pid=0 next_prio=120
          <idle>-0     [000]  1429.672715: sched_switch:          prev_comm=swapper/0 prev_pid=0 prev_prio=120 prev_state=0 next_comm=rcu_preempt next_pid=7 next_prio=120
     rcu_preempt-7     [000]  1429.672737: sched_switch:          prev_comm=rcu_preempt prev_pid=7 prev_prio=120 prev_state=1 next_comm=swapper/0 next_pid=0 next_prio=120
          <idle>-0     [001]  1429.673652: sched_switch:          prev_comm=swapper/1 prev_pid=0 prev_prio=120 prev_state=0 next_comm=irq/237-wl18xx next_pid=2030 next_prio=49
          <idle>-0     [000]  1429.673676: sched_switch:          prev_comm=swapper/0 prev_pid=0 prev_prio=120 prev_state=0 next_comm=wificond next_pid=2065 next_prio=120
  irq/237-wl18xx-2030  [001]  1429.673690: sched_switch:          prev_comm=irq/237-wl18xx prev_pid=2030 prev_prio=49 prev_state=2 next_comm=swapper/1 next_pid=0 next_prio=120
        wificond-2065  [000]  1429.673745: sched_switch:          prev_comm=wificond prev_pid=2065 prev_prio=120 prev_state=2 next_comm=swapper/0 next_pid=0 next_prio=120
          <idle>-0     [000]  1429.673835: sched_switch:          prev_comm=swapper/0 prev_pid=0 prev_prio=120 prev_state=0 next_comm=wificond next_pid=2065 next_prio=120
        wificond-2065  [000]  1429.673852: sched_switch:          prev_comm=wificond prev_pid=2065 prev_prio=120 prev_state=2 next_comm=swapper/0 next_pid=0 next_prio=120
          <idle>-0     [000]  1429.673897: sched_switch:          prev_comm=swapper/0 prev_pid=0 prev_prio=120 prev_state=0 next_comm=wificond next_pid=2065 next_prio=120
        wificond-2065  [000]  1429.673918: sched_switch:          prev_comm=wificond prev_pid=2065 prev_prio=120 prev_state=2 next_comm=swapper/0 next_pid=0 next_prio=120
          <idle>-0     [000]  1429.673934: sched_switch:          prev_comm=swapper/0 prev_pid=0 prev_prio=120 prev_state=0 next_comm=wificond next_pid=2065 next_prio=120
        wificond-2065  [000]  1429.673963: sched_switch:          prev_comm=wificond prev_pid=2065 prev_prio=120 prev_state=2 next_comm=swapper/0 next_pid=0 next_prio=120
          <idle>-0     [000]  1429.673977: sched_switch:          prev_comm=swapper/0 prev_pid=0 prev_prio=120 prev_state=0 next_comm=wificond next_pid=2065 next_prio=120
        wificond-2065  [000]  1429.673998: sched_switch:          prev_comm=wificond prev_pid=2065 prev_prio=120 prev_state=2 next_comm=swapper/0 next_pid=0 next_prio=120
          <idle>-0     [000]  1429.674011: sched_switch:          prev_comm=swapper/0 prev_pid=0 prev_prio=120 prev_state=0 next_comm=wificond next_pid=2065 next_prio=120
        wificond-2065  [000]  1429.674251: sched_switch:          prev_comm=wificond prev_pid=2065 prev_prio=120 prev_state=1 next_comm=swapper/0 next_pid=0 next_prio=120
          <idle>-0     [001]  1429.674262: sched_switch:          prev_comm=swapper/1 prev_pid=0 prev_prio=120 prev_state=0 next_comm=irq/237-wl18xx next_pid=2030 next_prio=49
  irq/237-wl18xx-2030  [001]  1429.674288: sched_switch:          prev_comm=irq/237-wl18xx prev_pid=2030 prev_prio=49 prev_state=2 next_comm=swapper/1 next_pid=0 next_prio=120
          <idle>-0     [002]  1429.674430: sched_switch:          prev_comm=swapper/2 prev_pid=0 prev_prio=120 prev_state=0 next_comm=WifiStateMachin next_pid=2256 next_prio=120
          <idle>-0     [001]  1429.674555: sched_switch:          prev_comm=swapper/1 prev_pid=0 prev_prio=120 prev_state=0 next_comm=irq/237-wl18xx next_pid=2030 next_prio=49
  irq/237-wl18xx-2030  [001]  1429.674578: sched_switch:          prev_comm=irq/237-wl18xx prev_pid=2030 prev_prio=49 prev_state=1 next_comm=swapper/1 next_pid=0 next_prio=120
 WifiStateMachin-2256  [002]  1429.674929: sched_switch:          prev_comm=WifiStateMachin prev_pid=2256 prev_prio=120 prev_state=1 next_comm=swapper/2 next_pid=0 next_prio=120
          <idle>-0     [000]  1429.676507: sched_switch:          prev_comm=swapper/0 prev_pid=0 prev_prio=120 prev_state=0 next_comm=ksoftirqd/0 next_pid=3 next_prio=120
     ksoftirqd/0-3     [000]  1429.676522: sched_switch:          prev_comm=ksoftirqd/0 prev_pid=3 prev_prio=120 prev_state=1 next_comm=rcu_preempt next_pid=7 next_prio=120
     rcu_preempt-7     [000]  1429.676543: sched_switch:          prev_comm=rcu_preempt prev_pid=7 prev_prio=120 prev_state=1 next_comm=swapper/0 next_pid=0 next_prio=120
          <idle>-0     [004]  1429.681360: sched_switch:          prev_comm=swapper/4 prev_pid=0 prev_prio=120 prev_state=0 next_comm=task_ramp next_pid=3429 next_prio=120
       task_ramp-3429  [004]  1429.682404: sched_switch:          prev_comm=task_ramp prev_pid=3429 prev_prio=120 prev_state=1 next_comm=swapper/4 next_pid=0 next_prio=120
          <idle>-0     [004]  1429.691338: sched_switch:          prev_comm=swapper/4 prev_pid=0 prev_prio=120 prev_state=0 next_comm=task_ramp next_pid=3429 next_prio=120
       task_ramp-3429  [004]  1429.692381: sched_switch:          prev_comm=task_ramp prev_pid=3429 prev_prio=120 prev_state=1 next_comm=swapper/4 next_pid=0 next_prio=120
          <idle>-0     [004]  1429.701348: sched_switch:          prev_comm=swapper/4 prev_pid=0 prev_prio=120 prev_state=0 next_comm=task_ramp next_pid=3429 next_prio=120
       task_ramp-3429  [004]  1429.702392: sched_switch:          prev_comm=task_ramp prev_pid=3429 prev_prio=120 prev_state=1 next_comm=swapper/4 next_pid=0 next_prio=120
          <idle>-0     [001]  1429.704774: sched_switch:          prev_comm=swapper/1 prev_pid=0 prev_prio=120 prev_state=0 next_comm=kworker/1:0 next_pid=15 next_prio=120
     kworker/1:0-15    [001]  1429.704893: sched_switch:          prev_comm=kworker/1:0 prev_pid=15 prev_prio=120 prev_state=1 next_comm=swapper/1 next_pid=0 next_prio=120
          <idle>-0     [000]  1429.704980: sched_switch:          prev_comm=swapper/0 prev_pid=0 prev_prio=120 prev_state=0 next_comm=kworker/u16:0 next_pid=3049 next_prio=120
   kworker/u16:0-3049  [000]  1429.705027: sched_switch:          prev_comm=kworker/u16:0 prev_pid=3049 prev_prio=120 prev_state=1 next_comm=swapper/0 next_pid=0 next_prio=120
          <idle>-0     [004]  1429.711361: sched_switch:          prev_comm=swapper/4 prev_pid=0 prev_prio=120 prev_state=0 next_comm=task_ramp next_pid=3429 next_prio=120
       task_ramp-3429  [004]  1429.712405: sched_switch:          prev_comm=task_ramp prev_pid=3429 prev_prio=120 prev_state=1 next_comm=swapper/4 next_pid=0 next_prio=120
          <idle>-0     [004]  1429.721343: sched_switch:          prev_comm=swapper/4 prev_pid=0 prev_prio=120 prev_state=0 next_comm=task_ramp next_pid=3429 next_prio=120
       task_ramp-3429  [004]  1429.722386: sched_switch:          prev_comm=task_ramp prev_pid=3429 prev_prio=120 prev_state=1 next_comm=swapper/4 next_pid=0 next_prio=120
          <idle>-0     [004]  1429.731351: sched_switch:          prev_comm=swapper/4 prev_pid=0 prev_prio=120 prev_state=0 next_comm=task_ramp next_pid=3429 next_prio=120
       task_ramp-3429  [004]  1429.732422: sched_switch:          prev_comm=task_ramp prev_pid=3429 prev_prio=120 prev_state=1 next_comm=swapper/4 next_pid=0 next_prio=120
          <idle>-0     [004]  1429.741332: sched_switch:          prev_comm=swapper/4 prev_pid=0 prev_prio=120 prev_state=0 next_comm=task_ramp next_pid=3429 next_prio=120
       task_ramp-3429  [004]  1429.742374: sched_switch:          prev_comm=task_ramp prev_pid=3429 prev_prio=120 prev_state=1 next_comm=swapper/4 next_pid=0 next_prio=120
          <idle>-0     [004]  1429.751344: sched_switch:          prev_comm=swapper/4 prev_pid=0 prev_prio=120 prev_state=0 next_comm=task_ramp next_pid=3429 next_prio=120
       task_ramp-3429  [004]  1429.756497: sched_switch:          prev_comm=task_ramp prev_pid=3429 prev_prio=120 prev_state=1 next_comm=swapper/4 next_pid=0 next_prio=120
          <idle>-0     [004]  1429.801334: sched_switch:          prev_comm=swapper/4 prev_pid=0 prev_prio=120 prev_state=0 next_comm=task_ramp next_pid=3429 next_prio=120
       task_ramp-3429  [004]  1429.806471: sched_switch:          prev_comm=task_ramp prev_pid=3429 prev_prio=120 prev_state=1 next_comm=swapper/4 next_pid=0 next_prio=120
          <idle>-0     [004]  1429.851328: sched_switch:          prev_comm=swapper/4 prev_pid=0 prev_prio=120 prev_state=0 next_comm=task_ramp next_pid=3429 next_prio=120
       task_ramp-3429  [004]  1429.856463: sched_switch:          prev_comm=task_ramp prev_pid=3429 prev_prio=120 prev_state=1 next_comm=swapper/4 next_pid=0 next_prio=120
          <idle>-0     [004]  1429.901321: sched_switch:          prev_comm=swapper/4 prev_pid=0 prev_prio=120 prev_state=0 next_comm=task_ramp next_pid=3429 next_prio=120
       task_ramp-3429  [004]  1429.906461: sched_switch:          prev_comm=task_ramp prev_pid=3429 prev_prio=120 prev_state=1 next_comm=swapper/4 next_pid=0 next_prio=120
          <idle>-0     [004]  1429.951348: sched_switch:          prev_comm=swapper/4 prev_pid=0 prev_prio=120 prev_state=0 next_comm=task_ramp next_pid=3429 next_prio=120
       task_ramp-3429  [004]  1429.956495: sched_switch:          prev_comm=task_ramp prev_pid=3429 prev_prio=120 prev_state=1 next_comm=swapper/4 next_pid=0 next_prio=120
          <idle>-0     [004]  1430.001338: sched_switch:          prev_comm=swapper/4 prev_pid=0 prev_prio=120 prev_state=0 next_comm=task_ramp next_pid=3429 next_prio=120
       task_ramp-3429  [004]  1430.006479: sched_switch:          prev_comm=task_ramp prev_pid=3429 prev_prio=120 prev_state=1 next_comm=swapper/4 next_pid=0 next_prio=120
          <idle>-0     [004]  1430.051343: sched_switch:          prev_comm=swapper/4 prev_pid=0 prev_prio=120 prev_state=0 next_comm=task_ramp next_pid=3429 next_prio=120
       task_ramp-3429  [004]  1430.056485: sched_switch:          prev_comm=task_ramp prev_pid=3429 prev_prio=120 prev_state=1 next_comm=swapper/4 next_pid=0 next_prio=120
          <idle>-0     [004]  1430.101368: sched_switch:          prev_comm=swapper/4 prev_pid=0 prev_prio=120 prev_state=0 next_comm=task_ramp next_pid=3429 next_prio=120
       task_ramp-3429  [004]  1430.106505: sched_switch:          prev_comm=task_ramp prev_pid=3429 prev_prio=120 prev_state=1 next_comm=swapper/4 next_pid=0 next_prio=120
          <idle>-0     [004]  1430.151331: sched_switch:          prev_comm=swapper/4 prev_pid=0 prev_prio=120 prev_state=0 next_comm=task_ramp next_pid=3429 next_prio=120
       task_ramp-3429  [004]  1430.156479: sched_switch:          prev_comm=task_ramp prev_pid=3429 prev_prio=120 prev_state=1 next_comm=swapper/4 next_pid=0 next_prio=120
          <idle>-0     [004]  1430.201354: sched_switch:          prev_comm=swapper/4 prev_pid=0 prev_prio=120 prev_state=0 next_comm=task_ramp next_pid=3429 next_prio=120
       task_ramp-3429  [004]  1430.206491: sched_switch:          prev_comm=task_ramp prev_pid=3429 prev_prio=120 prev_state=1 next_comm=swapper/4 next_pid=0 next_prio=120
          <idle>-0     [004]  1430.251345: sched_switch:          prev_comm=swapper/4 prev_pid=0 prev_prio=120 prev_state=0 next_comm=task_ramp next_pid=3429 next_prio=120
       task_ramp-3429  [004]  1430.256486: sched_switch:          prev_comm=task_ramp prev_pid=3429 prev_prio=120 prev_state=1 next_comm=swapper/4 next_pid=0 next_prio=120
          <idle>-0     [004]  1430.301339: sched_switch:          prev_comm=swapper/4 prev_pid=0 prev_prio=120 prev_state=0 next_comm=task_ramp next_pid=3429 next_prio=120
       task_ramp-3429  [004]  1430.306480: sched_switch:          prev_comm=task_ramp prev_pid=3429 prev_prio=120 prev_state=1 next_comm=swapper/4 next_pid=0 next_prio=120
          <idle>-0     [004]  1430.351332: sched_switch:          prev_comm=swapper/4 prev_pid=0 prev_prio=120 prev_state=0 next_comm=task_ramp next_pid=3429 next_prio=120
       task_ramp-3429  [004]  1430.356479: sched_switch:          prev_comm=task_ramp prev_pid=3429 prev_prio=120 prev_state=1 next_comm=swapper/4 next_pid=0 next_prio=120
          <idle>-0     [004]  1430.401358: sched_switch:          prev_comm=swapper/4 prev_pid=0 prev_prio=120 prev_state=0 next_comm=task_ramp next_pid=3429 next_prio=120
       task_ramp-3429  [004]  1430.406499: sched_switch:          prev_comm=task_ramp prev_pid=3429 prev_prio=120 prev_state=1 next_comm=swapper/4 next_pid=0 next_prio=120
          <idle>-0     [004]  1430.451351: sched_switch:          prev_comm=swapper/4 prev_pid=0 prev_prio=120 prev_state=0 next_comm=task_ramp next_pid=3429 next_prio=120
       task_ramp-3429  [004]  1430.456500: sched_switch:          prev_comm=task_ramp prev_pid=3429 prev_prio=120 prev_state=1 next_comm=swapper/4 next_pid=0 next_prio=120
          <idle>-0     [000]  1430.482221: sched_switch:          prev_comm=swapper/0 prev_pid=0 prev_prio=120 prev_state=0 next_comm=WifiService next_pid=2255 next_prio=120
     WifiService-2255  [000]  1430.482681: sched_switch:          prev_comm=WifiService prev_pid=2255 prev_prio=120 prev_state=1 next_comm=swapper/0 next_pid=0 next_prio=120
          <idle>-0     [000]  1430.484482: sched_switch:          prev_comm=swapper/0 prev_pid=0 prev_prio=120 prev_state=0 next_comm=rcu_preempt next_pid=7 next_prio=120
     rcu_preempt-7     [000]  1430.484500: sched_switch:          prev_comm=rcu_preempt prev_pid=7 prev_prio=120 prev_state=1 next_comm=swapper/0 next_pid=0 next_prio=120
          <idle>-0     [000]  1430.488472: sched_switch:          prev_comm=swapper/0 prev_pid=0 prev_prio=120 prev_state=0 next_comm=rcu_preempt next_pid=7 next_prio=120
     rcu_preempt-7     [000]  1430.488494: sched_switch:          prev_comm=rcu_preempt prev_pid=7 prev_prio=120 prev_state=1 next_comm=swapper/0 next_pid=0 next_prio=120
          <idle>-0     [000]  1430.492481: sched_switch:          prev_comm=swapper/0 prev_pid=0 prev_prio=120 prev_state=0 next_comm=ksoftirqd/0 next_pid=3 next_prio=120
     ksoftirqd/0-3     [000]  1430.492494: sched_switch:          prev_comm=ksoftirqd/0 prev_pid=3 prev_prio=120 prev_state=1 next_comm=rcu_preempt next_pid=7 next_prio=120
     rcu_preempt-7     [000]  1430.492509: sched_switch:          prev_comm=rcu_preempt prev_pid=7 prev_prio=120 prev_state=1 next_comm=swapper/0 next_pid=0 next_prio=120
          <idle>-0     [004]  1430.501375: sched_switch:          prev_comm=swapper/4 prev_pid=0 prev_prio=120 prev_state=0 next_comm=task_ramp next_pid=3429 next_prio=120
       task_ramp-3429  [004]  1430.506517: sched_switch:          prev_comm=task_ramp prev_pid=3429 prev_prio=120 prev_state=1 next_comm=swapper/4 next_pid=0 next_prio=120
          <idle>-0     [004]  1430.551366: sched_switch:          prev_comm=swapper/4 prev_pid=0 prev_prio=120 prev_state=0 next_comm=task_ramp next_pid=3429 next_prio=120
       task_ramp-3429  [004]  1430.556507: sched_switch:          prev_comm=task_ramp prev_pid=3429 prev_prio=120 prev_state=1 next_comm=swapper/4 next_pid=0 next_prio=120
          <idle>-0     [004]  1430.601359: sched_switch:          prev_comm=swapper/4 prev_pid=0 prev_prio=120 prev_state=0 next_comm=task_ramp next_pid=3429 next_prio=120
       task_ramp-3429  [004]  1430.606499: sched_switch:          prev_comm=task_ramp prev_pid=3429 prev_prio=120 prev_state=1 next_comm=swapper/4 next_pid=0 next_prio=120
          <idle>-0     [004]  1430.651320: sched_switch:          prev_comm=swapper/4 prev_pid=0 prev_prio=120 prev_state=0 next_comm=task_ramp next_pid=3429 next_prio=120
       task_ramp-3429  [004]  1430.656455: sched_switch:          prev_comm=task_ramp prev_pid=3429 prev_prio=120 prev_state=1 next_comm=swapper/4 next_pid=0 next_prio=120
          <idle>-0     [004]  1430.701349: sched_switch:          prev_comm=swapper/4 prev_pid=0 prev_prio=120 prev_state=0 next_comm=task_ramp next_pid=3429 next_prio=120
       task_ramp-3429  [004]  1430.706487: sched_switch:          prev_comm=task_ramp prev_pid=3429 prev_prio=120 prev_state=1 next_comm=swapper/4 next_pid=0 next_prio=120
          <idle>-0     [004]  1430.751371: sched_switch:          prev_comm=swapper/4 prev_pid=0 prev_prio=120 prev_state=0 next_comm=task_ramp next_pid=3429 next_prio=120
       task_ramp-3429  [004]  1430.766742: sched_switch:          prev_comm=task_ramp prev_pid=3429 prev_prio=120 prev_state=1 next_comm=swapper/4 next_pid=0 next_prio=120
          <idle>-0     [004]  1430.801360: sched_switch:          prev_comm=swapper/4 prev_pid=0 prev_prio=120 prev_state=0 next_comm=task_ramp next_pid=3429 next_prio=120
       task_ramp-3429  [004]  1430.816714: sched_switch:          prev_comm=task_ramp prev_pid=3429 prev_prio=120 prev_state=1 next_comm=swapper/4 next_pid=0 next_prio=120
          <idle>-0     [004]  1430.851355: sched_switch:          prev_comm=swapper/4 prev_pid=0 prev_prio=120 prev_state=0 next_comm=task_ramp next_pid=3429 next_prio=120
       task_ramp-3429  [004]  1430.852477: sched_switch:          prev_comm=task_ramp prev_pid=3429 prev_prio=120 prev_state=0 next_comm=kworker/4:1 next_pid=1318 next_prio=120
           <...>-1318  [004]  1430.852531: sched_switch:          prev_comm=kworker/4:1 prev_pid=1318 prev_prio=120 prev_state=1 next_comm=task_ramp next_pid=3429 next_prio=120
       task_ramp-3429  [004]  1430.866784: sched_switch:          prev_comm=task_ramp prev_pid=3429 prev_prio=120 prev_state=1 next_comm=swapper/4 next_pid=0 next_prio=120
          <idle>-0     [004]  1430.901346: sched_switch:          prev_comm=swapper/4 prev_pid=0 prev_prio=120 prev_state=0 next_comm=task_ramp next_pid=3429 next_prio=120
       task_ramp-3429  [004]  1430.916715: sched_switch:          prev_comm=task_ramp prev_pid=3429 prev_prio=120 prev_state=1 next_comm=swapper/4 next_pid=0 next_prio=120
          <idle>-0     [004]  1430.951374: sched_switch:          prev_comm=swapper/4 prev_pid=0 prev_prio=120 prev_state=0 next_comm=task_ramp next_pid=3429 next_prio=120
       task_ramp-3429  [004]  1430.966748: sched_switch:          prev_comm=task_ramp prev_pid=3429 prev_prio=120 prev_state=1 next_comm=swapper/4 next_pid=0 next_prio=120
          <idle>-0     [004]  1431.001367: sched_switch:          prev_comm=swapper/4 prev_pid=0 prev_prio=120 prev_state=0 next_comm=task_ramp next_pid=3429 next_prio=120
       task_ramp-3429  [004]  1431.016726: sched_switch:          prev_comm=task_ramp prev_pid=3429 prev_prio=120 prev_state=1 next_comm=swapper/4 next_pid=0 next_prio=120
          <idle>-0     [004]  1431.051327: sched_switch:          prev_comm=swapper/4 prev_pid=0 prev_prio=120 prev_state=0 next_comm=task_ramp next_pid=3429 next_prio=120
       task_ramp-3429  [004]  1431.066691: sched_switch:          prev_comm=task_ramp prev_pid=3429 prev_prio=120 prev_state=1 next_comm=swapper/4 next_pid=0 next_prio=120
          <idle>-0     [004]  1431.101351: sched_switch:          prev_comm=swapper/4 prev_pid=0 prev_prio=120 prev_state=0 next_comm=task_ramp next_pid=3429 next_prio=120
       task_ramp-3429  [004]  1431.116718: sched_switch:          prev_comm=task_ramp prev_pid=3429 prev_prio=120 prev_state=1 next_comm=swapper/4 next_pid=0 next_prio=120
          <idle>-0     [004]  1431.151374: sched_switch:          prev_comm=swapper/4 prev_pid=0 prev_prio=120 prev_state=0 next_comm=task_ramp next_pid=3429 next_prio=120
       task_ramp-3429  [004]  1431.166747: sched_switch:          prev_comm=task_ramp prev_pid=3429 prev_prio=120 prev_state=1 next_comm=swapper/4 next_pid=0 next_prio=120
          <idle>-0     [004]  1431.201368: sched_switch:          prev_comm=swapper/4 prev_pid=0 prev_prio=120 prev_state=0 next_comm=task_ramp next_pid=3429 next_prio=120
       task_ramp-3429  [004]  1431.216730: sched_switch:          prev_comm=task_ramp prev_pid=3429 prev_prio=120 prev_state=1 next_comm=swapper/4 next_pid=0 next_prio=120
          <idle>-0     [004]  1431.251332: sched_switch:          prev_comm=swapper/4 prev_pid=0 prev_prio=120 prev_state=0 next_comm=task_ramp next_pid=3429 next_prio=120
       task_ramp-3429  [004]  1431.266684: sched_switch:          prev_comm=task_ramp prev_pid=3429 prev_prio=120 prev_state=1 next_comm=swapper/4 next_pid=0 next_prio=120
          <idle>-0     [004]  1431.301353: sched_switch:          prev_comm=swapper/4 prev_pid=0 prev_prio=120 prev_state=0 next_comm=task_ramp next_pid=3429 next_prio=120
       task_ramp-3429  [004]  1431.316739: sched_switch:          prev_comm=task_ramp prev_pid=3429 prev_prio=120 prev_state=1 next_comm=swapper/4 next_pid=0 next_prio=120
          <idle>-0     [004]  1431.351348: sched_switch:          prev_comm=swapper/4 prev_pid=0 prev_prio=120 prev_state=0 next_comm=task_ramp next_pid=3429 next_prio=120
       task_ramp-3429  [004]  1431.366718: sched_switch:          prev_comm=task_ramp prev_pid=3429 prev_prio=120 prev_state=1 next_comm=swapper/4 next_pid=0 next_prio=120
          <idle>-0     [004]  1431.401371: sched_switch:          prev_comm=swapper/4 prev_pid=0 prev_prio=120 prev_state=0 next_comm=task_ramp next_pid=3429 next_prio=120
       task_ramp-3429  [004]  1431.416725: sched_switch:          prev_comm=task_ramp prev_pid=3429 prev_prio=120 prev_state=1 next_comm=swapper/4 next_pid=0 next_prio=120
          <idle>-0     [004]  1431.451333: sched_switch:          prev_comm=swapper/4 prev_pid=0 prev_prio=120 prev_state=0 next_comm=task_ramp next_pid=3429 next_prio=120
       task_ramp-3429  [004]  1431.466706: sched_switch:          prev_comm=task_ramp prev_pid=3429 prev_prio=120 prev_state=1 next_comm=swapper/4 next_pid=0 next_prio=120
          <idle>-0     [000]  1431.483912: sched_switch:          prev_comm=swapper/0 prev_pid=0 prev_prio=120 prev_state=0 next_comm=WifiService next_pid=2255 next_prio=120
     WifiService-2255  [000]  1431.484181: sched_switch:          prev_comm=WifiService prev_pid=2255 prev_prio=120 prev_state=1 next_comm=swapper/0 next_pid=0 next_prio=120
          <idle>-0     [000]  1431.484489: sched_switch:          prev_comm=swapper/0 prev_pid=0 prev_prio=120 prev_state=0 next_comm=kworker/0:1 next_pid=594 next_prio=120
     kworker/0:1-594   [000]  1431.484508: sched_switch:          prev_comm=kworker/0:1 prev_pid=594 prev_prio=120 prev_state=1 next_comm=rcu_preempt next_pid=7 next_prio=120
     rcu_preempt-7     [000]  1431.484522: sched_switch:          prev_comm=rcu_preempt prev_pid=7 prev_prio=120 prev_state=1 next_comm=swapper/0 next_pid=0 next_prio=120
          <idle>-0     [000]  1431.488473: sched_switch:          prev_comm=swapper/0 prev_pid=0 prev_prio=120 prev_state=0 next_comm=rcu_preempt next_pid=7 next_prio=120
     rcu_preempt-7     [000]  1431.488493: sched_switch:          prev_comm=rcu_preempt prev_pid=7 prev_prio=120 prev_state=1 next_comm=swapper/0 next_pid=0 next_prio=120
          <idle>-0     [000]  1431.492480: sched_switch:          prev_comm=swapper/0 prev_pid=0 prev_prio=120 prev_state=0 next_comm=ksoftirqd/0 next_pid=3 next_prio=120
     ksoftirqd/0-3     [000]  1431.492489: sched_switch:          prev_comm=ksoftirqd/0 prev_pid=3 prev_prio=120 prev_state=1 next_comm=rcu_preempt next_pid=7 next_prio=120
     rcu_preempt-7     [000]  1431.492505: sched_switch:          prev_comm=rcu_preempt prev_pid=7 prev_prio=120 prev_state=1 next_comm=swapper/0 next_pid=0 next_prio=120
          <idle>-0     [004]  1431.501359: sched_switch:          prev_comm=swapper/4 prev_pid=0 prev_prio=120 prev_state=0 next_comm=task_ramp next_pid=3429 next_prio=120
       task_ramp-3429  [004]  1431.516733: sched_switch:          prev_comm=task_ramp prev_pid=3429 prev_prio=120 prev_state=1 next_comm=swapper/4 next_pid=0 next_prio=120
          <idle>-0     [004]  1431.551350: sched_switch:          prev_comm=swapper/4 prev_pid=0 prev_prio=120 prev_state=0 next_comm=task_ramp next_pid=3429 next_prio=120
       task_ramp-3429  [004]  1431.566716: sched_switch:          prev_comm=task_ramp prev_pid=3429 prev_prio=120 prev_state=1 next_comm=swapper/4 next_pid=0 next_prio=120
          <idle>-0     [004]  1431.601375: sched_switch:          prev_comm=swapper/4 prev_pid=0 prev_prio=120 prev_state=0 next_comm=task_ramp next_pid=3429 next_prio=120
       task_ramp-3429  [004]  1431.616735: sched_switch:          prev_comm=task_ramp prev_pid=3429 prev_prio=120 prev_state=1 next_comm=swapper/4 next_pid=0 next_prio=120
          <idle>-0     [004]  1431.651369: sched_switch:          prev_comm=swapper/4 prev_pid=0 prev_prio=120 prev_state=0 next_comm=task_ramp next_pid=3429 next_prio=120
