          <idle>-0     [004]  1428.688539: sched_switch:          prev_comm=swapper/4 prev_pid=0 prev_prio=120 prev_state=0 next_comm=rcu_preempt next_pid=7 next_prio=120
     rcu_preempt-7     [004]  1428.688574: sched_switch:          prev_comm=rcu_preempt prev_pid=7 prev_prio=120 prev_state=1 next_comm=shutils next_pid=3420 next_prio=120
            true-3418  [006]  1428.688647: sched_switch:          prev_comm=busybox prev_pid=3418 prev_prio=120 prev_state=2048 next_comm=migration/6 next_pid=38 next_prio=0
            true-3420  [004]  1428.688658: sched_switch:          prev_comm=shutils prev_pid=3420 prev_prio=120 prev_state=2048 next_comm=busybox next_pid=3418 next_prio=120
           <...>-38    [006]  1428.688666: sched_switch:          prev_comm=migration/6 prev_pid=38 prev_prio=0 prev_state=1 next_comm=swapper/6 next_pid=0 next_prio=120
         shutils-3409  [007]  1428.688966: sched_switch:          prev_comm=shutils prev_pid=3409 prev_prio=120 prev_state=1 next_comm=shutils next_pid=3421 next_prio=120
         busybox-3421  [007]  1428.689373: sched_switch:          prev_comm=shutils prev_pid=3421 prev_prio=120 prev_state=2048 next_comm=migration/7 next_pid=43 next_prio=0
           <...>-43    [007]  1428.689399: sched_switch:          prev_comm=migration/7 prev_pid=43 prev_prio=0 prev_state=1 next_comm=shutils next_pid=3421 next_prio=120
         busybox-3421  [007]  1428.690187: sched_switch:          prev_comm=busybox prev_pid=3421 prev_prio=120 prev_state=64 next_comm=swapper/7 next_pid=0 next_prio=120
          <idle>-0     [006]  1428.690310: sched_switch:          prev_comm=swapper/6 prev_pid=0 prev_prio=120 prev_state=0 next_comm=shutils next_pid=3409 next_prio=120
         shutils-3409  [006]  1428.691441: sched_switch:          prev_comm=shutils prev_pid=3409 prev_prio=120 prev_state=1 next_comm=shutils next_pid=3423 next_prio=120
         busybox-3423  [006]  1428.691897: sched_switch:          prev_comm=shutils prev_pid=3423 prev_prio=120 prev_state=2048 next_comm=migration/6 next_pid=38 next_prio=0
           <...>-38    [006]  1428.691929: sched_switch:          prev_comm=migration/6 prev_pid=38 prev_prio=0 prev_state=1 next_comm=shutils next_pid=3423 next_prio=120
          <idle>-0     [007]  1428.692526: sched_switch:          prev_comm=swapper/7 prev_pid=0 prev_prio=120 prev_state=0 next_comm=rcu_preempt next_pid=7 next_prio=120
     rcu_preempt-7     [007]  1428.692558: sched_switch:          prev_comm=rcu_preempt prev_pid=7 prev_prio=120 prev_state=1 next_comm=shutils next_pid=3422 next_prio=120
         busybox-3423  [006]  1428.692872: sched_switch:          prev_comm=busybox prev_pid=3423 prev_prio=120 prev_state=64 next_comm=swapper/6 next_pid=0 next_prio=120
            true-3422  [007]  1428.692911: sched_switch:          prev_comm=shutils prev_pid=3422 prev_prio=120 prev_state=2048 next_comm=migration/7 next_pid=43 next_prio=0
           <...>-43    [007]  1428.692939: sched_switch:          prev_comm=migration/7 prev_pid=43 prev_prio=0 prev_state=1 next_comm=shutils next_pid=3422 next_prio=120
          <idle>-0     [005]  1428.693011: sched_switch:          prev_comm=swapper/5 prev_pid=0 prev_prio=120 prev_state=0 next_comm=shutils next_pid=3409 next_prio=120
            true-3414  [002]  1428.693574: sched_switch:          prev_comm=true prev_pid=3414 prev_prio=120 prev_state=64 next_comm=shutils next_pid=3424 next_prio=120
            true-3422  [007]  1428.693721: sched_switch:          prev_comm=busybox prev_pid=3422 prev_prio=120 prev_state=2048 next_comm=migration/7 next_pid=43 next_prio=0
           <...>-43    [007]  1428.693743: sched_switch:          prev_comm=migration/7 prev_pid=43 prev_prio=0 prev_state=1 next_comm=swapper/7 next_pid=0 next_prio=120
          <idle>-0     [006]  1428.693999: sched_switch:          prev_comm=swapper/6 prev_pid=0 prev_prio=120 prev_state=0 next_comm=busybox next_pid=3422 next_prio=120
            true-3424  [002]  1428.694185: sched_switch:          prev_comm=shutils prev_pid=3424 prev_prio=120 prev_state=2048 next_comm=migration/2 next_pid=18 next_prio=0
     migration/2-18    [002]  1428.694233: sched_switch:          prev_comm=migration/2 prev_pid=18 prev_prio=0 prev_state=1 next_comm=shutils next_pid=3424 next_prio=120
         shutils-3409  [005]  1428.694373: sched_switch:          prev_comm=shutils prev_pid=3409 prev_prio=120 prev_state=1 next_comm=shutils next_pid=3425 next_prio=120
         busybox-3425  [005]  1428.694895: sched_switch:          prev_comm=shutils prev_pid=3425 prev_prio=120 prev_state=2048 next_comm=migration/5 next_pid=33 next_prio=0
     migration/5-33    [005]  1428.694922: sched_switch:          prev_comm=migration/5 prev_pid=33 prev_prio=0 prev_state=1 next_comm=shutils next_pid=3425 next_prio=120
            true-3424  [002]  1428.695545: sched_switch:          prev_comm=busybox prev_pid=3424 prev_prio=120 prev_state=2048 next_comm=migration/2 next_pid=18 next_prio=0
          <idle>-0     [007]  1428.695588: sched_switch:          prev_comm=swapper/7 prev_pid=0 prev_prio=120 prev_state=0 next_comm=busybox next_pid=3424 next_prio=120
     migration/2-18    [002]  1428.695612: sched_switch:          prev_comm=migration/2 prev_pid=18 prev_prio=0 prev_state=1 next_comm=shutils next_pid=3420 next_prio=120
         busybox-3425  [005]  1428.695707: sched_switch:          prev_comm=busybox prev_pid=3425 prev_prio=120 prev_state=2048 next_comm=shutils next_pid=3409 next_prio=120
         shutils-3409  [005]  1428.695723: sched_switch:          prev_comm=shutils prev_pid=3409 prev_prio=120 prev_state=1 next_comm=busybox next_pid=3425 next_prio=120
         busybox-3425  [005]  1428.695871: sched_switch:          prev_comm=busybox prev_pid=3425 prev_prio=120 prev_state=2048 next_comm=shutils next_pid=3409 next_prio=120
         shutils-3409  [005]  1428.695878: sched_switch:          prev_comm=shutils prev_pid=3409 prev_prio=120 prev_state=2 next_comm=busybox next_pid=3425 next_prio=120
         busybox-3425  [005]  1428.695884: sched_switch:          prev_comm=busybox prev_pid=3425 prev_prio=120 prev_state=2048 next_comm=shutils next_pid=3409 next_prio=120
         shutils-3409  [005]  1428.695906: sched_switch:          prev_comm=shutils prev_pid=3409 prev_prio=120 prev_state=1 next_comm=busybox next_pid=3425 next_prio=120
         busybox-3425  [005]  1428.695941: sched_switch:          prev_comm=busybox prev_pid=3425 prev_prio=120 prev_state=2048 next_comm=shutils next_pid=3409 next_prio=120
            true-3420  [002]  1428.696098: sched_switch:          prev_comm=shutils prev_pid=3420 prev_prio=120 prev_state=2048 next_comm=migration/2 next_pid=18 next_prio=0
     migration/2-18    [002]  1428.696129: sched_switch:          prev_comm=migration/2 prev_pid=18 prev_prio=0 prev_state=1 next_comm=shutils next_pid=3420 next_prio=120
            true-3424  [007]  1428.696503: sched_switch:          prev_comm=true prev_pid=3424 prev_prio=120 prev_state=0 next_comm=rcu_preempt next_pid=7 next_prio=120
          <idle>-0     [000]  1428.696512: sched_switch:          prev_comm=swapper/0 prev_pid=0 prev_prio=120 prev_state=0 next_comm=kschedfreq:0 next_pid=1197 next_prio=49
     rcu_preempt-7     [007]  1428.696521: sched_switch:          prev_comm=rcu_preempt prev_pid=7 prev_prio=120 prev_state=1 next_comm=true next_pid=3424 next_prio=120
    kschedfreq:0-1197  [000]  1428.696538: sched_switch:          prev_comm=kschedfreq:0 prev_pid=1197 prev_prio=49 prev_state=2 next_comm=swapper/0 next_pid=0 next_prio=120
         shutils-3409  [005]  1428.696570: sched_switch:          prev_comm=shutils prev_pid=3409 prev_prio=120 prev_state=2048 next_comm=kworker/5:1 next_pid=1314 next_prio=120
           <...>-1314  [005]  1428.696630: sched_switch:          prev_comm=kworker/5:1 prev_pid=1314 prev_prio=120 prev_state=1 next_comm=shutils next_pid=3409 next_prio=120
            true-3418  [004]  1428.697000: sched_switch:          prev_comm=true prev_pid=3418 prev_prio=120 prev_state=2048 next_comm=sh next_pid=3407 next_prio=120
         shutils-3409  [005]  1428.697004: sched_switch:          prev_comm=shutils prev_pid=3409 prev_prio=120 prev_state=64 next_comm=busybox next_pid=3425 next_prio=120
         busybox-3425  [005]  1428.697014: sched_switch:          prev_comm=busybox prev_pid=3425 prev_prio=120 prev_state=64 next_comm=swapper/5 next_pid=0 next_prio=120
          <idle>-0     [005]  1428.697228: sched_switch:          prev_comm=swapper/5 prev_pid=0 prev_prio=120 prev_state=0 next_comm=shell srvc 3407 next_pid=3408 next_prio=120
            true-3420  [002]  1428.697267: sched_switch:          prev_comm=busybox prev_pid=3420 prev_prio=120 prev_state=2048 next_comm=migration/2 next_pid=18 next_prio=0
           shell-3408  [005]  1428.697306: sched_switch:          prev_comm=shell srvc 3407 prev_pid=3408 prev_prio=120 prev_state=1 next_comm=busybox next_pid=3420 next_prio=120
     migration/2-18    [002]  1428.697320: sched_switch:          prev_comm=migration/2 prev_pid=18 prev_prio=0 prev_state=1 next_comm=adbd next_pid=2051 next_prio=120
          <idle>-0     [000]  1428.697340: sched_switch:          prev_comm=swapper/0 prev_pid=0 prev_prio=120 prev_state=0 next_comm=kschedfreq:0 next_pid=1197 next_prio=49
    kschedfreq:0-1197  [000]  1428.697358: sched_switch:          prev_comm=kschedfreq:0 prev_pid=1197 prev_prio=49 prev_state=2 next_comm=swapper/0 next_pid=0 next_prio=120
            adbd-2051  [002]  1428.697550: sched_switch:          prev_comm=adbd prev_pid=2051 prev_prio=120 prev_state=1 next_comm=->transport next_pid=3031 next_prio=120
     ->transport-3031  [002]  1428.697608: sched_switch:          prev_comm=->transport prev_pid=3031 prev_prio=120 prev_state=1 next_comm=swapper/2 next_pid=0 next_prio=120
          <idle>-0     [002]  1428.697647: sched_switch:          prev_comm=swapper/2 prev_pid=0 prev_prio=120 prev_state=0 next_comm=->transport next_pid=3031 next_prio=120
     ->transport-3031  [002]  1428.697667: sched_switch:          prev_comm=->transport prev_pid=3031 prev_prio=120 prev_state=1 next_comm=swapper/2 next_pid=0 next_prio=120
              sh-3407  [004]  1428.697725: sched_switch:          prev_comm=sh prev_pid=3407 prev_prio=120 prev_state=64 next_comm=true next_pid=3418 next_prio=120
            true-3418  [004]  1428.699831: sched_switch:          prev_comm=true prev_pid=3418 prev_prio=120 prev_state=2048 next_comm=init next_pid=1 next_prio=120
            true-3416  [003]  1428.700122: sched_switch:          prev_comm=true prev_pid=3416 prev_prio=120 prev_state=64 next_comm=swapper/3 next_pid=0 next_prio=120
          <idle>-0     [002]  1428.700217: sched_switch:          prev_comm=swapper/2 prev_pid=0 prev_prio=120 prev_state=0 next_comm=->transport next_pid=3031 next_prio=120
     ->transport-3031  [002]  1428.700285: sched_switch:          prev_comm=->transport prev_pid=3031 prev_prio=120 prev_state=1 next_comm=swapper/2 next_pid=0 next_prio=120
          <idle>-0     [000]  1428.700514: sched_switch:          prev_comm=swapper/0 prev_pid=0 prev_prio=120 prev_state=0 next_comm=kschedfreq:0 next_pid=1197 next_prio=49
    kschedfreq:0-1197  [000]  1428.700535: sched_switch:          prev_comm=kschedfreq:0 prev_pid=1197 prev_prio=49 prev_state=2 next_comm=rcu_preempt next_pid=7 next_prio=120
     rcu_preempt-7     [000]  1428.700570: sched_switch:          prev_comm=rcu_preempt prev_pid=7 prev_prio=120 prev_state=1 next_comm=swapper/0 next_pid=0 next_prio=120
          <idle>-0     [000]  1428.702508: sched_switch:          prev_comm=swapper/0 prev_pid=0 prev_prio=120 prev_state=0 next_comm=kschedfreq:0 next_pid=1197 next_prio=49
          <idle>-0     [003]  1428.702512: sched_switch:          prev_comm=swapper/3 prev_pid=0 prev_prio=120 prev_state=0 next_comm=<-transport next_pid=3032 next_prio=120
    kschedfreq:0-1197  [000]  1428.702521: sched_switch:          prev_comm=kschedfreq:0 prev_pid=1197 prev_prio=49 prev_state=2 next_comm=swapper/0 next_pid=0 next_prio=120
     <-transport-3032  [003]  1428.702605: sched_switch:          prev_comm=<-transport prev_pid=3032 prev_prio=120 prev_state=1 next_comm=swapper/3 next_pid=0 next_prio=120
          <idle>-0     [002]  1428.702779: sched_switch:          prev_comm=swapper/2 prev_pid=0 prev_prio=120 prev_state=0 next_comm=adbd next_pid=2051 next_prio=120
          <idle>-0     [003]  1428.702888: sched_switch:          prev_comm=swapper/3 prev_pid=0 prev_prio=120 prev_state=0 next_comm=->transport next_pid=3031 next_prio=120
     ->transport-3031  [003]  1428.702899: sched_switch:          prev_comm=->transport prev_pid=3031 prev_prio=120 prev_state=1 next_comm=swapper/3 next_pid=0 next_prio=120
            adbd-2051  [002]  1428.702948: sched_switch:          prev_comm=adbd prev_pid=2051 prev_prio=120 prev_state=1 next_comm=swapper/2 next_pid=0 next_prio=120
            true-3422  [006]  1428.703910: sched_switch:          prev_comm=true prev_pid=3422 prev_prio=120 prev_state=64 next_comm=swapper/6 next_pid=0 next_prio=120
            true-3424  [007]  1428.704381: sched_switch:          prev_comm=true prev_pid=3424 prev_prio=120 prev_state=64 next_comm=swapper/7 next_pid=0 next_prio=120
          <idle>-0     [002]  1428.704487: sched_switch:          prev_comm=swapper/2 prev_pid=0 prev_prio=120 prev_state=0 next_comm=rcu_preempt next_pid=7 next_prio=120
          <idle>-0     [000]  1428.704494: sched_switch:          prev_comm=swapper/0 prev_pid=0 prev_prio=120 prev_state=0 next_comm=kschedfreq:0 next_pid=1197 next_prio=49
    kschedfreq:0-1197  [000]  1428.704502: sched_switch:          prev_comm=kschedfreq:0 prev_pid=1197 prev_prio=49 prev_state=2 next_comm=ksoftirqd/0 next_pid=3 next_prio=120
     rcu_preempt-7     [002]  1428.704507: sched_switch:          prev_comm=rcu_preempt prev_pid=7 prev_prio=120 prev_state=1 next_comm=swapper/2 next_pid=0 next_prio=120
     ksoftirqd/0-3     [000]  1428.704524: sched_switch:          prev_comm=ksoftirqd/0 prev_pid=3 prev_prio=120 prev_state=1 next_comm=swapper/0 next_pid=0 next_prio=120
            true-3420  [005]  1428.706067: sched_switch:          prev_comm=true prev_pid=3420 prev_prio=120 prev_state=64 next_comm=swapper/5 next_pid=0 next_prio=120
          <idle>-0     [006]  1428.706224: sched_switch:          prev_comm=swapper/6 prev_pid=0 prev_prio=120 prev_state=0 next_comm=shell srvc 3407 next_pid=3408 next_prio=120
           shell-3408  [006]  1428.706506: sched_switch:          prev_comm=shell srvc 3407 prev_pid=3408 prev_prio=120 prev_state=64 next_comm=swapper/6 next_pid=0 next_prio=120
          <idle>-0     [002]  1428.706618: sched_switch:          prev_comm=swapper/2 prev_pid=0 prev_prio=120 prev_state=0 next_comm=adbd next_pid=2051 next_prio=120
          <idle>-0     [003]  1428.706695: sched_switch:          prev_comm=swapper/3 prev_pid=0 prev_prio=120 prev_state=0 next_comm=->transport next_pid=3031 next_prio=120
     ->transport-3031  [003]  1428.706728: sched_switch:          prev_comm=->transport prev_pid=3031 prev_prio=120 prev_state=1 next_comm=swapper/3 next_pid=0 next_prio=120
          <idle>-0     [003]  1428.706738: sched_switch:          prev_comm=swapper/3 prev_pid=0 prev_prio=120 prev_state=0 next_comm=->transport next_pid=3031 next_prio=120
     ->transport-3031  [003]  1428.706756: sched_switch:          prev_comm=->transport prev_pid=3031 prev_prio=120 prev_state=1 next_comm=swapper/3 next_pid=0 next_prio=120
            adbd-2051  [002]  1428.706793: sched_switch:          prev_comm=adbd prev_pid=2051 prev_prio=120 prev_state=1 next_comm=swapper/2 next_pid=0 next_prio=120
          <idle>-0     [000]  1428.708029: sched_switch:          prev_comm=swapper/0 prev_pid=0 prev_prio=120 prev_state=0 next_comm=kschedfreq:0 next_pid=1197 next_prio=49
    kschedfreq:0-1197  [000]  1428.708044: sched_switch:          prev_comm=kschedfreq:0 prev_pid=1197 prev_prio=49 prev_state=1 next_comm=swapper/0 next_pid=0 next_prio=120
          <idle>-0     [000]  1428.708475: sched_switch:          prev_comm=swapper/0 prev_pid=0 prev_prio=120 prev_state=0 next_comm=kschedfreq:0 next_pid=1197 next_prio=49
    kschedfreq:0-1197  [000]  1428.708484: sched_switch:          prev_comm=kschedfreq:0 prev_pid=1197 prev_prio=49 prev_state=1 next_comm=swapper/0 next_pid=0 next_prio=120
          <idle>-0     [002]  1428.708486: sched_switch:          prev_comm=swapper/2 prev_pid=0 prev_prio=120 prev_state=0 next_comm=rcu_preempt next_pid=7 next_prio=120
     rcu_preempt-7     [002]  1428.708504: sched_switch:          prev_comm=rcu_preempt prev_pid=7 prev_prio=120 prev_state=1 next_comm=swapper/2 next_pid=0 next_prio=120
          <idle>-0     [003]  1428.709039: sched_switch:          prev_comm=swapper/3 prev_pid=0 prev_prio=120 prev_state=0 next_comm=->transport next_pid=3031 next_prio=120
     ->transport-3031  [003]  1428.709075: sched_switch:          prev_comm=->transport prev_pid=3031 prev_prio=120 prev_state=1 next_comm=swapper/3 next_pid=0 next_prio=120
          <idle>-0     [003]  1428.711167: sched_switch:          prev_comm=swapper/3 prev_pid=0 prev_prio=120 prev_state=0 next_comm=<-transport next_pid=3032 next_prio=120
     <-transport-3032  [003]  1428.711206: sched_switch:          prev_comm=<-transport prev_pid=3032 prev_prio=120 prev_state=1 next_comm=swapper/3 next_pid=0 next_prio=120
          <idle>-0     [003]  1428.711214: sched_switch:          prev_comm=swapper/3 prev_pid=0 prev_prio=120 prev_state=0 next_comm=->transport next_pid=3031 next_prio=120
     ->transport-3031  [003]  1428.711231: sched_switch:          prev_comm=->transport prev_pid=3031 prev_prio=120 prev_state=1 next_comm=swapper/3 next_pid=0 next_prio=120
          <idle>-0     [003]  1428.711250: sched_switch:          prev_comm=swapper/3 prev_pid=0 prev_prio=120 prev_state=0 next_comm=logd.klogd next_pid=1946 next_prio=130
          <idle>-0     [002]  1428.711410: sched_switch:          prev_comm=swapper/2 prev_pid=0 prev_prio=120 prev_state=0 next_comm=rcu_preempt next_pid=7 next_prio=120
     rcu_preempt-7     [002]  1428.711430: sched_switch:          prev_comm=rcu_preempt prev_pid=7 prev_prio=120 prev_state=1 next_comm=adbd next_pid=2051 next_prio=120
      logd.klogd-1946  [003]  1428.711475: sched_switch:          prev_comm=logd.klogd prev_pid=1946 prev_prio=130 prev_state=1 next_comm=->transport next_pid=3031 next_prio=120
     ->transport-3031  [003]  1428.711486: sched_switch:          prev_comm=->transport prev_pid=3031 prev_prio=120 prev_state=1 next_comm=swapper/3 next_pid=0 next_prio=120
          <idle>-0     [003]  1428.711496: sched_switch:          prev_comm=swapper/3 prev_pid=0 prev_prio=120 prev_state=0 next_comm=->transport next_pid=3031 next_prio=120
     ->transport-3031  [003]  1428.711519: sched_switch:          prev_comm=->transport prev_pid=3031 prev_prio=120 prev_state=1 next_comm=swapper/3 next_pid=0 next_prio=120
            adbd-2051  [002]  1428.711528: sched_switch:          prev_comm=adbd prev_pid=2051 prev_prio=120 prev_state=1 next_comm=swapper/2 next_pid=0 next_prio=120
          <idle>-0     [000]  1428.712477: sched_switch:          prev_comm=swapper/0 prev_pid=0 prev_prio=120 prev_state=0 next_comm=kschedfreq:0 next_pid=1197 next_prio=49
    kschedfreq:0-1197  [000]  1428.712487: sched_switch:          prev_comm=kschedfreq:0 prev_pid=1197 prev_prio=49 prev_state=1 next_comm=swapper/0 next_pid=0 next_prio=120
          <idle>-0     [002]  1428.712504: sched_switch:          prev_comm=swapper/2 prev_pid=0 prev_prio=120 prev_state=0 next_comm=ksoftirqd/2 next_pid=19 next_prio=120
     ksoftirqd/2-19    [002]  1428.712530: sched_switch:          prev_comm=ksoftirqd/2 prev_pid=19 prev_prio=120 prev_state=1 next_comm=rcu_preempt next_pid=7 next_prio=120
     rcu_preempt-7     [002]  1428.712548: sched_switch:          prev_comm=rcu_preempt prev_pid=7 prev_prio=120 prev_state=1 next_comm=swapper/2 next_pid=0 next_prio=120
          <idle>-0     [003]  1428.713092: sched_switch:          prev_comm=swapper/3 prev_pid=0 prev_prio=120 prev_state=0 next_comm=<-transport next_pid=3032 next_prio=120
          <idle>-0     [002]  1428.713115: sched_switch:          prev_comm=swapper/2 prev_pid=0 prev_prio=120 prev_state=0 next_comm=adbd next_pid=2051 next_prio=120
     <-transport-3032  [003]  1428.713125: sched_switch:          prev_comm=<-transport prev_pid=3032 prev_prio=120 prev_state=1 next_comm=->transport next_pid=3031 next_prio=120
     ->transport-3031  [003]  1428.713145: sched_switch:          prev_comm=->transport prev_pid=3031 prev_prio=120 prev_state=1 next_comm=swapper/3 next_pid=0 next_prio=120
          <idle>-0     [003]  1428.713154: sched_switch:          prev_comm=swapper/3 prev_pid=0 prev_prio=120 prev_state=0 next_comm=->transport next_pid=3031 next_prio=120
     ->transport-3031  [003]  1428.713162: sched_switch:          prev_comm=->transport prev_pid=3031 prev_prio=120 prev_state=1 next_comm=swapper/3 next_pid=0 next_prio=120
            adbd-2051  [002]  1428.713184: sched_switch:          prev_comm=adbd prev_pid=2051 prev_prio=120 prev_state=1 next_comm=swapper/2 next_pid=0 next_prio=120
          <idle>-0     [000]  1428.716475: sched_switch:          prev_comm=swapper/0 prev_pid=0 prev_prio=120 prev_state=0 next_comm=kschedfreq:0 next_pid=1197 next_prio=49
          <idle>-0     [002]  1428.716482: sched_switch:          prev_comm=swapper/2 prev_pid=0 prev_prio=120 prev_state=0 next_comm=rcu_preempt next_pid=7 next_prio=120
     rcu_preempt-7     [002]  1428.716496: sched_switch:          prev_comm=rcu_preempt prev_pid=7 prev_prio=120 prev_state=1 next_comm=swapper/2 next_pid=0 next_prio=120
    kschedfreq:0-1197  [000]  1428.716521: cpu_frequency:         state=533000 cpu_id=0
    kschedfreq:0-1197  [000]  1428.716540: cpu_frequency:         state=533000 cpu_id=1
    kschedfreq:0-1197  [000]  1428.716543: cpu_frequency:         state=533000 cpu_id=2
    kschedfreq:0-1197  [000]  1428.716545: cpu_frequency:         state=533000 cpu_id=3
    kschedfreq:0-1197  [000]  1428.716556: sched_switch:          prev_comm=kschedfreq:0 prev_pid=1197 prev_prio=49 prev_state=1 next_comm=swapper/0 next_pid=0 next_prio=120
            init-1     [004]  1428.716839: sched_switch:          prev_comm=init prev_pid=1 prev_prio=120 prev_state=2048 next_comm=kschedfreq:4 next_pid=1198 next_prio=49
    kschedfreq:4-1198  [004]  1428.716870: cpu_frequency:         state=1421000 cpu_id=4
    kschedfreq:4-1198  [004]  1428.716905: cpu_frequency:         state=1421000 cpu_id=5
    kschedfreq:4-1198  [004]  1428.716907: cpu_frequency:         state=1421000 cpu_id=6
    kschedfreq:4-1198  [004]  1428.716909: cpu_frequency:         state=1421000 cpu_id=7
          <idle>-0     [002]  1428.716910: sched_switch:          prev_comm=swapper/2 prev_pid=0 prev_prio=120 prev_state=0 next_comm=rcu_preempt next_pid=7 next_prio=120
    kschedfreq:4-1198  [004]  1428.716918: sched_switch:          prev_comm=kschedfreq:4 prev_pid=1198 prev_prio=49 prev_state=1 next_comm=ksoftirqd/4 next_pid=29 next_prio=120
     ksoftirqd/4-29    [004]  1428.716928: sched_switch:          prev_comm=ksoftirqd/4 prev_pid=29 prev_prio=120 prev_state=1 next_comm=true next_pid=3418 next_prio=120
     rcu_preempt-7     [002]  1428.716929: sched_switch:          prev_comm=rcu_preempt prev_pid=7 prev_prio=120 prev_state=1 next_comm=swapper/2 next_pid=0 next_prio=120
            true-3418  [004]  1428.716934: sched_switch:          prev_comm=true prev_pid=3418 prev_prio=120 prev_state=64 next_comm=init next_pid=1 next_prio=120
          <idle>-0     [002]  1428.720491: sched_switch:          prev_comm=swapper/2 prev_pid=0 prev_prio=120 prev_state=0 next_comm=rcu_preempt next_pid=7 next_prio=120
     rcu_preempt-7     [002]  1428.720506: sched_switch:          prev_comm=rcu_preempt prev_pid=7 prev_prio=120 prev_state=1 next_comm=swapper/2 next_pid=0 next_prio=120
          <idle>-0     [000]  1428.722488: sched_switch:          prev_comm=swapper/0 prev_pid=0 prev_prio=120 prev_state=0 next_comm=kschedfreq:0 next_pid=1197 next_prio=49
          <idle>-0     [003]  1428.722489: sched_switch:          prev_comm=swapper/3 prev_pid=0 prev_prio=120 prev_state=0 next_comm=logd.klogd next_pid=1946 next_prio=130
    kschedfreq:0-1197  [000]  1428.722508: cpu_frequency:         state=999000 cpu_id=0
    kschedfreq:0-1197  [000]  1428.722518: cpu_frequency:         state=999000 cpu_id=1
    kschedfreq:0-1197  [000]  1428.722520: cpu_frequency:         state=999000 cpu_id=2
    kschedfreq:0-1197  [000]  1428.722523: cpu_frequency:         state=999000 cpu_id=3
            init-1     [004]  1428.722525: sched_switch:          prev_comm=init prev_pid=1 prev_prio=120 prev_state=2048 next_comm=ksoftirqd/4 next_pid=29 next_prio=120
    kschedfreq:0-1197  [000]  1428.722534: sched_switch:          prev_comm=kschedfreq:0 prev_pid=1197 prev_prio=49 prev_state=1 next_comm=swapper/0 next_pid=0 next_prio=120
          <idle>-0     [002]  1428.722544: sched_switch:          prev_comm=swapper/2 prev_pid=0 prev_prio=120 prev_state=0 next_comm=rcu_preempt next_pid=7 next_prio=120
     ksoftirqd/4-29    [004]  1428.722556: sched_switch:          prev_comm=ksoftirqd/4 prev_pid=29 prev_prio=120 prev_state=1 next_comm=init next_pid=1 next_prio=120
     rcu_preempt-7     [002]  1428.722561: sched_switch:          prev_comm=rcu_preempt prev_pid=7 prev_prio=120 prev_state=1 next_comm=swapper/2 next_pid=0 next_prio=120
      logd.klogd-1946  [003]  1428.722563: sched_switch:          prev_comm=logd.klogd prev_pid=1946 prev_prio=130 prev_state=1 next_comm=swapper/3 next_pid=0 next_prio=120
          <idle>-0     [000]  1428.724485: sched_switch:          prev_comm=swapper/0 prev_pid=0 prev_prio=120 prev_state=0 next_comm=kschedfreq:0 next_pid=1197 next_prio=49
          <idle>-0     [002]  1428.724493: sched_switch:          prev_comm=swapper/2 prev_pid=0 prev_prio=120 prev_state=0 next_comm=rcu_preempt next_pid=7 next_prio=120
    kschedfreq:0-1197  [000]  1428.724495: sched_switch:          prev_comm=kschedfreq:0 prev_pid=1197 prev_prio=49 prev_state=2 next_comm=swapper/0 next_pid=0 next_prio=120
     rcu_preempt-7     [002]  1428.724507: sched_switch:          prev_comm=rcu_preempt prev_pid=7 prev_prio=120 prev_state=1 next_comm=swapper/2 next_pid=0 next_prio=120
            init-1     [004]  1428.728137: sched_switch:          prev_comm=init prev_pid=1 prev_prio=120 prev_state=1 next_comm=swapper/4 next_pid=0 next_prio=120
          <idle>-0     [003]  1428.728751: sched_switch:          prev_comm=swapper/3 prev_pid=0 prev_prio=120 prev_state=0 next_comm=logd.klogd next_pid=1946 next_prio=130
      logd.klogd-1946  [003]  1428.728801: sched_switch:          prev_comm=logd.klogd prev_pid=1946 prev_prio=130 prev_state=1 next_comm=swapper/3 next_pid=0 next_prio=120
          <idle>-0     [000]  1428.728966: sched_switch:          prev_comm=swapper/0 prev_pid=0 prev_prio=120 prev_state=0 next_comm=kschedfreq:0 next_pid=1197 next_prio=49
    kschedfreq:0-1197  [000]  1428.728984: sched_switch:          prev_comm=kschedfreq:0 prev_pid=1197 prev_prio=49 prev_state=2 next_comm=swapper/0 next_pid=0 next_prio=120
          <idle>-0     [002]  1428.732478: sched_switch:          prev_comm=swapper/2 prev_pid=0 prev_prio=120 prev_state=0 next_comm=rcu_preempt next_pid=7 next_prio=120
     rcu_preempt-7     [002]  1428.732498: sched_switch:          prev_comm=rcu_preempt prev_pid=7 prev_prio=120 prev_state=1 next_comm=swapper/2 next_pid=0 next_prio=120
          <idle>-0     [003]  1428.732713: sched_switch:          prev_comm=swapper/3 prev_pid=0 prev_prio=120 prev_state=0 next_comm=<-transport next_pid=3032 next_prio=120
          <idle>-0     [000]  1428.732718: sched_switch:          prev_comm=swapper/0 prev_pid=0 prev_prio=120 prev_state=0 next_comm=kschedfreq:0 next_pid=1197 next_prio=49
    kschedfreq:0-1197  [000]  1428.732731: sched_switch:          prev_comm=kschedfreq:0 prev_pid=1197 prev_prio=49 prev_state=2 next_comm=swapper/0 next_pid=0 next_prio=120
     <-transport-3032  [003]  1428.732736: sched_switch:          prev_comm=<-transport prev_pid=3032 prev_prio=120 prev_state=1 next_comm=swapper/3 next_pid=0 next_prio=120
          <idle>-0     [003]  1428.736745: sched_switch:          prev_comm=swapper/3 prev_pid=0 prev_prio=120 prev_state=0 next_comm=<-transport next_pid=3032 next_prio=120
          <idle>-0     [002]  1428.736748: sched_switch:          prev_comm=swapper/2 prev_pid=0 prev_prio=120 prev_state=0 next_comm=rcu_preempt next_pid=7 next_prio=120
          <idle>-0     [000]  1428.736750: sched_switch:          prev_comm=swapper/0 prev_pid=0 prev_prio=120 prev_state=0 next_comm=kschedfreq:0 next_pid=1197 next_prio=49
    kschedfreq:0-1197  [000]  1428.736762: sched_switch:          prev_comm=kschedfreq:0 prev_pid=1197 prev_prio=49 prev_state=2 next_comm=swapper/0 next_pid=0 next_prio=120
     rcu_preempt-7     [002]  1428.736764: sched_switch:          prev_comm=rcu_preempt prev_pid=7 prev_prio=120 prev_state=1 next_comm=swapper/2 next_pid=0 next_prio=120
     <-transport-3032  [003]  1428.736784: sched_switch:          prev_comm=<-transport prev_pid=3032 prev_prio=120 prev_state=1 next_comm=adbd next_pid=2051 next_prio=120
            adbd-2051  [003]  1428.737748: sched_switch:          prev_comm=adbd prev_pid=2051 prev_prio=120 prev_state=1 next_comm=->transport next_pid=3031 next_prio=120
     ->transport-3031  [003]  1428.737767: sched_switch:          prev_comm=->transport prev_pid=3031 prev_prio=120 prev_state=1 next_comm=swapper/3 next_pid=0 next_prio=120
          <idle>-0     [000]  1428.737819: sched_switch:          prev_comm=swapper/0 prev_pid=0 prev_prio=120 prev_state=0 next_comm=adbd next_pid=3426 next_prio=120
          <idle>-0     [003]  1428.738790: sched_switch:          prev_comm=swapper/3 prev_pid=0 prev_prio=120 prev_state=0 next_comm=adbd next_pid=2051 next_prio=120
            adbd-2051  [003]  1428.739307: sched_switch:          prev_comm=adbd prev_pid=2051 prev_prio=120 prev_state=1 next_comm=->transport next_pid=3031 next_prio=120
     ->transport-3031  [003]  1428.739380: sched_switch:          prev_comm=->transport prev_pid=3031 prev_prio=120 prev_state=1 next_comm=swapper/3 next_pid=0 next_prio=120
          <idle>-0     [003]  1428.739443: sched_switch:          prev_comm=swapper/3 prev_pid=0 prev_prio=120 prev_state=0 next_comm=->transport next_pid=3031 next_prio=120
     ->transport-3031  [003]  1428.739476: sched_switch:          prev_comm=->transport prev_pid=3031 prev_prio=120 prev_state=1 next_comm=swapper/3 next_pid=0 next_prio=120
          <idle>-0     [003]  1428.743505: sched_switch:          prev_comm=swapper/3 prev_pid=0 prev_prio=120 prev_state=0 next_comm=<-transport next_pid=3032 next_prio=120
     <-transport-3032  [003]  1428.743572: sched_switch:          prev_comm=<-transport prev_pid=3032 prev_prio=120 prev_state=1 next_comm=swapper/3 next_pid=0 next_prio=120
          <idle>-0     [002]  1428.744785: sched_switch:          prev_comm=swapper/2 prev_pid=0 prev_prio=120 prev_state=0 next_comm=rcu_preempt next_pid=7 next_prio=120
     rcu_preempt-7     [002]  1428.744827: sched_switch:          prev_comm=rcu_preempt prev_pid=7 prev_prio=120 prev_state=1 next_comm=swapper/2 next_pid=0 next_prio=120
          <idle>-0     [003]  1428.747319: sched_switch:          prev_comm=swapper/3 prev_pid=0 prev_prio=120 prev_state=0 next_comm=<-transport next_pid=3032 next_prio=120
     <-transport-3032  [003]  1428.747426: sched_switch:          prev_comm=<-transport prev_pid=3032 prev_prio=120 prev_state=1 next_comm=adbd next_pid=2051 next_prio=120
            adbd-2051  [003]  1428.747613: sched_switch:          prev_comm=adbd prev_pid=2051 prev_prio=120 prev_state=1 next_comm=->transport next_pid=3031 next_prio=120
     ->transport-3031  [003]  1428.747655: sched_switch:          prev_comm=->transport prev_pid=3031 prev_prio=120 prev_state=1 next_comm=swapper/3 next_pid=0 next_prio=120
          <idle>-0     [003]  1428.747701: sched_switch:          prev_comm=swapper/3 prev_pid=0 prev_prio=120 prev_state=0 next_comm=->transport next_pid=3031 next_prio=120
     ->transport-3031  [003]  1428.747723: sched_switch:          prev_comm=->transport prev_pid=3031 prev_prio=120 prev_state=1 next_comm=swapper/3 next_pid=0 next_prio=120
              sh-3426  [000]  1428.748094: sched_switch:          prev_comm=sh prev_pid=3426 prev_prio=120 prev_state=1 next_comm=sh next_pid=3428 next_prio=120
          <idle>-0     [002]  1428.748772: sched_switch:          prev_comm=swapper/2 prev_pid=0 prev_prio=120 prev_state=0 next_comm=rcu_preempt next_pid=7 next_prio=120
     rcu_preempt-7     [002]  1428.748801: sched_switch:          prev_comm=rcu_preempt prev_pid=7 prev_prio=120 prev_state=1 next_comm=swapper/2 next_pid=0 next_prio=120
          rt-app-3428  [000]  1428.750954: sched_switch:          prev_comm=rt-app prev_pid=3428 prev_prio=120 prev_state=1 next_comm=rt-app next_pid=3429 next_prio=120
       task_ramp-3429  [000]  1428.751123: sched_switch:          prev_comm=task_ramp prev_pid=3429 prev_prio=120 prev_state=2048 next_comm=migration/0 next_pid=10 next_prio=0
     migration/0-10    [000]  1428.751157: sched_switch:          prev_comm=migration/0 prev_pid=10 prev_prio=0 prev_state=1 next_comm=adbd next_pid=3427 next_prio=120
           shell-3427  [000]  1428.751295: sched_switch:          prev_comm=shell srvc 3426 prev_pid=3427 prev_prio=120 prev_state=2048 next_comm=adbd next_pid=2051 next_prio=120
          <idle>-0     [004]  1428.751377: sched_switch:          prev_comm=swapper/4 prev_pid=0 prev_prio=120 prev_state=0 next_comm=task_ramp next_pid=3429 next_prio=120
            adbd-2051  [000]  1428.751460: sched_switch:          prev_comm=adbd prev_pid=2051 prev_prio=120 prev_state=1 next_comm=->transport next_pid=3031 next_prio=120
     ->transport-3031  [000]  1428.751508: sched_switch:          prev_comm=->transport prev_pid=3031 prev_prio=120 prev_state=1 next_comm=shell srvc 3426 next_pid=3427 next_prio=120
           shell-3427  [000]  1428.751564: sched_switch:          prev_comm=shell srvc 3426 prev_pid=3427 prev_prio=120 prev_state=2048 next_comm=->transport next_pid=3031 next_prio=120
     ->transport-3031  [000]  1428.751580: sched_switch:          prev_comm=->transport prev_pid=3031 prev_prio=120 prev_state=1 next_comm=shell srvc 3426 next_pid=3427 next_prio=120
           shell-3427  [000]  1428.751614: sched_switch:          prev_comm=shell srvc 3426 prev_pid=3427 prev_prio=120 prev_state=1 next_comm=swapper/0 next_pid=0 next_prio=120
       task_ramp-3429  [004]  1428.752428: sched_switch:          prev_comm=task_ramp prev_pid=3429 prev_prio=120 prev_state=1 next_comm=swapper/4 next_pid=0 next_prio=120
          <idle>-0     [002]  1428.752739: sched_switch:          prev_comm=swapper/2 prev_pid=0 prev_prio=120 prev_state=0 next_comm=rcu_preempt next_pid=7 next_prio=120
     rcu_preempt-7     [002]  1428.752772: sched_switch:          prev_comm=rcu_preempt prev_pid=7 prev_prio=120 prev_state=1 next_comm=swapper/2 next_pid=0 next_prio=120
          <idle>-0     [000]  1428.753128: sched_switch:          prev_comm=swapper/0 prev_pid=0 prev_prio=120 prev_state=0 next_comm=->transport next_pid=3031 next_prio=120
     ->transport-3031  [000]  1428.753162: sched_switch:          prev_comm=->transport prev_pid=3031 prev_prio=120 prev_state=1 next_comm=swapper/0 next_pid=0 next_prio=120
          <idle>-0     [003]  1428.757494: sched_switch:          prev_comm=swapper/3 prev_pid=0 prev_prio=120 prev_state=0 next_comm=<-transport next_pid=3032 next_prio=120
     <-transport-3032  [003]  1428.757544: sched_switch:          prev_comm=<-transport prev_pid=3032 prev_prio=120 prev_state=1 next_comm=adbd next_pid=2051 next_prio=120
            adbd-2051  [003]  1428.757630: sched_switch:          prev_comm=adbd prev_pid=2051 prev_prio=120 prev_state=1 next_comm=->transport next_pid=3031 next_prio=120
     ->transport-3031  [003]  1428.757640: sched_switch:          prev_comm=->transport prev_pid=3031 prev_prio=120 prev_state=1 next_comm=swapper/3 next_pid=0 next_prio=120
          <idle>-0     [002]  1428.760755: sched_switch:          prev_comm=swapper/2 prev_pid=0 prev_prio=120 prev_state=0 next_comm=rcu_preempt next_pid=7 next_prio=120
     rcu_preempt-7     [002]  1428.760781: sched_switch:          prev_comm=rcu_preempt prev_pid=7 prev_prio=120 prev_state=1 next_comm=swapper/2 next_pid=0 next_prio=120
          <idle>-0     [004]  1428.761118: sched_switch:          prev_comm=swapper/4 prev_pid=0 prev_prio=120 prev_state=0 next_comm=kschedfreq:4 next_pid=1198 next_prio=49
    kschedfreq:4-1198  [004]  1428.761124: sched_switch:          prev_comm=kschedfreq:4 prev_pid=1198 prev_prio=49 prev_state=2 next_comm=task_ramp next_pid=3429 next_prio=120
       task_ramp-3429  [004]  1428.762177: sched_switch:          prev_comm=task_ramp prev_pid=3429 prev_prio=120 prev_state=1 next_comm=swapper/4 next_pid=0 next_prio=120
          <idle>-0     [002]  1428.764722: sched_switch:          prev_comm=swapper/2 prev_pid=0 prev_prio=120 prev_state=0 next_comm=rcu_preempt next_pid=7 next_prio=120
     rcu_preempt-7     [002]  1428.764741: sched_switch:          prev_comm=rcu_preempt prev_pid=7 prev_prio=120 prev_state=1 next_comm=swapper/2 next_pid=0 next_prio=120
          <idle>-0     [004]  1428.767061: sched_switch:          prev_comm=swapper/4 prev_pid=0 prev_prio=120 prev_state=0 next_comm=kschedfreq:4 next_pid=1198 next_prio=49
    kschedfreq:4-1198  [004]  1428.767081: cpu_frequency:         state=903000 cpu_id=4
    kschedfreq:4-1198  [004]  1428.767086: cpu_frequency:         state=903000 cpu_id=5
    kschedfreq:4-1198  [004]  1428.767091: cpu_frequency:         state=903000 cpu_id=6
    kschedfreq:4-1198  [004]  1428.767093: cpu_frequency:         state=903000 cpu_id=7
    kschedfreq:4-1198  [004]  1428.767101: sched_switch:          prev_comm=kschedfreq:4 prev_pid=1198 prev_prio=49 prev_state=1 next_comm=swapper/4 next_pid=0 next_prio=120
          <idle>-0     [004]  1428.771122: sched_switch:          prev_comm=swapper/4 prev_pid=0 prev_prio=120 prev_state=0 next_comm=task_ramp next_pid=3429 next_prio=120
       task_ramp-3429  [004]  1428.772161: sched_switch:          prev_comm=task_ramp prev_pid=3429 prev_prio=120 prev_state=1 next_comm=swapper/4 next_pid=0 next_prio=120
          <idle>-0     [000]  1428.772900: sched_switch:          prev_comm=swapper/0 prev_pid=0 prev_prio=120 prev_state=0 next_comm=kschedfreq:0 next_pid=1197 next_prio=49
    kschedfreq:0-1197  [000]  1428.772931: cpu_frequency:         state=533000 cpu_id=0
    kschedfreq:0-1197  [000]  1428.772944: cpu_frequency:         state=533000 cpu_id=1
    kschedfreq:0-1197  [000]  1428.772946: cpu_frequency:         state=533000 cpu_id=2
    kschedfreq:0-1197  [000]  1428.772949: cpu_frequency:         state=533000 cpu_id=3
    kschedfreq:0-1197  [000]  1428.772966: sched_switch:          prev_comm=kschedfreq:0 prev_pid=1197 prev_prio=49 prev_state=1 next_comm=swapper/0 next_pid=0 next_prio=120
          <idle>-0     [000]  1428.772973: sched_switch:          prev_comm=swapper/0 prev_pid=0 prev_prio=120 prev_state=0 next_comm=kschedfreq:0 next_pid=1197 next_prio=49
    kschedfreq:0-1197  [000]  1428.772982: sched_switch:          prev_comm=kschedfreq:0 prev_pid=1197 prev_prio=49 prev_state=2 next_comm=swapper/0 next_pid=0 next_prio=120
          <idle>-0     [000]  1428.773362: sched_switch:          prev_comm=swapper/0 prev_pid=0 prev_prio=120 prev_state=0 next_comm=kschedfreq:0 next_pid=1197 next_prio=49
    kschedfreq:0-1197  [000]  1428.773380: cpu_frequency:         state=999000 cpu_id=0
    kschedfreq:0-1197  [000]  1428.773386: cpu_frequency:         state=999000 cpu_id=1
    kschedfreq:0-1197  [000]  1428.773391: cpu_frequency:         state=999000 cpu_id=2
    kschedfreq:0-1197  [000]  1428.773393: cpu_frequency:         state=999000 cpu_id=3
    kschedfreq:0-1197  [000]  1428.773404: sched_switch:          prev_comm=kschedfreq:0 prev_pid=1197 prev_prio=49 prev_state=1 next_comm=swapper/0 next_pid=0 next_prio=120
          <idle>-0     [004]  1428.781362: sched_switch:          prev_comm=swapper/4 prev_pid=0 prev_prio=120 prev_state=0 next_comm=task_ramp next_pid=3429 next_prio=120
       task_ramp-3429  [004]  1428.782406: sched_switch:          prev_comm=task_ramp prev_pid=3429 prev_prio=120 prev_state=1 next_comm=swapper/4 next_pid=0 next_prio=120
          <idle>-0     [004]  1428.791341: sched_switch:          prev_comm=swapper/4 prev_pid=0 prev_prio=120 prev_state=0 next_comm=task_ramp next_pid=3429 next_prio=120
       task_ramp-3429  [004]  1428.792384: sched_switch:          prev_comm=task_ramp prev_pid=3429 prev_prio=120 prev_state=1 next_comm=swapper/4 next_pid=0 next_prio=120
          <idle>-0     [004]  1428.801351: sched_switch:          prev_comm=swapper/4 prev_pid=0 prev_prio=120 prev_state=0 next_comm=task_ramp next_pid=3429 next_prio=120
       task_ramp-3429  [004]  1428.802394: sched_switch:          prev_comm=task_ramp prev_pid=3429 prev_prio=120 prev_state=1 next_comm=swapper/4 next_pid=0 next_prio=120
          <idle>-0     [004]  1428.811332: sched_switch:          prev_comm=swapper/4 prev_pid=0 prev_prio=120 prev_state=0 next_comm=task_ramp next_pid=3429 next_prio=120
       task_ramp-3429  [004]  1428.812375: sched_switch:          prev_comm=task_ramp prev_pid=3429 prev_prio=120 prev_state=1 next_comm=swapper/4 next_pid=0 next_prio=120
          <idle>-0     [004]  1428.821342: sched_switch:          prev_comm=swapper/4 prev_pid=0 prev_prio=120 prev_state=0 next_comm=task_ramp next_pid=3429 next_prio=120
       task_ramp-3429  [004]  1428.822386: sched_switch:          prev_comm=task_ramp prev_pid=3429 prev_prio=120 prev_state=1 next_comm=swapper/4 next_pid=0 next_prio=120
          <idle>-0     [004]  1428.831353: sched_switch:          prev_comm=swapper/4 prev_pid=0 prev_prio=120 prev_state=0 next_comm=task_ramp next_pid=3429 next_prio=120
       task_ramp-3429  [004]  1428.832396: sched_switch:          prev_comm=task_ramp prev_pid=3429 prev_prio=120 prev_state=1 next_comm=swapper/4 next_pid=0 next_prio=120
          <idle>-0     [004]  1428.841332: sched_switch:          prev_comm=swapper/4 prev_pid=0 prev_prio=120 prev_state=0 next_comm=task_ramp next_pid=3429 next_prio=120
       task_ramp-3429  [004]  1428.842375: sched_switch:          prev_comm=task_ramp prev_pid=3429 prev_prio=120 prev_state=1 next_comm=swapper/4 next_pid=0 next_prio=120
          <idle>-0     [004]  1428.851345: sched_switch:          prev_comm=swapper/4 prev_pid=0 prev_prio=120 prev_state=0 next_comm=task_ramp next_pid=3429 next_prio=120
       task_ramp-3429  [004]  1428.852388: sched_switch:          prev_comm=task_ramp prev_pid=3429 prev_prio=120 prev_state=1 next_comm=swapper/4 next_pid=0 next_prio=120
          <idle>-0     [004]  1428.861354: sched_switch:          prev_comm=swapper/4 prev_pid=0 prev_prio=120 prev_state=0 next_comm=task_ramp next_pid=3429 next_prio=120
       task_ramp-3429  [004]  1428.862398: sched_switch:          prev_comm=task_ramp prev_pid=3429 prev_prio=120 prev_state=1 next_comm=swapper/4 next_pid=0 next_prio=120
          <idle>-0     [004]  1428.871336: sched_switch:          prev_comm=swapper/4 prev_pid=0 prev_prio=120 prev_state=0 next_comm=task_ramp next_pid=3429 next_prio=120
       task_ramp-3429  [004]  1428.872379: sched_switch:          prev_comm=task_ramp prev_pid=3429 prev_prio=120 prev_state=1 next_comm=swapper/4 next_pid=0 next_prio=120
          <idle>-0     [004]  1428.881346: sched_switch:          prev_comm=swapper/4 prev_pid=0 prev_prio=120 prev_state=0 next_comm=task_ramp next_pid=3429 next_prio=120
       task_ramp-3429  [004]  1428.882389: sched_switch:          prev_comm=task_ramp prev_pid=3429 prev_prio=120 prev_state=1 next_comm=swapper/4 next_pid=0 next_prio=120
          <idle>-0     [004]  1428.891356: sched_switch:          prev_comm=swapper/4 prev_pid=0 prev_prio=120 prev_state=0 next_comm=task_ramp next_pid=3429 next_prio=120
       task_ramp-3429  [004]  1428.892399: sched_switch:          prev_comm=task_ramp prev_pid=3429 prev_prio=120 prev_state=1 next_comm=swapper/4 next_pid=0 next_prio=120
          <idle>-0     [004]  1428.901337: sched_switch:          prev_comm=swapper/4 prev_pid=0 prev_prio=120 prev_state=0 next_comm=task_ramp next_pid=3429 next_prio=120
       task_ramp-3429  [004]  1428.902380: sched_switch:          prev_comm=task_ramp prev_pid=3429 prev_prio=120 prev_state=1 next_comm=swapper/4 next_pid=0 next_prio=120
          <idle>-0     [004]  1428.911349: sched_switch:          prev_comm=swapper/4 prev_pid=0 prev_prio=120 prev_state=0 next_comm=task_ramp next_pid=3429 next_prio=120
       task_ramp-3429  [004]  1428.912392: sched_switch:          prev_comm=task_ramp prev_pid=3429 prev_prio=120 prev_state=1 next_comm=swapper/4 next_pid=0 next_prio=120
          <idle>-0     [004]  1428.921329: sched_switch:          prev_comm=swapper/4 prev_pid=0 prev_prio=120 prev_state=0 next_comm=task_ramp next_pid=3429 next_prio=120
       task_ramp-3429  [004]  1428.922373: sched_switch:          prev_comm=task_ramp prev_pid=3429 prev_prio=120 prev_state=1 next_comm=swapper/4 next_pid=0 next_prio=120
          <idle>-0     [004]  1428.931341: sched_switch:          prev_comm=swapper/4 prev_pid=0 prev_prio=120 prev_state=0 next_comm=task_ramp next_pid=3429 next_prio=120
       task_ramp-3429  [004]  1428.932384: sched_switch:          prev_comm=task_ramp prev_pid=3429 prev_prio=120 prev_state=1 next_comm=swapper/4 next_pid=0 next_prio=120
          <idle>-0     [004]  1428.941350: sched_switch:          prev_comm=swapper/4 prev_pid=0 prev_prio=120 prev_state=0 next_comm=task_ramp next_pid=3429 next_prio=120
       task_ramp-3429  [004]  1428.942394: sched_switch:          prev_comm=task_ramp prev_pid=3429 prev_prio=120 prev_state=1 next_comm=swapper/4 next_pid=0 next_prio=120
          <idle>-0     [004]  1428.951331: sched_switch:          prev_comm=swapper/4 prev_pid=0 prev_prio=120 prev_state=0 next_comm=task_ramp next_pid=3429 next_prio=120
       task_ramp-3429  [004]  1428.952374: sched_switch:          prev_comm=task_ramp prev_pid=3429 prev_prio=120 prev_state=1 next_comm=swapper/4 next_pid=0 next_prio=120
          <idle>-0     [004]  1428.961340: sched_switch:          prev_comm=swapper/4 prev_pid=0 prev_prio=120 prev_state=0 next_comm=task_ramp next_pid=3429 next_prio=120
       task_ramp-3429  [004]  1428.962383: sched_switch:          prev_comm=task_ramp prev_pid=3429 prev_prio=120 prev_state=1 next_comm=swapper/4 next_pid=0 next_prio=120
          <idle>-0     [004]  1428.971351: sched_switch:          prev_comm=swapper/4 prev_pid=0 prev_prio=120 prev_state=0 next_comm=task_ramp next_pid=3429 next_prio=120
       task_ramp-3429  [004]  1428.972395: sched_switch:          prev_comm=task_ramp prev_pid=3429 prev_prio=120 prev_state=1 next_comm=swapper/4 next_pid=0 next_prio=120
          <idle>-0     [004]  1428.981332: sched_switch:          prev_comm=swapper/4 prev_pid=0 prev_prio=120 prev_state=0 next_comm=task_ramp next_pid=3429 next_prio=120
       task_ramp-3429  [004]  1428.982376: sched_switch:          prev_comm=task_ramp prev_pid=3429 prev_prio=120 prev_state=1 next_comm=swapper/4 next_pid=0 next_prio=120
          <idle>-0     [004]  1428.991342: sched_switch:          prev_comm=swapper/4 prev_pid=0 prev_prio=120 prev_state=0 next_comm=task_ramp next_pid=3429 next_prio=120
       task_ramp-3429  [004]  1428.992385: sched_switch:          prev_comm=task_ramp prev_pid=3429 prev_prio=120 prev_state=1 next_comm=swapper/4 next_pid=0 next_prio=120
          <idle>-0     [004]  1429.001353: sched_switch:          prev_comm=swapper/4 prev_pid=0 prev_prio=120 prev_state=0 next_comm=task_ramp next_pid=3429 next_prio=120
       task_ramp-3429  [004]  1429.002397: sched_switch:          prev_comm=task_ramp prev_pid=3429 prev_prio=120 prev_state=1 next_comm=swapper/4 next_pid=0 next_prio=120
          <idle>-0     [004]  1429.011334: sched_switch:          prev_comm=swapper/4 prev_pid=0 prev_prio=120 prev_state=0 next_comm=task_ramp next_pid=3429 next_prio=120
       task_ramp-3429  [004]  1429.012377: sched_switch:          prev_comm=task_ramp prev_pid=3429 prev_prio=120 prev_state=1 next_comm=swapper/4 next_pid=0 next_prio=120
          <idle>-0     [004]  1429.021345: sched_switch:          prev_comm=swapper/4 prev_pid=0 prev_prio=120 prev_state=0 next_comm=task_ramp next_pid=3429 next_prio=120
       task_ramp-3429  [004]  1429.022388: sched_switch:          prev_comm=task_ramp prev_pid=3429 prev_prio=120 prev_state=1 next_comm=swapper/4 next_pid=0 next_prio=120
          <idle>-0     [004]  1429.031354: sched_switch:          prev_comm=swapper/4 prev_pid=0 prev_prio=120 prev_state=0 next_comm=task_ramp next_pid=3429 next_prio=120
       task_ramp-3429  [004]  1429.032397: sched_switch:          prev_comm=task_ramp prev_pid=3429 prev_prio=120 prev_state=1 next_comm=swapper/4 next_pid=0 next_prio=120
          <idle>-0     [004]  1429.041336: sched_switch:          prev_comm=swapper/4 prev_pid=0 prev_prio=120 prev_state=0 next_comm=task_ramp next_pid=3429 next_prio=120
       task_ramp-3429  [004]  1429.042379: sched_switch:          prev_comm=task_ramp prev_pid=3429 prev_prio=120 prev_state=1 next_comm=swapper/4 next_pid=0 next_prio=120
          <idle>-0     [004]  1429.051349: sched_switch:          prev_comm=swapper/4 prev_pid=0 prev_prio=120 prev_state=0 next_comm=task_ramp next_pid=3429 next_prio=120
       task_ramp-3429  [004]  1429.052393: sched_switch:          prev_comm=task_ramp prev_pid=3429 prev_prio=120 prev_state=1 next_comm=swapper/4 next_pid=0 next_prio=120
